Archive member included to satisfy reference by file (symbol)

/Users/dmitry/STM32/gcc-arm-none-eabi-9-2019-q4-major/bin/../lib/gcc/arm-none-eabi/9.2.1/thumb/v7e-m+fp/softfp/libgcc.a(_arm_muldf3.o)
                              CMakeFiles/anal_mic_rel.dir/Src/stm32f4xx_it.c.obj (__aeabi_dmul)
/Users/dmitry/STM32/gcc-arm-none-eabi-9-2019-q4-major/bin/../lib/gcc/arm-none-eabi/9.2.1/thumb/v7e-m+fp/softfp/libgcc.a(_arm_addsubdf3.o)
                              CMakeFiles/anal_mic_rel.dir/Src/main.c.obj (__aeabi_f2d)
/Users/dmitry/STM32/gcc-arm-none-eabi-9-2019-q4-major/bin/../lib/gcc/arm-none-eabi/9.2.1/thumb/v7e-m+fp/softfp/libgcc.a(_arm_truncdfsf2.o)
                              CMakeFiles/anal_mic_rel.dir/Src/stm32f4xx_it.c.obj (__aeabi_d2f)
/Users/dmitry/STM32/gcc-arm-none-eabi-9-2019-q4-major/bin/../lib/gcc/arm-none-eabi/9.2.1/thumb/v7e-m+fp/softfp/libgcc.a(_aeabi_uldivmod.o)
                              CMakeFiles/anal_mic_rel.dir/Users/dmitry/STM32Cube/Repository/STM32Cube_FW_F4_V1.25.0/Drivers/STM32F4xx_HAL_Driver/Src/stm32f4xx_hal_rcc.c.obj (__aeabi_uldivmod)
/Users/dmitry/STM32/gcc-arm-none-eabi-9-2019-q4-major/bin/../lib/gcc/arm-none-eabi/9.2.1/thumb/v7e-m+fp/softfp/libgcc.a(_udivmoddi4.o)
                              /Users/dmitry/STM32/gcc-arm-none-eabi-9-2019-q4-major/bin/../lib/gcc/arm-none-eabi/9.2.1/thumb/v7e-m+fp/softfp/libgcc.a(_aeabi_uldivmod.o) (__udivmoddi4)
/Users/dmitry/STM32/gcc-arm-none-eabi-9-2019-q4-major/bin/../lib/gcc/arm-none-eabi/9.2.1/thumb/v7e-m+fp/softfp/libgcc.a(_dvmd_tls.o)
                              /Users/dmitry/STM32/gcc-arm-none-eabi-9-2019-q4-major/bin/../lib/gcc/arm-none-eabi/9.2.1/thumb/v7e-m+fp/softfp/libgcc.a(_aeabi_uldivmod.o) (__aeabi_ldiv0)
/Users/dmitry/STM32/gcc-arm-none-eabi-9-2019-q4-major/bin/../lib/gcc/arm-none-eabi/9.2.1/../../../../arm-none-eabi/lib/thumb/v7e-m+fp/softfp/libg.a(lib_a-exit.o)
                              /Users/dmitry/STM32/gcc-arm-none-eabi-9-2019-q4-major/bin/../lib/gcc/arm-none-eabi/9.2.1/../../../../arm-none-eabi/lib/thumb/v7e-m+fp/softfp/crt0.o (exit)
/Users/dmitry/STM32/gcc-arm-none-eabi-9-2019-q4-major/bin/../lib/gcc/arm-none-eabi/9.2.1/../../../../arm-none-eabi/lib/thumb/v7e-m+fp/softfp/libg.a(lib_a-impure.o)
                              /Users/dmitry/STM32/gcc-arm-none-eabi-9-2019-q4-major/bin/../lib/gcc/arm-none-eabi/9.2.1/../../../../arm-none-eabi/lib/thumb/v7e-m+fp/softfp/libg.a(lib_a-exit.o) (_global_impure_ptr)
/Users/dmitry/STM32/gcc-arm-none-eabi-9-2019-q4-major/bin/../lib/gcc/arm-none-eabi/9.2.1/../../../../arm-none-eabi/lib/thumb/v7e-m+fp/softfp/libg.a(lib_a-init.o)
                              /Users/dmitry/STM32/gcc-arm-none-eabi-9-2019-q4-major/bin/../lib/gcc/arm-none-eabi/9.2.1/../../../../arm-none-eabi/lib/thumb/v7e-m+fp/softfp/crt0.o (__libc_init_array)
/Users/dmitry/STM32/gcc-arm-none-eabi-9-2019-q4-major/bin/../lib/gcc/arm-none-eabi/9.2.1/../../../../arm-none-eabi/lib/thumb/v7e-m+fp/softfp/libg.a(lib_a-memset.o)
                              /Users/dmitry/STM32/gcc-arm-none-eabi-9-2019-q4-major/bin/../lib/gcc/arm-none-eabi/9.2.1/../../../../arm-none-eabi/lib/thumb/v7e-m+fp/softfp/crt0.o (memset)
/Users/dmitry/STM32/gcc-arm-none-eabi-9-2019-q4-major/bin/../lib/gcc/arm-none-eabi/9.2.1/../../../../arm-none-eabi/lib/thumb/v7e-m+fp/softfp/libg.a(lib_a-sprintf.o)
                              CMakeFiles/anal_mic_rel.dir/Src/main.c.obj (sprintf)
/Users/dmitry/STM32/gcc-arm-none-eabi-9-2019-q4-major/bin/../lib/gcc/arm-none-eabi/9.2.1/../../../../arm-none-eabi/lib/thumb/v7e-m+fp/softfp/libg.a(lib_a-svfprintf.o)
                              /Users/dmitry/STM32/gcc-arm-none-eabi-9-2019-q4-major/bin/../lib/gcc/arm-none-eabi/9.2.1/../../../../arm-none-eabi/lib/thumb/v7e-m+fp/softfp/libg.a(lib_a-sprintf.o) (_svfprintf_r)
/Users/dmitry/STM32/gcc-arm-none-eabi-9-2019-q4-major/bin/../lib/gcc/arm-none-eabi/9.2.1/../../../../arm-none-eabi/lib/thumb/v7e-m+fp/softfp/libg.a(lib_a-__call_atexit.o)
                              /Users/dmitry/STM32/gcc-arm-none-eabi-9-2019-q4-major/bin/../lib/gcc/arm-none-eabi/9.2.1/../../../../arm-none-eabi/lib/thumb/v7e-m+fp/softfp/libg.a(lib_a-exit.o) (__call_exitprocs)
/Users/dmitry/STM32/gcc-arm-none-eabi-9-2019-q4-major/bin/../lib/gcc/arm-none-eabi/9.2.1/../../../../arm-none-eabi/lib/thumb/v7e-m+fp/softfp/libg.a(lib_a-atexit.o)
                              /Users/dmitry/STM32/gcc-arm-none-eabi-9-2019-q4-major/bin/../lib/gcc/arm-none-eabi/9.2.1/../../../../arm-none-eabi/lib/thumb/v7e-m+fp/softfp/libg.a(lib_a-__call_atexit.o) (atexit)
/Users/dmitry/STM32/gcc-arm-none-eabi-9-2019-q4-major/bin/../lib/gcc/arm-none-eabi/9.2.1/../../../../arm-none-eabi/lib/thumb/v7e-m+fp/softfp/libg.a(lib_a-dtoa.o)
                              /Users/dmitry/STM32/gcc-arm-none-eabi-9-2019-q4-major/bin/../lib/gcc/arm-none-eabi/9.2.1/../../../../arm-none-eabi/lib/thumb/v7e-m+fp/softfp/libg.a(lib_a-svfprintf.o) (_dtoa_r)
[...]
Memory Configuration

Name             Origin             Length             Attributes
FLASH            0x0000000008000000 0x0000000000080000 xr
RAM              0x0000000020000000 0x0000000000018000 xrw
CCMRAM           0x0000000010000000 0x0000000000010000 rw
*default*        0x0000000000000000 0xffffffffffffffff

Linker script and memory map

LOAD /Users/dmitry/STM32/gcc-arm-none-eabi-9-2019-q4-major/bin/../lib/gcc/arm-none-eabi/9.2.1/thumb/v7e-m+fp/softfp/crtfastmath.o
LOAD /Users/dmitry/STM32/gcc-arm-none-eabi-9-2019-q4-major/bin/../lib/gcc/arm-none-eabi/9.2.1/thumb/v7e-m+fp/softfp/crti.o
LOAD /Users/dmitry/STM32/gcc-arm-none-eabi-9-2019-q4-major/bin/../lib/gcc/arm-none-eabi/9.2.1/thumb/v7e-m+fp/softfp/crtbegin.o
LOAD /Users/dmitry/STM32/gcc-arm-none-eabi-9-2019-q4-major/bin/../lib/gcc/arm-none-eabi/9.2.1/../../../../arm-none-eabi/lib/thumb/v7e-m+fp/softfp/crt0.o
LOAD CMakeFiles/anal_mic_rel.dir/Src/adc.c.obj
LOAD CMakeFiles/anal_mic_rel.dir/Src/gpio.c.obj
LOAD CMakeFiles/anal_mic_rel.dir/Src/main.c.obj
LOAD CMakeFiles/anal_mic_rel.dir/Src/mic_direction.c.obj
LOAD CMakeFiles/anal_mic_rel.dir/Src/stm32f4xx_hal_msp.c.obj
LOAD CMakeFiles/anal_mic_rel.dir/Src/stm32f4xx_it.c.obj
LOAD CMakeFiles/anal_mic_rel.dir/Src/tim.c.obj
LOAD CMakeFiles/anal_mic_rel.dir/Src/usart.c.obj
LOAD CMakeFiles/anal_mic_rel.dir/Users/dmitry/STM32Cube/Repository/STM32Cube_FW_F4_V1.25.0/Drivers/CMSIS/Device/ST/STM32F4xx/Source/Templates/system_stm32f4xx.c.obj
LOAD CMakeFiles/anal_mic_rel.dir/Users/dmitry/STM32Cube/Repository/STM32Cube_FW_F4_V1.25.0/Drivers/CMSIS/Device/ST/STM32F4xx/Source/Templates/gcc/startup_stm32f401xe.s.obj
LOAD CMakeFiles/anal_mic_rel.dir/Users/dmitry/STM32Cube/Repository/STM32Cube_FW_F4_V1.25.0/Drivers/STM32F4xx_HAL_Driver/Src/stm32f4xx_hal.c.obj
LOAD CMakeFiles/anal_mic_rel.dir/Users/dmitry/STM32Cube/Repository/STM32Cube_FW_F4_V1.25.0/Drivers/STM32F4xx_HAL_Driver/Src/stm32f4xx_hal_adc.c.obj
LOAD CMakeFiles/anal_mic_rel.dir/Users/dmitry/STM32Cube/Repository/STM32Cube_FW_F4_V1.25.0/Drivers/STM32F4xx_HAL_Driver/Src/stm32f4xx_hal_adc_ex.c.obj
LOAD CMakeFiles/anal_mic_rel.dir/Users/dmitry/STM32Cube/Repository/STM32Cube_FW_F4_V1.25.0/Drivers/STM32F4xx_HAL_Driver/Src/stm32f4xx_hal_can.c.obj
LOAD CMakeFiles/anal_mic_rel.dir/Users/dmitry/STM32Cube/Repository/STM32Cube_FW_F4_V1.25.0/Drivers/STM32F4xx_HAL_Driver/Src/stm32f4xx_hal_cec.c.obj
LOAD CMakeFiles/anal_mic_rel.dir/Users/dmitry/STM32Cube/Repository/STM32Cube_FW_F4_V1.25.0/Drivers/STM32F4xx_HAL_Driver/Src/stm32f4xx_hal_cortex.c.obj
LOAD CMakeFiles/anal_mic_rel.dir/Users/dmitry/STM32Cube/Repository/STM32Cube_FW_F4_V1.25.0/Drivers/STM32F4xx_HAL_Driver/Src/stm32f4xx_hal_crc.c.obj
LOAD CMakeFiles/anal_mic_rel.dir/Users/dmitry/STM32Cube/Repository/STM32Cube_FW_F4_V1.25.0/Drivers/STM32F4xx_HAL_Driver/Src/stm32f4xx_hal_cryp.c.obj
LOAD CMakeFiles/anal_mic_rel.dir/Users/dmitry/STM32Cube/Repository/STM32Cube_FW_F4_V1.25.0/Drivers/STM32F4xx_HAL_Driver/Src/stm32f4xx_hal_cryp_ex.c.obj
LOAD CMakeFiles/anal_mic_rel.dir/Users/dmitry/STM32Cube/Repository/STM32Cube_FW_F4_V1.25.0/Drivers/STM32F4xx_HAL_Driver/Src/stm32f4xx_hal_dac.c.obj
LOAD CMakeFiles/anal_mic_rel.dir/Users/dmitry/STM32Cube/Repository/STM32Cube_FW_F4_V1.25.0/Drivers/STM32F4xx_HAL_Driver/Src/stm32f4xx_hal_dac_ex.c.obj
LOAD CMakeFiles/anal_mic_rel.dir/Users/dmitry/STM32Cube/Repository/STM32Cube_FW_F4_V1.25.0/Drivers/STM32F4xx_HAL_Driver/Src/stm32f4xx_hal_dcmi.c.obj
LOAD CMakeFiles/anal_mic_rel.dir/Users/dmitry/STM32Cube/Repository/STM32Cube_FW_F4_V1.25.0/Drivers/STM32F4xx_HAL_Driver/Src/stm32f4xx_hal_dcmi_ex.c.obj
LOAD CMakeFiles/anal_mic_rel.dir/Users/dmitry/STM32Cube/Repository/STM32Cube_FW_F4_V1.25.0/Drivers/STM32F4xx_HAL_Driver/Src/stm32f4xx_hal_dma.c.obj
LOAD CMakeFiles/anal_mic_rel.dir/Users/dmitry/STM32Cube/Repository/STM32Cube_FW_F4_V1.25.0/Drivers/STM32F4xx_HAL_Driver/Src/stm32f4xx_hal_dma_ex.c.obj
LOAD CMakeFiles/anal_mic_rel.dir/Users/dmitry/STM32Cube/Repository/STM32Cube_FW_F4_V1.25.0/Drivers/STM32F4xx_HAL_Driver/Src/stm32f4xx_hal_dma2d.c.obj
LOAD CMakeFiles/anal_mic_rel.dir/Users/dmitry/STM32Cube/Repository/STM32Cube_FW_F4_V1.25.0/Drivers/STM32F4xx_HAL_Driver/Src/stm32f4xx_hal_eth.c.obj
LOAD CMakeFiles/anal_mic_rel.dir/Users/dmitry/STM32Cube/Repository/STM32Cube_FW_F4_V1.25.0/Drivers/STM32F4xx_HAL_Driver/Src/stm32f4xx_hal_flash.c.obj
LOAD CMakeFiles/anal_mic_rel.dir/Users/dmitry/STM32Cube/Repository/STM32Cube_FW_F4_V1.25.0/Drivers/STM32F4xx_HAL_Driver/Src/stm32f4xx_hal_flash_ex.c.obj
LOAD CMakeFiles/anal_mic_rel.dir/Users/dmitry/STM32Cube/Repository/STM32Cube_FW_F4_V1.25.0/Drivers/STM32F4xx_HAL_Driver/Src/stm32f4xx_hal_flash_ramfunc.c.obj
LOAD CMakeFiles/anal_mic_rel.dir/Users/dmitry/STM32Cube/Repository/STM32Cube_FW_F4_V1.25.0/Drivers/STM32F4xx_HAL_Driver/Src/stm32f4xx_hal_fmpi2c.c.obj
LOAD CMakeFiles/anal_mic_rel.dir/Users/dmitry/STM32Cube/Repository/STM32Cube_FW_F4_V1.25.0/Drivers/STM32F4xx_HAL_Driver/Src/stm32f4xx_hal_fmpi2c_ex.c.obj
LOAD CMakeFiles/anal_mic_rel.dir/Users/dmitry/STM32Cube/Repository/STM32Cube_FW_F4_V1.25.0/Drivers/STM32F4xx_HAL_Driver/Src/stm32f4xx_hal_gpio.c.obj
LOAD CMakeFiles/anal_mic_rel.dir/Users/dmitry/STM32Cube/Repository/STM32Cube_FW_F4_V1.25.0/Drivers/STM32F4xx_HAL_Driver/Src/stm32f4xx_hal_hash.c.obj
LOAD CMakeFiles/anal_mic_rel.dir/Users/dmitry/STM32Cube/Repository/STM32Cube_FW_F4_V1.25.0/Drivers/STM32F4xx_HAL_Driver/Src/stm32f4xx_hal_hash_ex.c.obj
LOAD CMakeFiles/anal_mic_rel.dir/Users/dmitry/STM32Cube/Repository/STM32Cube_FW_F4_V1.25.0/Drivers/STM32F4xx_HAL_Driver/Src/stm32f4xx_hal_hcd.c.obj
LOAD CMakeFiles/anal_mic_rel.dir/Users/dmitry/STM32Cube/Repository/STM32Cube_FW_F4_V1.25.0/Drivers/STM32F4xx_HAL_Driver/Src/stm32f4xx_hal_i2c.c.obj
LOAD CMakeFiles/anal_mic_rel.dir/Users/dmitry/STM32Cube/Repository/STM32Cube_FW_F4_V1.25.0/Drivers/STM32F4xx_HAL_Driver/Src/stm32f4xx_hal_i2c_ex.c.obj
LOAD CMakeFiles/anal_mic_rel.dir/Users/dmitry/STM32Cube/Repository/STM32Cube_FW_F4_V1.25.0/Drivers/STM32F4xx_HAL_Driver/Src/stm32f4xx_hal_i2s.c.obj
LOAD CMakeFiles/anal_mic_rel.dir/Users/dmitry/STM32Cube/Repository/STM32Cube_FW_F4_V1.25.0/Drivers/STM32F4xx_HAL_Driver/Src/stm32f4xx_hal_i2s_ex.c.obj
LOAD CMakeFiles/anal_mic_rel.dir/Users/dmitry/STM32Cube/Repository/STM32Cube_FW_F4_V1.25.0/Drivers/STM32F4xx_HAL_Driver/Src/stm32f4xx_hal_irda.c.obj
LOAD CMakeFiles/anal_mic_rel.dir/Users/dmitry/STM32Cube/Repository/STM32Cube_FW_F4_V1.25.0/Drivers/STM32F4xx_HAL_Driver/Src/stm32f4xx_hal_iwdg.c.obj
LOAD CMakeFiles/anal_mic_rel.dir/Users/dmitry/STM32Cube/Repository/STM32Cube_FW_F4_V1.25.0/Drivers/STM32F4xx_HAL_Driver/Src/stm32f4xx_hal_ltdc.c.obj
LOAD CMakeFiles/anal_mic_rel.dir/Users/dmitry/STM32Cube/Repository/STM32Cube_FW_F4_V1.25.0/Drivers/STM32F4xx_HAL_Driver/Src/stm32f4xx_hal_nand.c.obj
LOAD CMakeFiles/anal_mic_rel.dir/Users/dmitry/STM32Cube/Repository/STM32Cube_FW_F4_V1.25.0/Drivers/STM32F4xx_HAL_Driver/Src/stm32f4xx_hal_nor.c.obj
LOAD CMakeFiles/anal_mic_rel.dir/Users/dmitry/STM32Cube/Repository/STM32Cube_FW_F4_V1.25.0/Drivers/STM32F4xx_HAL_Driver/Src/stm32f4xx_hal_pccard.c.obj
LOAD CMakeFiles/anal_mic_rel.dir/Users/dmitry/STM32Cube/Repository/STM32Cube_FW_F4_V1.25.0/Drivers/STM32F4xx_HAL_Driver/Src/stm32f4xx_hal_pcd.c.obj
LOAD CMakeFiles/anal_mic_rel.dir/Users/dmitry/STM32Cube/Repository/STM32Cube_FW_F4_V1.25.0/Drivers/STM32F4xx_HAL_Driver/Src/stm32f4xx_hal_pcd_ex.c.obj
LOAD CMakeFiles/anal_mic_rel.dir/Users/dmitry/STM32Cube/Repository/STM32Cube_FW_F4_V1.25.0/Drivers/STM32F4xx_HAL_Driver/Src/stm32f4xx_hal_pwr.c.obj
LOAD CMakeFiles/anal_mic_rel.dir/Users/dmitry/STM32Cube/Repository/STM32Cube_FW_F4_V1.25.0/Drivers/STM32F4xx_HAL_Driver/Src/stm32f4xx_hal_pwr_ex.c.obj
LOAD CMakeFiles/anal_mic_rel.dir/Users/dmitry/STM32Cube/Repository/STM32Cube_FW_F4_V1.25.0/Drivers/STM32F4xx_HAL_Driver/Src/stm32f4xx_hal_qspi.c.obj
LOAD CMakeFiles/anal_mic_rel.dir/Users/dmitry/STM32Cube/Repository/STM32Cube_FW_F4_V1.25.0/Drivers/STM32F4xx_HAL_Driver/Src/stm32f4xx_hal_rcc.c.obj
LOAD CMakeFiles/anal_mic_rel.dir/Users/dmitry/STM32Cube/Repository/STM32Cube_FW_F4_V1.25.0/Drivers/STM32F4xx_HAL_Driver/Src/stm32f4xx_hal_rcc_ex.c.obj
LOAD CMakeFiles/anal_mic_rel.dir/Users/dmitry/STM32Cube/Repository/STM32Cube_FW_F4_V1.25.0/Drivers/STM32F4xx_HAL_Driver/Src/stm32f4xx_hal_rng.c.obj
LOAD CMakeFiles/anal_mic_rel.dir/Users/dmitry/STM32Cube/Repository/STM32Cube_FW_F4_V1.25.0/Drivers/STM32F4xx_HAL_Driver/Src/stm32f4xx_hal_rtc.c.obj
LOAD CMakeFiles/anal_mic_rel.dir/Users/dmitry/STM32Cube/Repository/STM32Cube_FW_F4_V1.25.0/Drivers/STM32F4xx_HAL_Driver/Src/stm32f4xx_hal_rtc_ex.c.obj
LOAD CMakeFiles/anal_mic_rel.dir/Users/dmitry/STM32Cube/Repository/STM32Cube_FW_F4_V1.25.0/Drivers/STM32F4xx_HAL_Driver/Src/stm32f4xx_hal_sai.c.obj
LOAD CMakeFiles/anal_mic_rel.dir/Users/dmitry/STM32Cube/Repository/STM32Cube_FW_F4_V1.25.0/Drivers/STM32F4xx_HAL_Driver/Src/stm32f4xx_hal_sai_ex.c.obj
LOAD CMakeFiles/anal_mic_rel.dir/Users/dmitry/STM32Cube/Repository/STM32Cube_FW_F4_V1.25.0/Drivers/STM32F4xx_HAL_Driver/Src/stm32f4xx_hal_sd.c.obj
LOAD CMakeFiles/anal_mic_rel.dir/Users/dmitry/STM32Cube/Repository/STM32Cube_FW_F4_V1.25.0/Drivers/STM32F4xx_HAL_Driver/Src/stm32f4xx_hal_sdram.c.obj
LOAD CMakeFiles/anal_mic_rel.dir/Users/dmitry/STM32Cube/Repository/STM32Cube_FW_F4_V1.25.0/Drivers/STM32F4xx_HAL_Driver/Src/stm32f4xx_hal_smartcard.c.obj
LOAD CMakeFiles/anal_mic_rel.dir/Users/dmitry/STM32Cube/Repository/STM32Cube_FW_F4_V1.25.0/Drivers/STM32F4xx_HAL_Driver/Src/stm32f4xx_hal_spdifrx.c.obj
LOAD CMakeFiles/anal_mic_rel.dir/Users/dmitry/STM32Cube/Repository/STM32Cube_FW_F4_V1.25.0/Drivers/STM32F4xx_HAL_Driver/Src/stm32f4xx_hal_spi.c.obj
LOAD CMakeFiles/anal_mic_rel.dir/Users/dmitry/STM32Cube/Repository/STM32Cube_FW_F4_V1.25.0/Drivers/STM32F4xx_HAL_Driver/Src/stm32f4xx_hal_sram.c.obj
LOAD CMakeFiles/anal_mic_rel.dir/Users/dmitry/STM32Cube/Repository/STM32Cube_FW_F4_V1.25.0/Drivers/STM32F4xx_HAL_Driver/Src/stm32f4xx_hal_tim.c.obj
LOAD CMakeFiles/anal_mic_rel.dir/Users/dmitry/STM32Cube/Repository/STM32Cube_FW_F4_V1.25.0/Drivers/STM32F4xx_HAL_Driver/Src/stm32f4xx_hal_tim_ex.c.obj
LOAD CMakeFiles/anal_mic_rel.dir/Users/dmitry/STM32Cube/Repository/STM32Cube_FW_F4_V1.25.0/Drivers/STM32F4xx_HAL_Driver/Src/stm32f4xx_hal_uart.c.obj
LOAD CMakeFiles/anal_mic_rel.dir/Users/dmitry/STM32Cube/Repository/STM32Cube_FW_F4_V1.25.0/Drivers/STM32F4xx_HAL_Driver/Src/stm32f4xx_hal_usart.c.obj
LOAD CMakeFiles/anal_mic_rel.dir/Users/dmitry/STM32Cube/Repository/STM32Cube_FW_F4_V1.25.0/Drivers/STM32F4xx_HAL_Driver/Src/stm32f4xx_hal_wwdg.c.obj
START GROUP
LOAD /Users/dmitry/STM32/gcc-arm-none-eabi-9-2019-q4-major/bin/../lib/gcc/arm-none-eabi/9.2.1/thumb/v7e-m+fp/softfp/libgcc.a
LOAD /Users/dmitry/STM32/gcc-arm-none-eabi-9-2019-q4-major/bin/../lib/gcc/arm-none-eabi/9.2.1/../../../../arm-none-eabi/lib/thumb/v7e-m+fp/softfp/libg.a
LOAD /Users/dmitry/STM32/gcc-arm-none-eabi-9-2019-q4-major/bin/../lib/gcc/arm-none-eabi/9.2.1/../../../../arm-none-eabi/lib/thumb/v7e-m+fp/softfp/libc.a
END GROUP
LOAD /Users/dmitry/STM32/gcc-arm-none-eabi-9-2019-q4-major/bin/../lib/gcc/arm-none-eabi/9.2.1/thumb/v7e-m+fp/softfp/crtend.o
LOAD /Users/dmitry/STM32/gcc-arm-none-eabi-9-2019-q4-major/bin/../lib/gcc/arm-none-eabi/9.2.1/thumb/v7e-m+fp/softfp/crtn.o
                0x0000000020017fff                _estack = 0x20017fff
                0x0000000000000000                _Min_Heap_Size = 0x0
                0x0000000000000200                _Min_Stack_Size = 0x200

.isr_vector     0x0000000008000000      0x194
                0x0000000008000000                . = ALIGN (0x4)
 *(.isr_vector)
 .isr_vector    0x0000000008000000      0x194 CMakeFiles/anal_mic_rel.dir/Users/dmitry/STM32Cube/Repository/STM32Cube_FW_F4_V1.25.0/Drivers/CMSIS/Device/ST/STM32F4xx/Source/Templates/gcc/startup_stm32f401xe.s.obj
                0x0000000008000000                g_pfnVectors
                0x0000000008000194                . = ALIGN (0x4)

.text           0x00000000080001c0     0x6e04
                0x00000000080001c0                . = ALIGN (0x4)
 *(.text)
 .text          0x00000000080001c0       0x40 /Users/dmitry/STM32/gcc-arm-none-eabi-9-2019-q4-major/bin/../lib/gcc/arm-none-eabi/9.2.1/thumb/v7e-m+fp/softfp/crtbegin.o
 .text          0x0000000008000200      0x378 /Users/dmitry/STM32/gcc-arm-none-eabi-9-2019-q4-major/bin/../lib/gcc/arm-none-eabi/9.2.1/thumb/v7e-m+fp/softfp/libgcc.a(_arm_addsubdf3.o)
                0x0000000008000200                __aeabi_drsub
                0x0000000008000208                __subdf3
                0x0000000008000208                __aeabi_dsub
                0x000000000800020c                __aeabi_dadd
                0x000000000800020c                __adddf3
                0x0000000008000484                __aeabi_ui2d
                0x0000000008000484                __floatunsidf
                0x00000000080004a4                __floatsidf
                0x00000000080004a4                __aeabi_i2d
                0x00000000080004c8                __extendsfdf2
                0x00000000080004c8                __aeabi_f2d
                0x000000000800050c                __aeabi_ul2d
                0x000000000800050c                __floatundidf
                0x000000000800051c                __aeabi_l2d
                0x000000000800051c                __floatdidf
 .text          0x0000000008000578       0xa0 /Users/dmitry/STM32/gcc-arm-none-eabi-9-2019-q4-major/bin/../lib/gcc/arm-none-eabi/9.2.1/thumb/v7e-m+fp/softfp/libgcc.a(_arm_truncdfsf2.o)
                0x0000000008000578                __aeabi_d2f
                0x0000000008000578                __truncdfsf2
 .text          0x0000000008000618       0x30 /Users/dmitry/STM32/gcc-arm-none-eabi-9-2019-q4-major/bin/../lib/gcc/arm-none-eabi/9.2.1/thumb/v7e-m+fp/softfp/libgcc.a(_aeabi_uldivmod.o)
                0x0000000008000618                __aeabi_uldivmod
 .text          0x0000000008000648      0x2c4 /Users/dmitry/STM32/gcc-arm-none-eabi-9-2019-q4-major/bin/../lib/gcc/arm-none-eabi/9.2.1/thumb/v7e-m+fp/softfp/libgcc.a(_udivmoddi4.o)
                0x0000000008000648                __udivmoddi4
 .text          0x000000000800090c        0x4 /Users/dmitry/STM32/gcc-arm-none-eabi-9-2019-q4-major/bin/../lib/gcc/arm-none-eabi/9.2.1/thumb/v7e-m+fp/softfp/libgcc.a(_dvmd_tls.o)
                0x000000000800090c                __aeabi_ldiv0
                0x000000000800090c                __aeabi_idiv0
 .text          0x0000000008000910       0xa0 /Users/dmitry/STM32/gcc-arm-none-eabi-9-2019-q4-major/bin/../lib/gcc/arm-none-eabi/9.2.1/../../../../arm-none-eabi/lib/thumb/v7e-m+fp/softfp/libg.a(lib_a-memchr.o)
                0x0000000008000910                memchr
 .text          0x00000000080009b0      0x134 /Users/dmitry/STM32/gcc-arm-none-eabi-9-2019-q4-major/bin/../lib/gcc/arm-none-eabi/9.2.1/../../../../arm-none-eabi/lib/thumb/v7e-m+fp/softfp/libg.a(lib_a-memcpy.o)
                0x00000000080009b0                memcpy
 *fill*         0x0000000008000ae4       0x1c 
 .text          0x0000000008000b00       0xdc /Users/dmitry/STM32/gcc-arm-none-eabi-9-2019-q4-major/bin/../lib/gcc/arm-none-eabi/9.2.1/../../../../arm-none-eabi/lib/thumb/v7e-m+fp/softfp/libg.a(lib_a-strlen.o)
                0x0000000008000b00                strlen
 .text          0x0000000008000bdc      0x424 /Users/dmitry/STM32/gcc-arm-none-eabi-9-2019-q4-major/bin/../lib/gcc/arm-none-eabi/9.2.1/thumb/v7e-m+fp/softfp/libgcc.a(_arm_muldivdf3.o)
                0x0000000008000bdc                __aeabi_dmul
                0x0000000008000bdc                __muldf3
                0x0000000008000e30                __aeabi_ddiv
                0x0000000008000e30                __divdf3
 .text          0x0000000008001000      0x110 /Users/dmitry/STM32/gcc-arm-none-eabi-9-2019-q4-major/bin/../lib/gcc/arm-none-eabi/9.2.1/thumb/v7e-m+fp/softfp/libgcc.a(_arm_cmpdf2.o)
                0x0000000008001000                __gedf2
                0x0000000008001000                __gtdf2
                0x0000000008001008                __ledf2
                0x0000000008001008                __ltdf2
                0x0000000008001010                __cmpdf2
                0x0000000008001010                __eqdf2
                0x0000000008001010                __nedf2
                0x000000000800108c                __aeabi_cdrcmple
                0x000000000800109c                __aeabi_cdcmple
                0x000000000800109c                __aeabi_cdcmpeq
                0x00000000080010ac                __aeabi_dcmpeq
                0x00000000080010c0                __aeabi_dcmplt
                0x00000000080010d4                __aeabi_dcmple
                0x00000000080010e8                __aeabi_dcmpge
                0x00000000080010fc                __aeabi_dcmpgt
 .text          0x0000000008001110       0x2c /Users/dmitry/STM32/gcc-arm-none-eabi-9-2019-q4-major/bin/../lib/gcc/arm-none-eabi/9.2.1/thumb/v7e-m+fp/softfp/libgcc.a(_arm_unorddf2.o)
                0x0000000008001110                __aeabi_dcmpun
                0x0000000008001110                __unorddf2
 .text          0x000000000800113c       0x50 /Users/dmitry/STM32/gcc-arm-none-eabi-9-2019-q4-major/bin/../lib/gcc/arm-none-eabi/9.2.1/thumb/v7e-m+fp/softfp/libgcc.a(_arm_fixdfsi.o)
                0x000000000800113c                __fixdfsi
                0x000000000800113c                __aeabi_d2iz
 *(.text*)
 .text.startup  0x000000000800118c       0x10 /Users/dmitry/STM32/gcc-arm-none-eabi-9-2019-q4-major/bin/../lib/gcc/arm-none-eabi/9.2.1/thumb/v7e-m+fp/softfp/crtfastmath.o
 .text.MX_ADC1_Init
                0x000000000800119c       0xc0 CMakeFiles/anal_mic_rel.dir/Src/adc.c.obj
                0x000000000800119c                MX_ADC1_Init
 .text.HAL_ADC_MspInit
                0x000000000800125c       0x6c CMakeFiles/anal_mic_rel.dir/Src/adc.c.obj
                0x000000000800125c                HAL_ADC_MspInit
 .text.MX_GPIO_Init
                0x00000000080012c8       0x94 CMakeFiles/anal_mic_rel.dir/Src/gpio.c.obj
                0x00000000080012c8                MX_GPIO_Init
 .text.SystemClock_Config
                0x000000000800135c       0x94 CMakeFiles/anal_mic_rel.dir/Src/main.c.obj
                0x000000000800135c                SystemClock_Config
 .text.main     0x00000000080013f0       0x98 CMakeFiles/anal_mic_rel.dir/Src/main.c.obj
                0x00000000080013f0                main
 .text.blink    0x0000000008001488       0x3c CMakeFiles/anal_mic_rel.dir/Src/main.c.obj
                0x0000000008001488                blink
 .text.HAL_GPIO_EXTI_Callback
                0x00000000080014c4       0x3c CMakeFiles/anal_mic_rel.dir/Src/main.c.obj
                0x00000000080014c4                HAL_GPIO_EXTI_Callback
 .text.Error_Handler
                0x0000000008001500        0x2 CMakeFiles/anal_mic_rel.dir/Src/main.c.obj
                0x0000000008001500                Error_Handler
 *fill*         0x0000000008001502        0x2 
 .text.HAL_MspInit
                0x0000000008001504       0x38 CMakeFiles/anal_mic_rel.dir/Src/stm32f4xx_hal_msp.c.obj
                0x0000000008001504                HAL_MspInit
 .text.NMI_Handler
                0x000000000800153c        0x2 CMakeFiles/anal_mic_rel.dir/Src/stm32f4xx_it.c.obj
                0x000000000800153c                NMI_Handler
 .text.HardFault_Handler
                0x000000000800153e        0x2 CMakeFiles/anal_mic_rel.dir/Src/stm32f4xx_it.c.obj
                0x000000000800153e                HardFault_Handler
 .text.MemManage_Handler
                0x0000000008001540        0x2 CMakeFiles/anal_mic_rel.dir/Src/stm32f4xx_it.c.obj
                0x0000000008001540                MemManage_Handler
 .text.BusFault_Handler
                0x0000000008001542        0x2 CMakeFiles/anal_mic_rel.dir/Src/stm32f4xx_it.c.obj
                0x0000000008001542                BusFault_Handler
 .text.UsageFault_Handler
                0x0000000008001544        0x2 CMakeFiles/anal_mic_rel.dir/Src/stm32f4xx_it.c.obj
                0x0000000008001544                UsageFault_Handler
 .text.SVC_Handler
                0x0000000008001546        0x2 CMakeFiles/anal_mic_rel.dir/Src/stm32f4xx_it.c.obj
                0x0000000008001546                SVC_Handler
 .text.DebugMon_Handler
                0x0000000008001548        0x2 CMakeFiles/anal_mic_rel.dir/Src/stm32f4xx_it.c.obj
                0x0000000008001548                DebugMon_Handler
 .text.PendSV_Handler
                0x000000000800154a        0x2 CMakeFiles/anal_mic_rel.dir/Src/stm32f4xx_it.c.obj
                0x000000000800154a                PendSV_Handler
 .text.SysTick_Handler
                0x000000000800154c        0x8 CMakeFiles/anal_mic_rel.dir/Src/stm32f4xx_it.c.obj
                0x000000000800154c                SysTick_Handler
 *fill*         0x0000000008001554        0x4 
 .text.TIM1_UP_TIM10_IRQHandler
                0x0000000008001558       0x98 CMakeFiles/anal_mic_rel.dir/Src/stm32f4xx_it.c.obj
                0x0000000008001558                TIM1_UP_TIM10_IRQHandler
 .text.EXTI15_10_IRQHandler
                0x00000000080015f0        0xc CMakeFiles/anal_mic_rel.dir/Src/stm32f4xx_it.c.obj
                0x00000000080015f0                EXTI15_10_IRQHandler
 .text.MX_TIM10_Init
                0x00000000080015fc       0x30 CMakeFiles/anal_mic_rel.dir/Src/tim.c.obj
                0x00000000080015fc                MX_TIM10_Init
 .text.HAL_TIM_Base_MspInit
                0x000000000800162c       0x40 CMakeFiles/anal_mic_rel.dir/Src/tim.c.obj
                0x000000000800162c                HAL_TIM_Base_MspInit
 .text.MX_USART2_UART_Init
                0x000000000800166c       0x34 CMakeFiles/anal_mic_rel.dir/Src/usart.c.obj
                0x000000000800166c                MX_USART2_UART_Init
 .text.HAL_UART_MspInit
                0x00000000080016a0       0x70 CMakeFiles/anal_mic_rel.dir/Src/usart.c.obj
                0x00000000080016a0                HAL_UART_MspInit
 .text.SystemInit
                0x0000000008001710       0x1c CMakeFiles/anal_mic_rel.dir/Users/dmitry/STM32Cube/Repository/STM32Cube_FW_F4_V1.25.0/Drivers/CMSIS/Device/ST/STM32F4xx/Source/Templates/system_stm32f4xx.c.obj
                0x0000000008001710                SystemInit
 .text.Reset_Handler
                0x000000000800172c       0x50 CMakeFiles/anal_mic_rel.dir/Users/dmitry/STM32Cube/Repository/STM32Cube_FW_F4_V1.25.0/Drivers/CMSIS/Device/ST/STM32F4xx/Source/Templates/gcc/startup_stm32f401xe.s.obj
                0x000000000800172c                Reset_Handler
 .text.Default_Handler
                0x000000000800177c        0x2 CMakeFiles/anal_mic_rel.dir/Users/dmitry/STM32Cube/Repository/STM32Cube_FW_F4_V1.25.0/Drivers/CMSIS/Device/ST/STM32F4xx/Source/Templates/gcc/startup_stm32f401xe.s.obj
                0x000000000800177c                DMA1_Stream3_IRQHandler
                0x000000000800177c                EXTI2_IRQHandler
                0x000000000800177c                SPI4_IRQHandler
                0x000000000800177c                TIM1_CC_IRQHandler
                0x000000000800177c                DMA2_Stream5_IRQHandler
                0x000000000800177c                DMA1_Stream5_IRQHandler
                0x000000000800177c                PVD_IRQHandler
                0x000000000800177c                SDIO_IRQHandler
                0x000000000800177c                TAMP_STAMP_IRQHandler
                0x000000000800177c                EXTI3_IRQHandler
                0x000000000800177c                I2C3_ER_IRQHandler
                0x000000000800177c                EXTI0_IRQHandler
                0x000000000800177c                I2C2_EV_IRQHandler
                0x000000000800177c                DMA1_Stream2_IRQHandler
                0x000000000800177c                FPU_IRQHandler
                0x000000000800177c                DMA2_Stream2_IRQHandler
                0x000000000800177c                SPI1_IRQHandler
                0x000000000800177c                TIM1_BRK_TIM9_IRQHandler
                0x000000000800177c                DMA2_Stream3_IRQHandler
                0x000000000800177c                USART6_IRQHandler
                0x000000000800177c                DMA2_Stream0_IRQHandler
                0x000000000800177c                TIM4_IRQHandler
                0x000000000800177c                I2C1_EV_IRQHandler
                0x000000000800177c                DMA1_Stream6_IRQHandler
                0x000000000800177c                DMA1_Stream1_IRQHandler
                0x000000000800177c                TIM3_IRQHandler
                0x000000000800177c                RCC_IRQHandler
                0x000000000800177c                Default_Handler
                0x000000000800177c                ADC_IRQHandler
                0x000000000800177c                DMA1_Stream7_IRQHandler
                0x000000000800177c                TIM5_IRQHandler
                0x000000000800177c                DMA2_Stream7_IRQHandler
                0x000000000800177c                I2C3_EV_IRQHandler
                0x000000000800177c                EXTI9_5_IRQHandler
                0x000000000800177c                RTC_WKUP_IRQHandler
                0x000000000800177c                SPI2_IRQHandler
                0x000000000800177c                DMA1_Stream0_IRQHandler
                0x000000000800177c                EXTI4_IRQHandler
                0x000000000800177c                WWDG_IRQHandler
                0x000000000800177c                TIM2_IRQHandler
                0x000000000800177c                OTG_FS_WKUP_IRQHandler
                0x000000000800177c                TIM1_TRG_COM_TIM11_IRQHandler
                0x000000000800177c                EXTI1_IRQHandler
                0x000000000800177c                USART2_IRQHandler
                0x000000000800177c                I2C2_ER_IRQHandler
                0x000000000800177c                DMA2_Stream1_IRQHandler
                0x000000000800177c                FLASH_IRQHandler
                0x000000000800177c                DMA2_Stream4_IRQHandler
                0x000000000800177c                USART1_IRQHandler
                0x000000000800177c                OTG_FS_IRQHandler
                0x000000000800177c                SPI3_IRQHandler
                0x000000000800177c                DMA1_Stream4_IRQHandler
                0x000000000800177c                I2C1_ER_IRQHandler
                0x000000000800177c                DMA2_Stream6_IRQHandler
                0x000000000800177c                RTC_Alarm_IRQHandler
 *fill*         0x000000000800177e        0x2 
 .text.HAL_InitTick
                0x0000000008001780       0x4c CMakeFiles/anal_mic_rel.dir/Users/dmitry/STM32Cube/Repository/STM32Cube_FW_F4_V1.25.0/Drivers/STM32F4xx_HAL_Driver/Src/stm32f4xx_hal.c.obj
                0x0000000008001780                HAL_InitTick
 .text.HAL_Init
                0x00000000080017cc       0x34 CMakeFiles/anal_mic_rel.dir/Users/dmitry/STM32Cube/Repository/STM32Cube_FW_F4_V1.25.0/Drivers/STM32F4xx_HAL_Driver/Src/stm32f4xx_hal.c.obj
                0x00000000080017cc                HAL_Init
 .text.HAL_IncTick
                0x0000000008001800       0x18 CMakeFiles/anal_mic_rel.dir/Users/dmitry/STM32Cube/Repository/STM32Cube_FW_F4_V1.25.0/Drivers/STM32F4xx_HAL_Driver/Src/stm32f4xx_hal.c.obj
                0x0000000008001800                HAL_IncTick
 .text.HAL_GetTick
                0x0000000008001818        0xc CMakeFiles/anal_mic_rel.dir/Users/dmitry/STM32Cube/Repository/STM32Cube_FW_F4_V1.25.0/Drivers/STM32F4xx_HAL_Driver/Src/stm32f4xx_hal.c.obj
                0x0000000008001818                HAL_GetTick
 .text.HAL_Delay
                0x0000000008001824       0x28 CMakeFiles/anal_mic_rel.dir/Users/dmitry/STM32Cube/Repository/STM32Cube_FW_F4_V1.25.0/Drivers/STM32F4xx_HAL_Driver/Src/stm32f4xx_hal.c.obj
                0x0000000008001824                HAL_Delay
 .text.ADC_Init
                0x000000000800184c      0x134 CMakeFiles/anal_mic_rel.dir/Users/dmitry/STM32Cube/Repository/STM32Cube_FW_F4_V1.25.0/Drivers/STM32F4xx_HAL_Driver/Src/stm32f4xx_hal_adc.c.obj
 .text.HAL_ADC_Init
                0x0000000008001980       0x56 CMakeFiles/anal_mic_rel.dir/Users/dmitry/STM32Cube/Repository/STM32Cube_FW_F4_V1.25.0/Drivers/STM32F4xx_HAL_Driver/Src/stm32f4xx_hal_adc.c.obj
                0x0000000008001980                HAL_ADC_Init
 *fill*         0x00000000080019d6        0x2 
 .text.HAL_ADC_ConfigChannel
                0x00000000080019d8      0x190 CMakeFiles/anal_mic_rel.dir/Users/dmitry/STM32Cube/Repository/STM32Cube_FW_F4_V1.25.0/Drivers/STM32F4xx_HAL_Driver/Src/stm32f4xx_hal_adc.c.obj
                0x00000000080019d8                HAL_ADC_ConfigChannel
 .text.HAL_ADCEx_InjectedStart
                0x0000000008001b68       0xf4 CMakeFiles/anal_mic_rel.dir/Users/dmitry/STM32Cube/Repository/STM32Cube_FW_F4_V1.25.0/Drivers/STM32F4xx_HAL_Driver/Src/stm32f4xx_hal_adc_ex.c.obj
                0x0000000008001b68                HAL_ADCEx_InjectedStart
 .text.HAL_ADCEx_InjectedGetValue
                0x0000000008001c5c       0x40 CMakeFiles/anal_mic_rel.dir/Users/dmitry/STM32Cube/Repository/STM32Cube_FW_F4_V1.25.0/Drivers/STM32F4xx_HAL_Driver/Src/stm32f4xx_hal_adc_ex.c.obj
                0x0000000008001c5c                HAL_ADCEx_InjectedGetValue
 .text.HAL_ADCEx_InjectedConfigChannel
                0x0000000008001c9c      0x20c CMakeFiles/anal_mic_rel.dir/Users/dmitry/STM32Cube/Repository/STM32Cube_FW_F4_V1.25.0/Drivers/STM32F4xx_HAL_Driver/Src/stm32f4xx_hal_adc_ex.c.obj
                0x0000000008001c9c                HAL_ADCEx_InjectedConfigChannel
 .text.HAL_NVIC_SetPriorityGrouping
                0x0000000008001ea8       0x24 CMakeFiles/anal_mic_rel.dir/Users/dmitry/STM32Cube/Repository/STM32Cube_FW_F4_V1.25.0/Drivers/STM32F4xx_HAL_Driver/Src/stm32f4xx_hal_cortex.c.obj
                0x0000000008001ea8                HAL_NVIC_SetPriorityGrouping
 .text.HAL_NVIC_SetPriority
                0x0000000008001ecc       0x68 CMakeFiles/anal_mic_rel.dir/Users/dmitry/STM32Cube/Repository/STM32Cube_FW_F4_V1.25.0/Drivers/STM32F4xx_HAL_Driver/Src/stm32f4xx_hal_cortex.c.obj
                0x0000000008001ecc                HAL_NVIC_SetPriority
 .text.HAL_NVIC_EnableIRQ
                0x0000000008001f34       0x1c CMakeFiles/anal_mic_rel.dir/Users/dmitry/STM32Cube/Repository/STM32Cube_FW_F4_V1.25.0/Drivers/STM32F4xx_HAL_Driver/Src/stm32f4xx_hal_cortex.c.obj
                0x0000000008001f34                HAL_NVIC_EnableIRQ
 .text.HAL_SYSTICK_Config
                0x0000000008001f50       0x2c CMakeFiles/anal_mic_rel.dir/Users/dmitry/STM32Cube/Repository/STM32Cube_FW_F4_V1.25.0/Drivers/STM32F4xx_HAL_Driver/Src/stm32f4xx_hal_cortex.c.obj
                0x0000000008001f50                HAL_SYSTICK_Config
 .text.HAL_GPIO_Init
                0x0000000008001f7c      0x1a8 CMakeFiles/anal_mic_rel.dir/Users/dmitry/STM32Cube/Repository/STM32Cube_FW_F4_V1.25.0/Drivers/STM32F4xx_HAL_Driver/Src/stm32f4xx_hal_gpio.c.obj
                0x0000000008001f7c                HAL_GPIO_Init
 .text.HAL_GPIO_WritePin
                0x0000000008002124        0xc CMakeFiles/anal_mic_rel.dir/Users/dmitry/STM32Cube/Repository/STM32Cube_FW_F4_V1.25.0/Drivers/STM32F4xx_HAL_Driver/Src/stm32f4xx_hal_gpio.c.obj
                0x0000000008002124                HAL_GPIO_WritePin
 .text.HAL_GPIO_EXTI_IRQHandler
                0x0000000008002130       0x1c CMakeFiles/anal_mic_rel.dir/Users/dmitry/STM32Cube/Repository/STM32Cube_FW_F4_V1.25.0/Drivers/STM32F4xx_HAL_Driver/Src/stm32f4xx_hal_gpio.c.obj
                0x0000000008002130                HAL_GPIO_EXTI_IRQHandler
 .text.HAL_RCC_OscConfig
                0x000000000800214c      0x3ec CMakeFiles/anal_mic_rel.dir/Users/dmitry/STM32Cube/Repository/STM32Cube_FW_F4_V1.25.0/Drivers/STM32F4xx_HAL_Driver/Src/stm32f4xx_hal_rcc.c.obj
                0x000000000800214c                HAL_RCC_OscConfig
 .text.HAL_RCC_GetSysClockFreq
                0x0000000008002538       0xa0 CMakeFiles/anal_mic_rel.dir/Users/dmitry/STM32Cube/Repository/STM32Cube_FW_F4_V1.25.0/Drivers/STM32F4xx_HAL_Driver/Src/stm32f4xx_hal_rcc.c.obj
                0x0000000008002538                HAL_RCC_GetSysClockFreq
 .text.HAL_RCC_ClockConfig
                0x00000000080025d8      0x160 CMakeFiles/anal_mic_rel.dir/Users/dmitry/STM32Cube/Repository/STM32Cube_FW_F4_V1.25.0/Drivers/STM32F4xx_HAL_Driver/Src/stm32f4xx_hal_rcc.c.obj
                0x00000000080025d8                HAL_RCC_ClockConfig
 .text.HAL_RCC_GetHCLKFreq
                0x0000000008002738        0xc CMakeFiles/anal_mic_rel.dir/Users/dmitry/STM32Cube/Repository/STM32Cube_FW_F4_V1.25.0/Drivers/STM32F4xx_HAL_Driver/Src/stm32f4xx_hal_rcc.c.obj
                0x0000000008002738                HAL_RCC_GetHCLKFreq
 .text.HAL_RCC_GetPCLK1Freq
                0x0000000008002744       0x20 CMakeFiles/anal_mic_rel.dir/Users/dmitry/STM32Cube/Repository/STM32Cube_FW_F4_V1.25.0/Drivers/STM32F4xx_HAL_Driver/Src/stm32f4xx_hal_rcc.c.obj
                0x0000000008002744                HAL_RCC_GetPCLK1Freq
 .text.HAL_RCC_GetPCLK2Freq
                0x0000000008002764       0x20 CMakeFiles/anal_mic_rel.dir/Users/dmitry/STM32Cube/Repository/STM32Cube_FW_F4_V1.25.0/Drivers/STM32F4xx_HAL_Driver/Src/stm32f4xx_hal_rcc.c.obj
                0x0000000008002764                HAL_RCC_GetPCLK2Freq
 .text.HAL_TIM_Base_Start_IT
                0x0000000008002784       0x22 CMakeFiles/anal_mic_rel.dir/Users/dmitry/STM32Cube/Repository/STM32Cube_FW_F4_V1.25.0/Drivers/STM32F4xx_HAL_Driver/Src/stm32f4xx_hal_tim.c.obj
                0x0000000008002784                HAL_TIM_Base_Start_IT
 .text.HAL_TIM_PeriodElapsedCallback
                0x00000000080027a6        0x2 CMakeFiles/anal_mic_rel.dir/Users/dmitry/STM32Cube/Repository/STM32Cube_FW_F4_V1.25.0/Drivers/STM32F4xx_HAL_Driver/Src/stm32f4xx_hal_tim.c.obj
                0x00000000080027a6                HAL_TIM_PeriodElapsedCallback
 .text.HAL_TIM_OC_DelayElapsedCallback
                0x00000000080027a8        0x2 CMakeFiles/anal_mic_rel.dir/Users/dmitry/STM32Cube/Repository/STM32Cube_FW_F4_V1.25.0/Drivers/STM32F4xx_HAL_Driver/Src/stm32f4xx_hal_tim.c.obj
                0x00000000080027a8                HAL_TIM_OC_DelayElapsedCallback
 .text.HAL_TIM_IC_CaptureCallback
                0x00000000080027aa        0x2 CMakeFiles/anal_mic_rel.dir/Users/dmitry/STM32Cube/Repository/STM32Cube_FW_F4_V1.25.0/Drivers/STM32F4xx_HAL_Driver/Src/stm32f4xx_hal_tim.c.obj
                0x00000000080027aa                HAL_TIM_IC_CaptureCallback
 .text.HAL_TIM_PWM_PulseFinishedCallback
                0x00000000080027ac        0x2 CMakeFiles/anal_mic_rel.dir/Users/dmitry/STM32Cube/Repository/STM32Cube_FW_F4_V1.25.0/Drivers/STM32F4xx_HAL_Driver/Src/stm32f4xx_hal_tim.c.obj
                0x00000000080027ac                HAL_TIM_PWM_PulseFinishedCallback
 .text.HAL_TIM_TriggerCallback
                0x00000000080027ae        0x2 CMakeFiles/anal_mic_rel.dir/Users/dmitry/STM32Cube/Repository/STM32Cube_FW_F4_V1.25.0/Drivers/STM32F4xx_HAL_Driver/Src/stm32f4xx_hal_tim.c.obj
                0x00000000080027ae                HAL_TIM_TriggerCallback
 .text.HAL_TIM_IRQHandler
                0x00000000080027b0      0x17a CMakeFiles/anal_mic_rel.dir/Users/dmitry/STM32Cube/Repository/STM32Cube_FW_F4_V1.25.0/Drivers/STM32F4xx_HAL_Driver/Src/stm32f4xx_hal_tim.c.obj
                0x00000000080027b0                HAL_TIM_IRQHandler
 *fill*         0x000000000800292a        0x2 
 .text.TIM_Base_SetConfig
                0x000000000800292c       0x9c CMakeFiles/anal_mic_rel.dir/Users/dmitry/STM32Cube/Repository/STM32Cube_FW_F4_V1.25.0/Drivers/STM32F4xx_HAL_Driver/Src/stm32f4xx_hal_tim.c.obj
                0x000000000800292c                TIM_Base_SetConfig
 .text.HAL_TIM_Base_Init
                0x00000000080029c8       0x34 CMakeFiles/anal_mic_rel.dir/Users/dmitry/STM32Cube/Repository/STM32Cube_FW_F4_V1.25.0/Drivers/STM32F4xx_HAL_Driver/Src/stm32f4xx_hal_tim.c.obj
                0x00000000080029c8                HAL_TIM_Base_Init
 .text.HAL_TIMEx_CommutCallback
                0x00000000080029fc        0x2 CMakeFiles/anal_mic_rel.dir/Users/dmitry/STM32Cube/Repository/STM32Cube_FW_F4_V1.25.0/Drivers/STM32F4xx_HAL_Driver/Src/stm32f4xx_hal_tim_ex.c.obj
                0x00000000080029fc                HAL_TIMEx_CommutCallback
 .text.HAL_TIMEx_BreakCallback
                0x00000000080029fe        0x2 CMakeFiles/anal_mic_rel.dir/Users/dmitry/STM32Cube/Repository/STM32Cube_FW_F4_V1.25.0/Drivers/STM32F4xx_HAL_Driver/Src/stm32f4xx_hal_tim_ex.c.obj
                0x00000000080029fe                HAL_TIMEx_BreakCallback
 .text.UART_SetConfig
                0x0000000008002a00      0x1e8 CMakeFiles/anal_mic_rel.dir/Users/dmitry/STM32Cube/Repository/STM32Cube_FW_F4_V1.25.0/Drivers/STM32F4xx_HAL_Driver/Src/stm32f4xx_hal_uart.c.obj
 .text.HAL_UART_Init
                0x0000000008002be8       0x5e CMakeFiles/anal_mic_rel.dir/Users/dmitry/STM32Cube/Repository/STM32Cube_FW_F4_V1.25.0/Drivers/STM32F4xx_HAL_Driver/Src/stm32f4xx_hal_uart.c.obj
                0x0000000008002be8                HAL_UART_Init
 *fill*         0x0000000008002c46        0x2 
 .text.__libc_init_array
                0x0000000008002c48       0x48 /Users/dmitry/STM32/gcc-arm-none-eabi-9-2019-q4-major/bin/../lib/gcc/arm-none-eabi/9.2.1/../../../../arm-none-eabi/lib/thumb/v7e-m+fp/softfp/libg.a(lib_a-init.o)
                0x0000000008002c48                __libc_init_array
 .text.memset   0x0000000008002c90       0xa0 /Users/dmitry/STM32/gcc-arm-none-eabi-9-2019-q4-major/bin/../lib/gcc/arm-none-eabi/9.2.1/../../../../arm-none-eabi/lib/thumb/v7e-m+fp/softfp/libg.a(lib_a-memset.o)
                0x0000000008002c90                memset
 .text.sprintf  0x0000000008002d30       0x44 /Users/dmitry/STM32/gcc-arm-none-eabi-9-2019-q4-major/bin/../lib/gcc/arm-none-eabi/9.2.1/../../../../arm-none-eabi/lib/thumb/v7e-m+fp/softfp/libg.a(lib_a-sprintf.o)
                0x0000000008002d30                sprintf
 *fill*         0x0000000008002d74        0x4 
 .text._svfprintf_r
                0x0000000008002d78     0x1b34 /Users/dmitry/STM32/gcc-arm-none-eabi-9-2019-q4-major/bin/../lib/gcc/arm-none-eabi/9.2.1/../../../../arm-none-eabi/lib/thumb/v7e-m+fp/softfp/libg.a(lib_a-svfprintf.o)
                0x0000000008002d78                _svfprintf_r
 .text.startup.register_fini
                0x00000000080048ac       0x14 /Users/dmitry/STM32/gcc-arm-none-eabi-9-2019-q4-major/bin/../lib/gcc/arm-none-eabi/9.2.1/../../../../arm-none-eabi/lib/thumb/v7e-m+fp/softfp/libg.a(lib_a-__call_atexit.o)
 .text.atexit   0x00000000080048c0        0xc /Users/dmitry/STM32/gcc-arm-none-eabi-9-2019-q4-major/bin/../lib/gcc/arm-none-eabi/9.2.1/../../../../arm-none-eabi/lib/thumb/v7e-m+fp/softfp/libg.a(lib_a-atexit.o)
                0x00000000080048c0                atexit
 .text.quorem   0x00000000080048cc      0x11c /Users/dmitry/STM32/gcc-arm-none-eabi-9-2019-q4-major/bin/../lib/gcc/arm-none-eabi/9.2.1/../../../../arm-none-eabi/lib/thumb/v7e-m+fp/softfp/libg.a(lib_a-dtoa.o)
 .text._dtoa_r  0x00000000080049e8      0xeec /Users/dmitry/STM32/gcc-arm-none-eabi-9-2019-q4-major/bin/../lib/gcc/arm-none-eabi/9.2.1/../../../../arm-none-eabi/lib/thumb/v7e-m+fp/softfp/libg.a(lib_a-dtoa.o)
                0x00000000080049e8                _dtoa_r
 .text.__libc_fini_array
                0x00000000080058d4       0x2c /Users/dmitry/STM32/gcc-arm-none-eabi-9-2019-q4-major/bin/../lib/gcc/arm-none-eabi/9.2.1/../../../../arm-none-eabi/lib/thumb/v7e-m+fp/softfp/libg.a(lib_a-fini.o)
                0x00000000080058d4                __libc_fini_array
 .text._malloc_trim_r
                0x0000000008005900       0xa0 /Users/dmitry/STM32/gcc-arm-none-eabi-9-2019-q4-major/bin/../lib/gcc/arm-none-eabi/9.2.1/../../../../arm-none-eabi/lib/thumb/v7e-m+fp/softfp/libg.a(lib_a-freer.o)
                0x0000000008005900                _malloc_trim_r
 .text._free_r  0x00000000080059a0      0x208 /Users/dmitry/STM32/gcc-arm-none-eabi-9-2019-q4-major/bin/../lib/gcc/arm-none-eabi/9.2.1/../../../../arm-none-eabi/lib/thumb/v7e-m+fp/softfp/libg.a(lib_a-freer.o)
                0x00000000080059a0                _free_r
 .text._localeconv_r
                0x0000000008005ba8        0x8 /Users/dmitry/STM32/gcc-arm-none-eabi-9-2019-q4-major/bin/../lib/gcc/arm-none-eabi/9.2.1/../../../../arm-none-eabi/lib/thumb/v7e-m+fp/softfp/libg.a(lib_a-localeconv.o)
                0x0000000008005ba8                _localeconv_r
 .text.__retarget_lock_acquire_recursive
                0x0000000008005bb0        0x4 /Users/dmitry/STM32/gcc-arm-none-eabi-9-2019-q4-major/bin/../lib/gcc/arm-none-eabi/9.2.1/../../../../arm-none-eabi/lib/thumb/v7e-m+fp/softfp/libg.a(lib_a-lock.o)
                0x0000000008005bb0                __retarget_lock_acquire_recursive
 .text.__retarget_lock_release_recursive
                0x0000000008005bb4        0x4 /Users/dmitry/STM32/gcc-arm-none-eabi-9-2019-q4-major/bin/../lib/gcc/arm-none-eabi/9.2.1/../../../../arm-none-eabi/lib/thumb/v7e-m+fp/softfp/libg.a(lib_a-lock.o)
                0x0000000008005bb4                __retarget_lock_release_recursive
 .text._malloc_r
                0x0000000008005bb8      0x574 /Users/dmitry/STM32/gcc-arm-none-eabi-9-2019-q4-major/bin/../lib/gcc/arm-none-eabi/9.2.1/../../../../arm-none-eabi/lib/thumb/v7e-m+fp/softfp/libg.a(lib_a-mallocr.o)
                0x0000000008005bb8                _malloc_r
 .text.__malloc_lock
                0x000000000800612c        0xc /Users/dmitry/STM32/gcc-arm-none-eabi-9-2019-q4-major/bin/../lib/gcc/arm-none-eabi/9.2.1/../../../../arm-none-eabi/lib/thumb/v7e-m+fp/softfp/libg.a(lib_a-mlock.o)
                0x000000000800612c                __malloc_lock
 .text.__malloc_unlock
                0x0000000008006138        0xc /Users/dmitry/STM32/gcc-arm-none-eabi-9-2019-q4-major/bin/../lib/gcc/arm-none-eabi/9.2.1/../../../../arm-none-eabi/lib/thumb/v7e-m+fp/softfp/libg.a(lib_a-mlock.o)
                0x0000000008006138                __malloc_unlock
 .text._Balloc  0x0000000008006144       0x4c /Users/dmitry/STM32/gcc-arm-none-eabi-9-2019-q4-major/bin/../lib/gcc/arm-none-eabi/9.2.1/../../../../arm-none-eabi/lib/thumb/v7e-m+fp/softfp/libg.a(lib_a-mprec.o)
                0x0000000008006144                _Balloc
 .text._Bfree   0x0000000008006190       0x14 /Users/dmitry/STM32/gcc-arm-none-eabi-9-2019-q4-major/bin/../lib/gcc/arm-none-eabi/9.2.1/../../../../arm-none-eabi/lib/thumb/v7e-m+fp/softfp/libg.a(lib_a-mprec.o)
                0x0000000008006190                _Bfree
 .text.__multadd
                0x00000000080061a4       0x8c /Users/dmitry/STM32/gcc-arm-none-eabi-9-2019-q4-major/bin/../lib/gcc/arm-none-eabi/9.2.1/../../../../arm-none-eabi/lib/thumb/v7e-m+fp/softfp/libg.a(lib_a-mprec.o)
                0x00000000080061a4                __multadd
 .text.__hi0bits
                0x0000000008006230       0x40 /Users/dmitry/STM32/gcc-arm-none-eabi-9-2019-q4-major/bin/../lib/gcc/arm-none-eabi/9.2.1/../../../../arm-none-eabi/lib/thumb/v7e-m+fp/softfp/libg.a(lib_a-mprec.o)
                0x0000000008006230                __hi0bits
 .text.__lo0bits
                0x0000000008006270       0x60 /Users/dmitry/STM32/gcc-arm-none-eabi-9-2019-q4-major/bin/../lib/gcc/arm-none-eabi/9.2.1/../../../../arm-none-eabi/lib/thumb/v7e-m+fp/softfp/libg.a(lib_a-mprec.o)
                0x0000000008006270                __lo0bits
 .text.__i2b    0x00000000080062d0       0x14 /Users/dmitry/STM32/gcc-arm-none-eabi-9-2019-q4-major/bin/../lib/gcc/arm-none-eabi/9.2.1/../../../../arm-none-eabi/lib/thumb/v7e-m+fp/softfp/libg.a(lib_a-mprec.o)
                0x00000000080062d0                __i2b
 .text.__multiply
                0x00000000080062e4      0x144 /Users/dmitry/STM32/gcc-arm-none-eabi-9-2019-q4-major/bin/../lib/gcc/arm-none-eabi/9.2.1/../../../../arm-none-eabi/lib/thumb/v7e-m+fp/softfp/libg.a(lib_a-mprec.o)
                0x00000000080062e4                __multiply
 .text.__pow5mult
                0x0000000008006428       0xa0 /Users/dmitry/STM32/gcc-arm-none-eabi-9-2019-q4-major/bin/../lib/gcc/arm-none-eabi/9.2.1/../../../../arm-none-eabi/lib/thumb/v7e-m+fp/softfp/libg.a(lib_a-mprec.o)
                0x0000000008006428                __pow5mult
 .text.__lshift
                0x00000000080064c8       0xd4 /Users/dmitry/STM32/gcc-arm-none-eabi-9-2019-q4-major/bin/../lib/gcc/arm-none-eabi/9.2.1/../../../../arm-none-eabi/lib/thumb/v7e-m+fp/softfp/libg.a(lib_a-mprec.o)
                0x00000000080064c8                __lshift
 .text.__mcmp   0x000000000800659c       0x3c /Users/dmitry/STM32/gcc-arm-none-eabi-9-2019-q4-major/bin/../lib/gcc/arm-none-eabi/9.2.1/../../../../arm-none-eabi/lib/thumb/v7e-m+fp/softfp/libg.a(lib_a-mprec.o)
                0x000000000800659c                __mcmp
 .text.__mdiff  0x00000000080065d8      0x138 /Users/dmitry/STM32/gcc-arm-none-eabi-9-2019-q4-major/bin/../lib/gcc/arm-none-eabi/9.2.1/../../../../arm-none-eabi/lib/thumb/v7e-m+fp/softfp/libg.a(lib_a-mprec.o)
                0x00000000080065d8                __mdiff
 .text.__d2b    0x0000000008006710       0xbc /Users/dmitry/STM32/gcc-arm-none-eabi-9-2019-q4-major/bin/../lib/gcc/arm-none-eabi/9.2.1/../../../../arm-none-eabi/lib/thumb/v7e-m+fp/softfp/libg.a(lib_a-mprec.o)
                0x0000000008006710                __d2b
 .text.frexp    0x00000000080067cc       0x70 /Users/dmitry/STM32/gcc-arm-none-eabi-9-2019-q4-major/bin/../lib/gcc/arm-none-eabi/9.2.1/../../../../arm-none-eabi/lib/thumb/v7e-m+fp/softfp/libg.a(lib_a-s_frexp.o)
                0x00000000080067cc                frexp
 .text._sbrk_r  0x000000000800683c       0x24 /Users/dmitry/STM32/gcc-arm-none-eabi-9-2019-q4-major/bin/../lib/gcc/arm-none-eabi/9.2.1/../../../../arm-none-eabi/lib/thumb/v7e-m+fp/softfp/libg.a(lib_a-sbrkr.o)
                0x000000000800683c                _sbrk_r
 .text.strncpy  0x0000000008006860       0x68 /Users/dmitry/STM32/gcc-arm-none-eabi-9-2019-q4-major/bin/../lib/gcc/arm-none-eabi/9.2.1/../../../../arm-none-eabi/lib/thumb/v7e-m+fp/softfp/libg.a(lib_a-strncpy.o)
                0x0000000008006860                strncpy
 .text.__ssprint_r
                0x00000000080068c8       0xf8 /Users/dmitry/STM32/gcc-arm-none-eabi-9-2019-q4-major/bin/../lib/gcc/arm-none-eabi/9.2.1/../../../../arm-none-eabi/lib/thumb/v7e-m+fp/softfp/libg.a(lib_a-svfiprintf.o)
                0x00000000080068c8                __ssprint_r
 .text.__register_exitproc
                0x00000000080069c0       0x8c /Users/dmitry/STM32/gcc-arm-none-eabi-9-2019-q4-major/bin/../lib/gcc/arm-none-eabi/9.2.1/../../../../arm-none-eabi/lib/thumb/v7e-m+fp/softfp/libg.a(lib_a-__atexit.o)
                0x00000000080069c0                __register_exitproc
 .text._calloc_r
                0x0000000008006a4c       0x60 /Users/dmitry/STM32/gcc-arm-none-eabi-9-2019-q4-major/bin/../lib/gcc/arm-none-eabi/9.2.1/../../../../arm-none-eabi/lib/thumb/v7e-m+fp/softfp/libg.a(lib_a-callocr.o)
                0x0000000008006a4c                _calloc_r
 .text.__ascii_mbtowc
                0x0000000008006aac       0x2c /Users/dmitry/STM32/gcc-arm-none-eabi-9-2019-q4-major/bin/../lib/gcc/arm-none-eabi/9.2.1/../../../../arm-none-eabi/lib/thumb/v7e-m+fp/softfp/libg.a(lib_a-mbtowc_r.o)
                0x0000000008006aac                __ascii_mbtowc
 .text.memmove  0x0000000008006ad8       0xd8 /Users/dmitry/STM32/gcc-arm-none-eabi-9-2019-q4-major/bin/../lib/gcc/arm-none-eabi/9.2.1/../../../../arm-none-eabi/lib/thumb/v7e-m+fp/softfp/libg.a(lib_a-memmove.o)
                0x0000000008006ad8                memmove
 .text._realloc_r
                0x0000000008006bb0      0x3e0 /Users/dmitry/STM32/gcc-arm-none-eabi-9-2019-q4-major/bin/../lib/gcc/arm-none-eabi/9.2.1/../../../../arm-none-eabi/lib/thumb/v7e-m+fp/softfp/libg.a(lib_a-reallocr.o)
                0x0000000008006bb0                _realloc_r
 .text.__ascii_wctomb
                0x0000000008006f90       0x1c /Users/dmitry/STM32/gcc-arm-none-eabi-9-2019-q4-major/bin/../lib/gcc/arm-none-eabi/9.2.1/../../../../arm-none-eabi/lib/thumb/v7e-m+fp/softfp/libg.a(lib_a-wctomb_r.o)
                0x0000000008006f90                __ascii_wctomb
 *(.glue_7)
 .glue_7        0x0000000008006fac        0x0 linker stubs
 *(.glue_7t)
 .glue_7t       0x0000000008006fac        0x0 linker stubs
 *(.eh_frame)
 .eh_frame      0x0000000008006fac        0x0 /Users/dmitry/STM32/gcc-arm-none-eabi-9-2019-q4-major/bin/../lib/gcc/arm-none-eabi/9.2.1/thumb/v7e-m+fp/softfp/crtbegin.o
 *(.init)
 .init          0x0000000008006fac        0x4 /Users/dmitry/STM32/gcc-arm-none-eabi-9-2019-q4-major/bin/../lib/gcc/arm-none-eabi/9.2.1/thumb/v7e-m+fp/softfp/crti.o
                0x0000000008006fac                _init
 .init          0x0000000008006fb0        0x8 /Users/dmitry/STM32/gcc-arm-none-eabi-9-2019-q4-major/bin/../lib/gcc/arm-none-eabi/9.2.1/thumb/v7e-m+fp/softfp/crtn.o
 *(.fini)
 .fini          0x0000000008006fb8        0x4 /Users/dmitry/STM32/gcc-arm-none-eabi-9-2019-q4-major/bin/../lib/gcc/arm-none-eabi/9.2.1/thumb/v7e-m+fp/softfp/crti.o
                0x0000000008006fb8                _fini
 .fini          0x0000000008006fbc        0x8 /Users/dmitry/STM32/gcc-arm-none-eabi-9-2019-q4-major/bin/../lib/gcc/arm-none-eabi/9.2.1/thumb/v7e-m+fp/softfp/crtn.o
                0x0000000008006fc4                . = ALIGN (0x4)
                0x0000000008006fc4                _etext = .

.vfp11_veneer   0x0000000008006fc4        0x0
 .vfp11_veneer  0x0000000008006fc4        0x0 linker stubs

.v4_bx          0x0000000008006fc4        0x0
 .v4_bx         0x0000000008006fc4        0x0 linker stubs

.iplt           0x0000000008006fc4        0x0
 .iplt          0x0000000008006fc4        0x0 /Users/dmitry/STM32/gcc-arm-none-eabi-9-2019-q4-major/bin/../lib/gcc/arm-none-eabi/9.2.1/thumb/v7e-m+fp/softfp/crtfastmath.o

.rodata         0x0000000008006fc8      0x2a8
                0x0000000008006fc8                . = ALIGN (0x4)
 *(.rodata)
 *(.rodata*)
 .rodata.main.str1.4
                0x0000000008006fc8        0x8 CMakeFiles/anal_mic_rel.dir/Src/main.c.obj
 .rodata.AHBPrescTable
                0x0000000008006fd0       0x10 CMakeFiles/anal_mic_rel.dir/Users/dmitry/STM32Cube/Repository/STM32Cube_FW_F4_V1.25.0/Drivers/CMSIS/Device/ST/STM32F4xx/Source/Templates/system_stm32f4xx.c.obj
                0x0000000008006fd0                AHBPrescTable
 .rodata.APBPrescTable
                0x0000000008006fe0        0x8 CMakeFiles/anal_mic_rel.dir/Users/dmitry/STM32Cube/Repository/STM32Cube_FW_F4_V1.25.0/Drivers/CMSIS/Device/ST/STM32F4xx/Source/Templates/system_stm32f4xx.c.obj
                0x0000000008006fe0                APBPrescTable
 .rodata._global_impure_ptr
                0x0000000008006fe8        0x4 /Users/dmitry/STM32/gcc-arm-none-eabi-9-2019-q4-major/bin/../lib/gcc/arm-none-eabi/9.2.1/../../../../arm-none-eabi/lib/thumb/v7e-m+fp/softfp/libg.a(lib_a-impure.o)
                0x0000000008006fe8                _global_impure_ptr
 .rodata._svfprintf_r.str1.4
                0x0000000008006fec       0x42 /Users/dmitry/STM32/gcc-arm-none-eabi-9-2019-q4-major/bin/../lib/gcc/arm-none-eabi/9.2.1/../../../../arm-none-eabi/lib/thumb/v7e-m+fp/softfp/libg.a(lib_a-svfprintf.o)
 *fill*         0x000000000800702e        0x2 
 .rodata.blanks.8708
                0x0000000008007030       0x10 /Users/dmitry/STM32/gcc-arm-none-eabi-9-2019-q4-major/bin/../lib/gcc/arm-none-eabi/9.2.1/../../../../arm-none-eabi/lib/thumb/v7e-m+fp/softfp/libg.a(lib_a-svfprintf.o)
 .rodata.zeroes.8709
                0x0000000008007040       0x10 /Users/dmitry/STM32/gcc-arm-none-eabi-9-2019-q4-major/bin/../lib/gcc/arm-none-eabi/9.2.1/../../../../arm-none-eabi/lib/thumb/v7e-m+fp/softfp/libg.a(lib_a-svfprintf.o)
 .rodata._dtoa_r.str1.4
                0x0000000008007050        0xd /Users/dmitry/STM32/gcc-arm-none-eabi-9-2019-q4-major/bin/../lib/gcc/arm-none-eabi/9.2.1/../../../../arm-none-eabi/lib/thumb/v7e-m+fp/softfp/libg.a(lib_a-dtoa.o)
                                         0x12 (size before relaxing)
 *fill*         0x000000000800705d        0x3 
 .rodata.__mprec_bigtens
                0x0000000008007060       0x28 /Users/dmitry/STM32/gcc-arm-none-eabi-9-2019-q4-major/bin/../lib/gcc/arm-none-eabi/9.2.1/../../../../arm-none-eabi/lib/thumb/v7e-m+fp/softfp/libg.a(lib_a-mprec.o)
                0x0000000008007060                __mprec_bigtens
 .rodata.__mprec_tens
                0x0000000008007088       0xc8 /Users/dmitry/STM32/gcc-arm-none-eabi-9-2019-q4-major/bin/../lib/gcc/arm-none-eabi/9.2.1/../../../../arm-none-eabi/lib/thumb/v7e-m+fp/softfp/libg.a(lib_a-mprec.o)
                0x0000000008007088                __mprec_tens
 .rodata.p05.7478
                0x0000000008007150        0xc /Users/dmitry/STM32/gcc-arm-none-eabi-9-2019-q4-major/bin/../lib/gcc/arm-none-eabi/9.2.1/../../../../arm-none-eabi/lib/thumb/v7e-m+fp/softfp/libg.a(lib_a-mprec.o)
 .rodata._setlocale_r.str1.4
                0x000000000800715c        0xa /Users/dmitry/STM32/gcc-arm-none-eabi-9-2019-q4-major/bin/../lib/gcc/arm-none-eabi/9.2.1/../../../../arm-none-eabi/lib/thumb/v7e-m+fp/softfp/libg.a(lib_a-locale.o)
                                          0xd (size before relaxing)
 *fill*         0x0000000008007166        0x2 
 .rodata.str1.4
                0x0000000008007168        0x2 /Users/dmitry/STM32/gcc-arm-none-eabi-9-2019-q4-major/bin/../lib/gcc/arm-none-eabi/9.2.1/../../../../arm-none-eabi/lib/thumb/v7e-m+fp/softfp/libg.a(lib_a-locale.o)
 *fill*         0x000000000800716a        0x2 
 .rodata._ctype_
                0x000000000800716c      0x101 /Users/dmitry/STM32/gcc-arm-none-eabi-9-2019-q4-major/bin/../lib/gcc/arm-none-eabi/9.2.1/../../../../arm-none-eabi/lib/thumb/v7e-m+fp/softfp/libg.a(lib_a-ctype_.o)
                0x000000000800716c                _ctype_
                0x0000000008007270                . = ALIGN (0x4)
 *fill*         0x000000000800726d        0x3 

.ARM.extab
 *(.ARM.extab* .gnu.linkonce.armextab.*)

.ARM            0x0000000008007270        0x8
                0x0000000008007270                __exidx_start = .
 *(.ARM.exidx*)
 .ARM.exidx     0x0000000008007270        0x8 /Users/dmitry/STM32/gcc-arm-none-eabi-9-2019-q4-major/bin/../lib/gcc/arm-none-eabi/9.2.1/thumb/v7e-m+fp/softfp/libgcc.a(_udivmoddi4.o)
                0x0000000008007278                __exidx_end = .

.rel.dyn        0x0000000008007278        0x0
 .rel.iplt      0x0000000008007278        0x0 /Users/dmitry/STM32/gcc-arm-none-eabi-9-2019-q4-major/bin/../lib/gcc/arm-none-eabi/9.2.1/thumb/v7e-m+fp/softfp/crtfastmath.o

.preinit_array  0x0000000008007278        0x0
                0x0000000008007278                PROVIDE (__preinit_array_start = .)
 *(.preinit_array*)
                0x0000000008007278                PROVIDE (__preinit_array_end = .)

.init_array     0x0000000008007278        0xc
                0x0000000008007278                PROVIDE (__init_array_start = .)
 *(SORT_BY_NAME(.init_array.*))
 .init_array.00000
                0x0000000008007278        0x4 /Users/dmitry/STM32/gcc-arm-none-eabi-9-2019-q4-major/bin/../lib/gcc/arm-none-eabi/9.2.1/../../../../arm-none-eabi/lib/thumb/v7e-m+fp/softfp/libg.a(lib_a-__call_atexit.o)
 *(.init_array*)
 .init_array    0x000000000800727c        0x4 /Users/dmitry/STM32/gcc-arm-none-eabi-9-2019-q4-major/bin/../lib/gcc/arm-none-eabi/9.2.1/thumb/v7e-m+fp/softfp/crtfastmath.o
 .init_array    0x0000000008007280        0x4 /Users/dmitry/STM32/gcc-arm-none-eabi-9-2019-q4-major/bin/../lib/gcc/arm-none-eabi/9.2.1/thumb/v7e-m+fp/softfp/crtbegin.o
                0x0000000008007284                PROVIDE (__init_array_end = .)

.fini_array     0x0000000008007284        0x4
                0x0000000008007284                PROVIDE (__fini_array_start = .)
 *(SORT_BY_NAME(.fini_array.*))
 *(.fini_array*)
 .fini_array    0x0000000008007284        0x4 /Users/dmitry/STM32/gcc-arm-none-eabi-9-2019-q4-major/bin/../lib/gcc/arm-none-eabi/9.2.1/thumb/v7e-m+fp/softfp/crtbegin.o
                0x0000000008007288                PROVIDE (__fini_array_end = .)
                0x0000000008007288                _sidata = LOADADDR (.data)

.data           0x0000000020000000      0x9c0 load address 0x0000000008007288
                0x0000000020000000                . = ALIGN (0x4)
                0x0000000020000000                _sdata = .
 *(.data)
 *(.data*)
 .data.MAX_MODE
                0x0000000020000000        0x1 CMakeFiles/anal_mic_rel.dir/Src/main.c.obj
                0x0000000020000000                MAX_MODE
 *fill*         0x0000000020000001        0x3 
 .data.SystemCoreClock
                0x0000000020000004        0x4 CMakeFiles/anal_mic_rel.dir/Users/dmitry/STM32Cube/Repository/STM32Cube_FW_F4_V1.25.0/Drivers/CMSIS/Device/ST/STM32F4xx/Source/Templates/system_stm32f4xx.c.obj
                0x0000000020000004                SystemCoreClock
 .data.uwTickFreq
                0x0000000020000008        0x1 CMakeFiles/anal_mic_rel.dir/Users/dmitry/STM32Cube/Repository/STM32Cube_FW_F4_V1.25.0/Drivers/STM32F4xx_HAL_Driver/Src/stm32f4xx_hal.c.obj
                0x0000000020000008                uwTickFreq
 *fill*         0x0000000020000009        0x3 
 .data.uwTickPrio
                0x000000002000000c        0x4 CMakeFiles/anal_mic_rel.dir/Users/dmitry/STM32Cube/Repository/STM32Cube_FW_F4_V1.25.0/Drivers/STM32F4xx_HAL_Driver/Src/stm32f4xx_hal.c.obj
                0x000000002000000c                uwTickPrio
 .data._impure_ptr
                0x0000000020000010        0x4 /Users/dmitry/STM32/gcc-arm-none-eabi-9-2019-q4-major/bin/../lib/gcc/arm-none-eabi/9.2.1/../../../../arm-none-eabi/lib/thumb/v7e-m+fp/softfp/libg.a(lib_a-impure.o)
                0x0000000020000010                _impure_ptr
 *fill*         0x0000000020000014        0x4 
 .data.impure_data
                0x0000000020000018      0x428 /Users/dmitry/STM32/gcc-arm-none-eabi-9-2019-q4-major/bin/../lib/gcc/arm-none-eabi/9.2.1/../../../../arm-none-eabi/lib/thumb/v7e-m+fp/softfp/libg.a(lib_a-impure.o)
 .data.__atexit_recursive_mutex
                0x0000000020000440        0x4 /Users/dmitry/STM32/gcc-arm-none-eabi-9-2019-q4-major/bin/../lib/gcc/arm-none-eabi/9.2.1/../../../../arm-none-eabi/lib/thumb/v7e-m+fp/softfp/libg.a(lib_a-__call_atexit.o)
                0x0000000020000440                __atexit_recursive_mutex
 .data.__malloc_av_
                0x0000000020000444      0x408 /Users/dmitry/STM32/gcc-arm-none-eabi-9-2019-q4-major/bin/../lib/gcc/arm-none-eabi/9.2.1/../../../../arm-none-eabi/lib/thumb/v7e-m+fp/softfp/libg.a(lib_a-mallocr.o)
                0x0000000020000444                __malloc_av_
 .data.__malloc_sbrk_base
                0x000000002000084c        0x4 /Users/dmitry/STM32/gcc-arm-none-eabi-9-2019-q4-major/bin/../lib/gcc/arm-none-eabi/9.2.1/../../../../arm-none-eabi/lib/thumb/v7e-m+fp/softfp/libg.a(lib_a-mallocr.o)
                0x000000002000084c                __malloc_sbrk_base
 .data.__malloc_trim_threshold
                0x0000000020000850        0x4 /Users/dmitry/STM32/gcc-arm-none-eabi-9-2019-q4-major/bin/../lib/gcc/arm-none-eabi/9.2.1/../../../../arm-none-eabi/lib/thumb/v7e-m+fp/softfp/libg.a(lib_a-mallocr.o)
                0x0000000020000850                __malloc_trim_threshold
 .data.__global_locale
                0x0000000020000854      0x16c /Users/dmitry/STM32/gcc-arm-none-eabi-9-2019-q4-major/bin/../lib/gcc/arm-none-eabi/9.2.1/../../../../arm-none-eabi/lib/thumb/v7e-m+fp/softfp/libg.a(lib_a-locale.o)
                0x0000000020000854                __global_locale
                0x00000000200009c0                . = ALIGN (0x4)
                0x00000000200009c0                _edata = .
                0x0000000008007c48                _siccmram = LOADADDR (.ccmram)

.igot.plt       0x00000000200009c0        0x0 load address 0x0000000008007c48
 .igot.plt      0x00000000200009c0        0x0 /Users/dmitry/STM32/gcc-arm-none-eabi-9-2019-q4-major/bin/../lib/gcc/arm-none-eabi/9.2.1/thumb/v7e-m+fp/softfp/crtfastmath.o

.ccmram         0x0000000010000000        0x0 load address 0x0000000008007c48
                0x0000000010000000                . = ALIGN (0x4)
                0x0000000010000000                _sccmram = .
 *(.ccmram)
 *(.ccmram*)
                0x0000000010000000                . = ALIGN (0x4)
                0x0000000010000000                _eccmram = .
                0x0000000010000000                . = ALIGN (0x4)

.bss            0x00000000200009c0      0x970
                0x00000000200009c0                _sbss = .
                0x00000000200009c0                __bss_start__ = _sbss
 *(.bss)
 .bss           0x00000000200009c0       0x1c /Users/dmitry/STM32/gcc-arm-none-eabi-9-2019-q4-major/bin/../lib/gcc/arm-none-eabi/9.2.1/thumb/v7e-m+fp/softfp/crtbegin.o
 *(.bss*)
 .bss.CURRENT_SAMPLE
                0x00000000200009dc        0x2 CMakeFiles/anal_mic_rel.dir/Src/main.c.obj
                0x00000000200009dc                CURRENT_SAMPLE
 *fill*         0x00000000200009de        0x2 
 .bss.angle     0x00000000200009e0        0x4 CMakeFiles/anal_mic_rel.dir/Src/main.c.obj
                0x00000000200009e0                angle
 .bss.mode      0x00000000200009e4        0x1 CMakeFiles/anal_mic_rel.dir/Src/main.c.obj
                0x00000000200009e4                mode
 .bss.shift     0x00000000200009e5        0x1 CMakeFiles/anal_mic_rel.dir/Src/main.c.obj
                0x00000000200009e5                shift
 *fill*         0x00000000200009e6        0x2 
 .bss.__malloc_current_mallinfo
                0x00000000200009e8       0x28 /Users/dmitry/STM32/gcc-arm-none-eabi-9-2019-q4-major/bin/../lib/gcc/arm-none-eabi/9.2.1/../../../../arm-none-eabi/lib/thumb/v7e-m+fp/softfp/libg.a(lib_a-mallocr.o)
                0x00000000200009e8                __malloc_current_mallinfo
 .bss.__malloc_max_sbrked_mem
                0x0000000020000a10        0x4 /Users/dmitry/STM32/gcc-arm-none-eabi-9-2019-q4-major/bin/../lib/gcc/arm-none-eabi/9.2.1/../../../../arm-none-eabi/lib/thumb/v7e-m+fp/softfp/libg.a(lib_a-mallocr.o)
                0x0000000020000a10                __malloc_max_sbrked_mem
 .bss.__malloc_max_total_mem
                0x0000000020000a14        0x4 /Users/dmitry/STM32/gcc-arm-none-eabi-9-2019-q4-major/bin/../lib/gcc/arm-none-eabi/9.2.1/../../../../arm-none-eabi/lib/thumb/v7e-m+fp/softfp/libg.a(lib_a-mallocr.o)
                0x0000000020000a14                __malloc_max_total_mem
 .bss.__malloc_top_pad
                0x0000000020000a18        0x4 /Users/dmitry/STM32/gcc-arm-none-eabi-9-2019-q4-major/bin/../lib/gcc/arm-none-eabi/9.2.1/../../../../arm-none-eabi/lib/thumb/v7e-m+fp/softfp/libg.a(lib_a-mallocr.o)
                0x0000000020000a18                __malloc_top_pad
 *(COMMON)
 COMMON         0x0000000020000a1c       0x48 CMakeFiles/anal_mic_rel.dir/Src/adc.c.obj
                0x0000000020000a1c                hadc1
 COMMON         0x0000000020000a64      0x820 CMakeFiles/anal_mic_rel.dir/Src/main.c.obj
                0x0000000020000a64                MIC_STR
                0x0000000020000a84                MIC_SAMPLES
 COMMON         0x0000000020001284       0x40 CMakeFiles/anal_mic_rel.dir/Src/tim.c.obj
                0x0000000020001284                htim10
 COMMON         0x00000000200012c4       0x40 CMakeFiles/anal_mic_rel.dir/Src/usart.c.obj
                0x00000000200012c4                huart2
 COMMON         0x0000000020001304        0x4 CMakeFiles/anal_mic_rel.dir/Users/dmitry/STM32Cube/Repository/STM32Cube_FW_F4_V1.25.0/Drivers/STM32F4xx_HAL_Driver/Src/stm32f4xx_hal.c.obj
                0x0000000020001304                uwTick
 COMMON         0x0000000020001308       0x21 /Users/dmitry/STM32/gcc-arm-none-eabi-9-2019-q4-major/bin/../lib/gcc/arm-none-eabi/9.2.1/../../../../arm-none-eabi/lib/thumb/v7e-m+fp/softfp/libg.a(lib_a-lock.o)
                0x0000000020001308                __lock___atexit_recursive_mutex
                0x000000002000130c                __lock___arc4random_mutex
                0x0000000020001310                __lock___env_recursive_mutex
                0x0000000020001314                __lock___sinit_recursive_mutex
                0x0000000020001318                __lock___malloc_recursive_mutex
                0x000000002000131c                __lock___at_quick_exit_mutex
                0x0000000020001320                __lock___dd_hash_mutex
                0x0000000020001324                __lock___tz_mutex
                0x0000000020001328                __lock___sfp_recursive_mutex
 *fill*         0x0000000020001329        0x3 
 COMMON         0x000000002000132c        0x4 /Users/dmitry/STM32/gcc-arm-none-eabi-9-2019-q4-major/bin/../lib/gcc/arm-none-eabi/9.2.1/../../../../arm-none-eabi/lib/thumb/v7e-m+fp/softfp/libg.a(lib_a-reent.o)
                0x000000002000132c                errno
                0x0000000020001330                . = ALIGN (0x4)
                0x0000000020001330                _ebss = .
                0x0000000020001330                __bss_end__ = _ebss

._user_heap_stack
                0x0000000020001330      0x200
                0x0000000020001330                . = ALIGN (0x4)
                [!provide]                        PROVIDE (end = .)
                [!provide]                        PROVIDE (_end = .)
                0x0000000020001330                . = (. + _Min_Heap_Size)
                0x0000000020001530                . = (. + _Min_Stack_Size)
 *fill*         0x0000000020001330      0x200 
                0x0000000020001530                . = ALIGN (0x4)

/DISCARD/
 libc.a(*)
 libm.a(*)
 libgcc.a(*)

.ARM.attributes
                0x0000000000000000       0x30
 *(.ARM.attributes)
 .ARM.attributes
                0x0000000000000000       0x32 /Users/dmitry/STM32/gcc-arm-none-eabi-9-2019-q4-major/bin/../lib/gcc/arm-none-eabi/9.2.1/thumb/v7e-m+fp/softfp/crtfastmath.o
 .ARM.attributes
                0x0000000000000032       0x1e /Users/dmitry/STM32/gcc-arm-none-eabi-9-2019-q4-major/bin/../lib/gcc/arm-none-eabi/9.2.1/thumb/v7e-m+fp/softfp/crti.o
 .ARM.attributes
                0x0000000000000050       0x32 /Users/dmitry/STM32/gcc-arm-none-eabi-9-2019-q4-major/bin/../lib/gcc/arm-none-eabi/9.2.1/thumb/v7e-m+fp/softfp/crtbegin.o
 .ARM.attributes
                0x0000000000000082       0x2e CMakeFiles/anal_mic_rel.dir/Src/adc.c.obj
 .ARM.attributes
                0x00000000000000b0       0x2e CMakeFiles/anal_mic_rel.dir/Src/gpio.c.obj
 .ARM.attributes
                0x00000000000000de       0x2e CMakeFiles/anal_mic_rel.dir/Src/main.c.obj
 .ARM.attributes
                0x000000000000010c       0x2e CMakeFiles/anal_mic_rel.dir/Src/stm32f4xx_hal_msp.c.obj
 .ARM.attributes
                0x000000000000013a       0x2e CMakeFiles/anal_mic_rel.dir/Src/stm32f4xx_it.c.obj
 .ARM.attributes
                0x0000000000000168       0x2e CMakeFiles/anal_mic_rel.dir/Src/tim.c.obj
 .ARM.attributes
                0x0000000000000196       0x2e CMakeFiles/anal_mic_rel.dir/Src/usart.c.obj
 .ARM.attributes
                0x00000000000001c4       0x2e CMakeFiles/anal_mic_rel.dir/Users/dmitry/STM32Cube/Repository/STM32Cube_FW_F4_V1.25.0/Drivers/CMSIS/Device/ST/STM32F4xx/Source/Templates/system_stm32f4xx.c.obj
 .ARM.attributes
                0x00000000000001f2       0x21 CMakeFiles/anal_mic_rel.dir/Users/dmitry/STM32Cube/Repository/STM32Cube_FW_F4_V1.25.0/Drivers/CMSIS/Device/ST/STM32F4xx/Source/Templates/gcc/startup_stm32f401xe.s.obj
 .ARM.attributes
                0x0000000000000213       0x2e CMakeFiles/anal_mic_rel.dir/Users/dmitry/STM32Cube/Repository/STM32Cube_FW_F4_V1.25.0/Drivers/STM32F4xx_HAL_Driver/Src/stm32f4xx_hal.c.obj
 .ARM.attributes
                0x0000000000000241       0x2e CMakeFiles/anal_mic_rel.dir/Users/dmitry/STM32Cube/Repository/STM32Cube_FW_F4_V1.25.0/Drivers/STM32F4xx_HAL_Driver/Src/stm32f4xx_hal_adc.c.obj
 .ARM.attributes
                0x000000000000026f       0x2e CMakeFiles/anal_mic_rel.dir/Users/dmitry/STM32Cube/Repository/STM32Cube_FW_F4_V1.25.0/Drivers/STM32F4xx_HAL_Driver/Src/stm32f4xx_hal_adc_ex.c.obj
 .ARM.attributes
                0x000000000000029d       0x2e CMakeFiles/anal_mic_rel.dir/Users/dmitry/STM32Cube/Repository/STM32Cube_FW_F4_V1.25.0/Drivers/STM32F4xx_HAL_Driver/Src/stm32f4xx_hal_cortex.c.obj
 .ARM.attributes
                0x00000000000002cb       0x2e CMakeFiles/anal_mic_rel.dir/Users/dmitry/STM32Cube/Repository/STM32Cube_FW_F4_V1.25.0/Drivers/STM32F4xx_HAL_Driver/Src/stm32f4xx_hal_gpio.c.obj
 .ARM.attributes
                0x00000000000002f9       0x2e CMakeFiles/anal_mic_rel.dir/Users/dmitry/STM32Cube/Repository/STM32Cube_FW_F4_V1.25.0/Drivers/STM32F4xx_HAL_Driver/Src/stm32f4xx_hal_rcc.c.obj
 .ARM.attributes
                0x0000000000000327       0x2e CMakeFiles/anal_mic_rel.dir/Users/dmitry/STM32Cube/Repository/STM32Cube_FW_F4_V1.25.0/Drivers/STM32F4xx_HAL_Driver/Src/stm32f4xx_hal_tim.c.obj
 .ARM.attributes
                0x0000000000000355       0x2e CMakeFiles/anal_mic_rel.dir/Users/dmitry/STM32Cube/Repository/STM32Cube_FW_F4_V1.25.0/Drivers/STM32F4xx_HAL_Driver/Src/stm32f4xx_hal_tim_ex.c.obj
 .ARM.attributes
                0x0000000000000383       0x2e CMakeFiles/anal_mic_rel.dir/Users/dmitry/STM32Cube/Repository/STM32Cube_FW_F4_V1.25.0/Drivers/STM32F4xx_HAL_Driver/Src/stm32f4xx_hal_uart.c.obj
 .ARM.attributes
                0x00000000000003b1       0x1e /Users/dmitry/STM32/gcc-arm-none-eabi-9-2019-q4-major/bin/../lib/gcc/arm-none-eabi/9.2.1/thumb/v7e-m+fp/softfp/libgcc.a(_arm_addsubdf3.o)
 .ARM.attributes
                0x00000000000003cf       0x1e /Users/dmitry/STM32/gcc-arm-none-eabi-9-2019-q4-major/bin/../lib/gcc/arm-none-eabi/9.2.1/thumb/v7e-m+fp/softfp/libgcc.a(_arm_truncdfsf2.o)
 .ARM.attributes
                0x00000000000003ed       0x1e /Users/dmitry/STM32/gcc-arm-none-eabi-9-2019-q4-major/bin/../lib/gcc/arm-none-eabi/9.2.1/thumb/v7e-m+fp/softfp/libgcc.a(_aeabi_uldivmod.o)
 .ARM.attributes
                0x000000000000040b       0x32 /Users/dmitry/STM32/gcc-arm-none-eabi-9-2019-q4-major/bin/../lib/gcc/arm-none-eabi/9.2.1/thumb/v7e-m+fp/softfp/libgcc.a(_udivmoddi4.o)
 .ARM.attributes
                0x000000000000043d       0x1e /Users/dmitry/STM32/gcc-arm-none-eabi-9-2019-q4-major/bin/../lib/gcc/arm-none-eabi/9.2.1/thumb/v7e-m+fp/softfp/libgcc.a(_dvmd_tls.o)
 .ARM.attributes
                0x000000000000045b       0x30 /Users/dmitry/STM32/gcc-arm-none-eabi-9-2019-q4-major/bin/../lib/gcc/arm-none-eabi/9.2.1/../../../../arm-none-eabi/lib/thumb/v7e-m+fp/softfp/libg.a(lib_a-impure.o)
 .ARM.attributes
                0x000000000000048b       0x32 /Users/dmitry/STM32/gcc-arm-none-eabi-9-2019-q4-major/bin/../lib/gcc/arm-none-eabi/9.2.1/../../../../arm-none-eabi/lib/thumb/v7e-m+fp/softfp/libg.a(lib_a-init.o)
 .ARM.attributes
                0x00000000000004bd       0x32 /Users/dmitry/STM32/gcc-arm-none-eabi-9-2019-q4-major/bin/../lib/gcc/arm-none-eabi/9.2.1/../../../../arm-none-eabi/lib/thumb/v7e-m+fp/softfp/libg.a(lib_a-memset.o)
 .ARM.attributes
                0x00000000000004ef       0x32 /Users/dmitry/STM32/gcc-arm-none-eabi-9-2019-q4-major/bin/../lib/gcc/arm-none-eabi/9.2.1/../../../../arm-none-eabi/lib/thumb/v7e-m+fp/softfp/libg.a(lib_a-sprintf.o)
 .ARM.attributes
                0x0000000000000521       0x32 /Users/dmitry/STM32/gcc-arm-none-eabi-9-2019-q4-major/bin/../lib/gcc/arm-none-eabi/9.2.1/../../../../arm-none-eabi/lib/thumb/v7e-m+fp/softfp/libg.a(lib_a-svfprintf.o)
 .ARM.attributes
                0x0000000000000553       0x32 /Users/dmitry/STM32/gcc-arm-none-eabi-9-2019-q4-major/bin/../lib/gcc/arm-none-eabi/9.2.1/../../../../arm-none-eabi/lib/thumb/v7e-m+fp/softfp/libg.a(lib_a-__call_atexit.o)
 .ARM.attributes
                0x0000000000000585       0x32 /Users/dmitry/STM32/gcc-arm-none-eabi-9-2019-q4-major/bin/../lib/gcc/arm-none-eabi/9.2.1/../../../../arm-none-eabi/lib/thumb/v7e-m+fp/softfp/libg.a(lib_a-atexit.o)
 .ARM.attributes
                0x00000000000005b7       0x32 /Users/dmitry/STM32/gcc-arm-none-eabi-9-2019-q4-major/bin/../lib/gcc/arm-none-eabi/9.2.1/../../../../arm-none-eabi/lib/thumb/v7e-m+fp/softfp/libg.a(lib_a-dtoa.o)
 .ARM.attributes
                0x00000000000005e9       0x32 /Users/dmitry/STM32/gcc-arm-none-eabi-9-2019-q4-major/bin/../lib/gcc/arm-none-eabi/9.2.1/../../../../arm-none-eabi/lib/thumb/v7e-m+fp/softfp/libg.a(lib_a-fini.o)
 .ARM.attributes
                0x000000000000061b       0x32 /Users/dmitry/STM32/gcc-arm-none-eabi-9-2019-q4-major/bin/../lib/gcc/arm-none-eabi/9.2.1/../../../../arm-none-eabi/lib/thumb/v7e-m+fp/softfp/libg.a(lib_a-freer.o)
 .ARM.attributes
                0x000000000000064d       0x32 /Users/dmitry/STM32/gcc-arm-none-eabi-9-2019-q4-major/bin/../lib/gcc/arm-none-eabi/9.2.1/../../../../arm-none-eabi/lib/thumb/v7e-m+fp/softfp/libg.a(lib_a-localeconv.o)
 .ARM.attributes
                0x000000000000067f       0x32 /Users/dmitry/STM32/gcc-arm-none-eabi-9-2019-q4-major/bin/../lib/gcc/arm-none-eabi/9.2.1/../../../../arm-none-eabi/lib/thumb/v7e-m+fp/softfp/libg.a(lib_a-lock.o)
 .ARM.attributes
                0x00000000000006b1       0x32 /Users/dmitry/STM32/gcc-arm-none-eabi-9-2019-q4-major/bin/../lib/gcc/arm-none-eabi/9.2.1/../../../../arm-none-eabi/lib/thumb/v7e-m+fp/softfp/libg.a(lib_a-mallocr.o)
 .ARM.attributes
                0x00000000000006e3       0x1c /Users/dmitry/STM32/gcc-arm-none-eabi-9-2019-q4-major/bin/../lib/gcc/arm-none-eabi/9.2.1/../../../../arm-none-eabi/lib/thumb/v7e-m+fp/softfp/libg.a(lib_a-memchr.o)
 .ARM.attributes
                0x00000000000006ff       0x1c /Users/dmitry/STM32/gcc-arm-none-eabi-9-2019-q4-major/bin/../lib/gcc/arm-none-eabi/9.2.1/../../../../arm-none-eabi/lib/thumb/v7e-m+fp/softfp/libg.a(lib_a-memcpy.o)
 .ARM.attributes
                0x000000000000071b       0x32 /Users/dmitry/STM32/gcc-arm-none-eabi-9-2019-q4-major/bin/../lib/gcc/arm-none-eabi/9.2.1/../../../../arm-none-eabi/lib/thumb/v7e-m+fp/softfp/libg.a(lib_a-mlock.o)
 .ARM.attributes
                0x000000000000074d       0x32 /Users/dmitry/STM32/gcc-arm-none-eabi-9-2019-q4-major/bin/../lib/gcc/arm-none-eabi/9.2.1/../../../../arm-none-eabi/lib/thumb/v7e-m+fp/softfp/libg.a(lib_a-mprec.o)
 .ARM.attributes
                0x000000000000077f       0x32 /Users/dmitry/STM32/gcc-arm-none-eabi-9-2019-q4-major/bin/../lib/gcc/arm-none-eabi/9.2.1/../../../../arm-none-eabi/lib/thumb/v7e-m+fp/softfp/libg.a(lib_a-s_frexp.o)
 .ARM.attributes
                0x00000000000007b1       0x32 /Users/dmitry/STM32/gcc-arm-none-eabi-9-2019-q4-major/bin/../lib/gcc/arm-none-eabi/9.2.1/../../../../arm-none-eabi/lib/thumb/v7e-m+fp/softfp/libg.a(lib_a-sbrkr.o)
 .ARM.attributes
                0x00000000000007e3       0x1c /Users/dmitry/STM32/gcc-arm-none-eabi-9-2019-q4-major/bin/../lib/gcc/arm-none-eabi/9.2.1/../../../../arm-none-eabi/lib/thumb/v7e-m+fp/softfp/libg.a(lib_a-strlen.o)
 .ARM.attributes
                0x00000000000007ff       0x32 /Users/dmitry/STM32/gcc-arm-none-eabi-9-2019-q4-major/bin/../lib/gcc/arm-none-eabi/9.2.1/../../../../arm-none-eabi/lib/thumb/v7e-m+fp/softfp/libg.a(lib_a-strncpy.o)
 .ARM.attributes
                0x0000000000000831       0x32 /Users/dmitry/STM32/gcc-arm-none-eabi-9-2019-q4-major/bin/../lib/gcc/arm-none-eabi/9.2.1/../../../../arm-none-eabi/lib/thumb/v7e-m+fp/softfp/libg.a(lib_a-svfiprintf.o)
 .ARM.attributes
                0x0000000000000863       0x32 /Users/dmitry/STM32/gcc-arm-none-eabi-9-2019-q4-major/bin/../lib/gcc/arm-none-eabi/9.2.1/../../../../arm-none-eabi/lib/thumb/v7e-m+fp/softfp/libg.a(lib_a-__atexit.o)
 .ARM.attributes
                0x0000000000000895       0x32 /Users/dmitry/STM32/gcc-arm-none-eabi-9-2019-q4-major/bin/../lib/gcc/arm-none-eabi/9.2.1/../../../../arm-none-eabi/lib/thumb/v7e-m+fp/softfp/libg.a(lib_a-callocr.o)
 .ARM.attributes
                0x00000000000008c7       0x32 /Users/dmitry/STM32/gcc-arm-none-eabi-9-2019-q4-major/bin/../lib/gcc/arm-none-eabi/9.2.1/../../../../arm-none-eabi/lib/thumb/v7e-m+fp/softfp/libg.a(lib_a-locale.o)
 .ARM.attributes
                0x00000000000008f9       0x32 /Users/dmitry/STM32/gcc-arm-none-eabi-9-2019-q4-major/bin/../lib/gcc/arm-none-eabi/9.2.1/../../../../arm-none-eabi/lib/thumb/v7e-m+fp/softfp/libg.a(lib_a-mbtowc_r.o)
 .ARM.attributes
                0x000000000000092b       0x32 /Users/dmitry/STM32/gcc-arm-none-eabi-9-2019-q4-major/bin/../lib/gcc/arm-none-eabi/9.2.1/../../../../arm-none-eabi/lib/thumb/v7e-m+fp/softfp/libg.a(lib_a-memmove.o)
 .ARM.attributes
                0x000000000000095d       0x32 /Users/dmitry/STM32/gcc-arm-none-eabi-9-2019-q4-major/bin/../lib/gcc/arm-none-eabi/9.2.1/../../../../arm-none-eabi/lib/thumb/v7e-m+fp/softfp/libg.a(lib_a-reallocr.o)
 .ARM.attributes
                0x000000000000098f       0x32 /Users/dmitry/STM32/gcc-arm-none-eabi-9-2019-q4-major/bin/../lib/gcc/arm-none-eabi/9.2.1/../../../../arm-none-eabi/lib/thumb/v7e-m+fp/softfp/libg.a(lib_a-reent.o)
 .ARM.attributes
                0x00000000000009c1       0x32 /Users/dmitry/STM32/gcc-arm-none-eabi-9-2019-q4-major/bin/../lib/gcc/arm-none-eabi/9.2.1/../../../../arm-none-eabi/lib/thumb/v7e-m+fp/softfp/libg.a(lib_a-wctomb_r.o)
 .ARM.attributes
                0x00000000000009f3       0x30 /Users/dmitry/STM32/gcc-arm-none-eabi-9-2019-q4-major/bin/../lib/gcc/arm-none-eabi/9.2.1/../../../../arm-none-eabi/lib/thumb/v7e-m+fp/softfp/libg.a(lib_a-ctype_.o)
 .ARM.attributes
                0x0000000000000a23       0x1e /Users/dmitry/STM32/gcc-arm-none-eabi-9-2019-q4-major/bin/../lib/gcc/arm-none-eabi/9.2.1/thumb/v7e-m+fp/softfp/libgcc.a(_arm_muldivdf3.o)
 .ARM.attributes
                0x0000000000000a41       0x1e /Users/dmitry/STM32/gcc-arm-none-eabi-9-2019-q4-major/bin/../lib/gcc/arm-none-eabi/9.2.1/thumb/v7e-m+fp/softfp/libgcc.a(_arm_cmpdf2.o)
 .ARM.attributes
                0x0000000000000a5f       0x1e /Users/dmitry/STM32/gcc-arm-none-eabi-9-2019-q4-major/bin/../lib/gcc/arm-none-eabi/9.2.1/thumb/v7e-m+fp/softfp/libgcc.a(_arm_unorddf2.o)
 .ARM.attributes
                0x0000000000000a7d       0x1e /Users/dmitry/STM32/gcc-arm-none-eabi-9-2019-q4-major/bin/../lib/gcc/arm-none-eabi/9.2.1/thumb/v7e-m+fp/softfp/libgcc.a(_arm_fixdfsi.o)
 .ARM.attributes
                0x0000000000000a9b       0x1e /Users/dmitry/STM32/gcc-arm-none-eabi-9-2019-q4-major/bin/../lib/gcc/arm-none-eabi/9.2.1/thumb/v7e-m+fp/softfp/crtn.o
OUTPUT(anal_mic_rel elf32-littlearm)

.debug_frame    0x0000000000000000     0x2cdc
 .debug_frame   0x0000000000000000       0x20 /Users/dmitry/STM32/gcc-arm-none-eabi-9-2019-q4-major/bin/../lib/gcc/arm-none-eabi/9.2.1/thumb/v7e-m+fp/softfp/crtfastmath.o
 .debug_frame   0x0000000000000020       0x6c CMakeFiles/anal_mic_rel.dir/Src/adc.c.obj
 .debug_frame   0x000000000000008c       0x30 CMakeFiles/anal_mic_rel.dir/Src/gpio.c.obj
 .debug_frame   0x00000000000000bc       0x8c CMakeFiles/anal_mic_rel.dir/Src/main.c.obj
 .debug_frame   0x0000000000000148       0x28 CMakeFiles/anal_mic_rel.dir/Src/stm32f4xx_hal_msp.c.obj
 .debug_frame   0x0000000000000170       0xe0 CMakeFiles/anal_mic_rel.dir/Src/stm32f4xx_it.c.obj
 .debug_frame   0x0000000000000250       0x5c CMakeFiles/anal_mic_rel.dir/Src/tim.c.obj
 .debug_frame   0x00000000000002ac       0x60 CMakeFiles/anal_mic_rel.dir/Src/usart.c.obj
 .debug_frame   0x000000000000030c       0x30 CMakeFiles/anal_mic_rel.dir/Users/dmitry/STM32Cube/Repository/STM32Cube_FW_F4_V1.25.0/Drivers/CMSIS/Device/ST/STM32F4xx/Source/Templates/system_stm32f4xx.c.obj
 .debug_frame   0x000000000000033c      0x1ec CMakeFiles/anal_mic_rel.dir/Users/dmitry/STM32Cube/Repository/STM32Cube_FW_F4_V1.25.0/Drivers/STM32F4xx_HAL_Driver/Src/stm32f4xx_hal.c.obj
 .debug_frame   0x0000000000000528      0x268 CMakeFiles/anal_mic_rel.dir/Users/dmitry/STM32Cube/Repository/STM32Cube_FW_F4_V1.25.0/Drivers/STM32F4xx_HAL_Driver/Src/stm32f4xx_hal_adc.c.obj
 .debug_frame   0x0000000000000790      0x18c CMakeFiles/anal_mic_rel.dir/Users/dmitry/STM32Cube/Repository/STM32Cube_FW_F4_V1.25.0/Drivers/STM32F4xx_HAL_Driver/Src/stm32f4xx_hal_adc_ex.c.obj
 .debug_frame   0x000000000000091c      0x15c CMakeFiles/anal_mic_rel.dir/Users/dmitry/STM32Cube/Repository/STM32Cube_FW_F4_V1.25.0/Drivers/STM32F4xx_HAL_Driver/Src/stm32f4xx_hal_cortex.c.obj
 .debug_frame   0x0000000000000a78       0xd8 CMakeFiles/anal_mic_rel.dir/Users/dmitry/STM32Cube/Repository/STM32Cube_FW_F4_V1.25.0/Drivers/STM32F4xx_HAL_Driver/Src/stm32f4xx_hal_gpio.c.obj
 .debug_frame   0x0000000000000b50      0x174 CMakeFiles/anal_mic_rel.dir/Users/dmitry/STM32Cube/Repository/STM32Cube_FW_F4_V1.25.0/Drivers/STM32F4xx_HAL_Driver/Src/stm32f4xx_hal_rcc.c.obj
 .debug_frame   0x0000000000000cc4      0xa90 CMakeFiles/anal_mic_rel.dir/Users/dmitry/STM32Cube/Repository/STM32Cube_FW_F4_V1.25.0/Drivers/STM32F4xx_HAL_Driver/Src/stm32f4xx_hal_tim.c.obj
 .debug_frame   0x0000000000001754      0x3b4 CMakeFiles/anal_mic_rel.dir/Users/dmitry/STM32Cube/Repository/STM32Cube_FW_F4_V1.25.0/Drivers/STM32F4xx_HAL_Driver/Src/stm32f4xx_hal_tim_ex.c.obj
 .debug_frame   0x0000000000001b08      0x4ec CMakeFiles/anal_mic_rel.dir/Users/dmitry/STM32Cube/Repository/STM32Cube_FW_F4_V1.25.0/Drivers/STM32F4xx_HAL_Driver/Src/stm32f4xx_hal_uart.c.obj
 .debug_frame   0x0000000000001ff4       0xac /Users/dmitry/STM32/gcc-arm-none-eabi-9-2019-q4-major/bin/../lib/gcc/arm-none-eabi/9.2.1/thumb/v7e-m+fp/softfp/libgcc.a(_arm_addsubdf3.o)
 .debug_frame   0x00000000000020a0       0x24 /Users/dmitry/STM32/gcc-arm-none-eabi-9-2019-q4-major/bin/../lib/gcc/arm-none-eabi/9.2.1/thumb/v7e-m+fp/softfp/libgcc.a(_arm_truncdfsf2.o)
 .debug_frame   0x00000000000020c4       0x2c /Users/dmitry/STM32/gcc-arm-none-eabi-9-2019-q4-major/bin/../lib/gcc/arm-none-eabi/9.2.1/thumb/v7e-m+fp/softfp/libgcc.a(_aeabi_uldivmod.o)
 .debug_frame   0x00000000000020f0       0x34 /Users/dmitry/STM32/gcc-arm-none-eabi-9-2019-q4-major/bin/../lib/gcc/arm-none-eabi/9.2.1/thumb/v7e-m+fp/softfp/libgcc.a(_udivmoddi4.o)
 .debug_frame   0x0000000000002124       0x2c /Users/dmitry/STM32/gcc-arm-none-eabi-9-2019-q4-major/bin/../lib/gcc/arm-none-eabi/9.2.1/../../../../arm-none-eabi/lib/thumb/v7e-m+fp/softfp/libg.a(lib_a-init.o)
 .debug_frame   0x0000000000002150       0x38 /Users/dmitry/STM32/gcc-arm-none-eabi-9-2019-q4-major/bin/../lib/gcc/arm-none-eabi/9.2.1/../../../../arm-none-eabi/lib/thumb/v7e-m+fp/softfp/libg.a(lib_a-memset.o)
 .debug_frame   0x0000000000002188       0x7c /Users/dmitry/STM32/gcc-arm-none-eabi-9-2019-q4-major/bin/../lib/gcc/arm-none-eabi/9.2.1/../../../../arm-none-eabi/lib/thumb/v7e-m+fp/softfp/libg.a(lib_a-sprintf.o)
 .debug_frame   0x0000000000002204       0x68 /Users/dmitry/STM32/gcc-arm-none-eabi-9-2019-q4-major/bin/../lib/gcc/arm-none-eabi/9.2.1/../../../../arm-none-eabi/lib/thumb/v7e-m+fp/softfp/libg.a(lib_a-svfprintf.o)
 .debug_frame   0x000000000000226c       0x68 /Users/dmitry/STM32/gcc-arm-none-eabi-9-2019-q4-major/bin/../lib/gcc/arm-none-eabi/9.2.1/../../../../arm-none-eabi/lib/thumb/v7e-m+fp/softfp/libg.a(lib_a-__call_atexit.o)
 .debug_frame   0x00000000000022d4       0x20 /Users/dmitry/STM32/gcc-arm-none-eabi-9-2019-q4-major/bin/../lib/gcc/arm-none-eabi/9.2.1/../../../../arm-none-eabi/lib/thumb/v7e-m+fp/softfp/libg.a(lib_a-atexit.o)
 .debug_frame   0x00000000000022f4       0xc4 /Users/dmitry/STM32/gcc-arm-none-eabi-9-2019-q4-major/bin/../lib/gcc/arm-none-eabi/9.2.1/../../../../arm-none-eabi/lib/thumb/v7e-m+fp/softfp/libg.a(lib_a-dtoa.o)
 .debug_frame   0x00000000000023b8       0x34 /Users/dmitry/STM32/gcc-arm-none-eabi-9-2019-q4-major/bin/../lib/gcc/arm-none-eabi/9.2.1/../../../../arm-none-eabi/lib/thumb/v7e-m+fp/softfp/libg.a(lib_a-fini.o)
 .debug_frame   0x00000000000023ec       0x8c /Users/dmitry/STM32/gcc-arm-none-eabi-9-2019-q4-major/bin/../lib/gcc/arm-none-eabi/9.2.1/../../../../arm-none-eabi/lib/thumb/v7e-m+fp/softfp/libg.a(lib_a-freer.o)
 .debug_frame   0x0000000000002478       0x40 /Users/dmitry/STM32/gcc-arm-none-eabi-9-2019-q4-major/bin/../lib/gcc/arm-none-eabi/9.2.1/../../../../arm-none-eabi/lib/thumb/v7e-m+fp/softfp/libg.a(lib_a-localeconv.o)
 .debug_frame   0x00000000000024b8       0xb0 /Users/dmitry/STM32/gcc-arm-none-eabi-9-2019-q4-major/bin/../lib/gcc/arm-none-eabi/9.2.1/../../../../arm-none-eabi/lib/thumb/v7e-m+fp/softfp/libg.a(lib_a-lock.o)
 .debug_frame   0x0000000000002568       0x4c /Users/dmitry/STM32/gcc-arm-none-eabi-9-2019-q4-major/bin/../lib/gcc/arm-none-eabi/9.2.1/../../../../arm-none-eabi/lib/thumb/v7e-m+fp/softfp/libg.a(lib_a-mallocr.o)
 .debug_frame   0x00000000000025b4       0x30 /Users/dmitry/STM32/gcc-arm-none-eabi-9-2019-q4-major/bin/../lib/gcc/arm-none-eabi/9.2.1/../../../../arm-none-eabi/lib/thumb/v7e-m+fp/softfp/libg.a(lib_a-mlock.o)
 .debug_frame   0x00000000000025e4      0x264 /Users/dmitry/STM32/gcc-arm-none-eabi-9-2019-q4-major/bin/../lib/gcc/arm-none-eabi/9.2.1/../../../../arm-none-eabi/lib/thumb/v7e-m+fp/softfp/libg.a(lib_a-mprec.o)
 .debug_frame   0x0000000000002848       0x30 /Users/dmitry/STM32/gcc-arm-none-eabi-9-2019-q4-major/bin/../lib/gcc/arm-none-eabi/9.2.1/../../../../arm-none-eabi/lib/thumb/v7e-m+fp/softfp/libg.a(lib_a-s_frexp.o)
 .debug_frame   0x0000000000002878       0x2c /Users/dmitry/STM32/gcc-arm-none-eabi-9-2019-q4-major/bin/../lib/gcc/arm-none-eabi/9.2.1/../../../../arm-none-eabi/lib/thumb/v7e-m+fp/softfp/libg.a(lib_a-sbrkr.o)
 .debug_frame   0x00000000000028a4       0x38 /Users/dmitry/STM32/gcc-arm-none-eabi-9-2019-q4-major/bin/../lib/gcc/arm-none-eabi/9.2.1/../../../../arm-none-eabi/lib/thumb/v7e-m+fp/softfp/libg.a(lib_a-strncpy.o)
 .debug_frame   0x00000000000028dc       0x88 /Users/dmitry/STM32/gcc-arm-none-eabi-9-2019-q4-major/bin/../lib/gcc/arm-none-eabi/9.2.1/../../../../arm-none-eabi/lib/thumb/v7e-m+fp/softfp/libg.a(lib_a-svfiprintf.o)
 .debug_frame   0x0000000000002964       0x34 /Users/dmitry/STM32/gcc-arm-none-eabi-9-2019-q4-major/bin/../lib/gcc/arm-none-eabi/9.2.1/../../../../arm-none-eabi/lib/thumb/v7e-m+fp/softfp/libg.a(lib_a-__atexit.o)
 .debug_frame   0x0000000000002998       0x28 /Users/dmitry/STM32/gcc-arm-none-eabi-9-2019-q4-major/bin/../lib/gcc/arm-none-eabi/9.2.1/../../../../arm-none-eabi/lib/thumb/v7e-m+fp/softfp/libg.a(lib_a-callocr.o)
 .debug_frame   0x00000000000029c0       0x54 /Users/dmitry/STM32/gcc-arm-none-eabi-9-2019-q4-major/bin/../lib/gcc/arm-none-eabi/9.2.1/../../../../arm-none-eabi/lib/thumb/v7e-m+fp/softfp/libg.a(lib_a-locale.o)
 .debug_frame   0x0000000000002a14       0x4c /Users/dmitry/STM32/gcc-arm-none-eabi-9-2019-q4-major/bin/../lib/gcc/arm-none-eabi/9.2.1/../../../../arm-none-eabi/lib/thumb/v7e-m+fp/softfp/libg.a(lib_a-mbtowc_r.o)
 .debug_frame   0x0000000000002a60       0x40 /Users/dmitry/STM32/gcc-arm-none-eabi-9-2019-q4-major/bin/../lib/gcc/arm-none-eabi/9.2.1/../../../../arm-none-eabi/lib/thumb/v7e-m+fp/softfp/libg.a(lib_a-memmove.o)
 .debug_frame   0x0000000000002aa0       0x48 /Users/dmitry/STM32/gcc-arm-none-eabi-9-2019-q4-major/bin/../lib/gcc/arm-none-eabi/9.2.1/../../../../arm-none-eabi/lib/thumb/v7e-m+fp/softfp/libg.a(lib_a-reallocr.o)
 .debug_frame   0x0000000000002ae8       0x60 /Users/dmitry/STM32/gcc-arm-none-eabi-9-2019-q4-major/bin/../lib/gcc/arm-none-eabi/9.2.1/../../../../arm-none-eabi/lib/thumb/v7e-m+fp/softfp/libg.a(lib_a-reent.o)
 .debug_frame   0x0000000000002b48       0x3c /Users/dmitry/STM32/gcc-arm-none-eabi-9-2019-q4-major/bin/../lib/gcc/arm-none-eabi/9.2.1/../../../../arm-none-eabi/lib/thumb/v7e-m+fp/softfp/libg.a(lib_a-wctomb_r.o)
 .debug_frame   0x0000000000002b84       0x50 /Users/dmitry/STM32/gcc-arm-none-eabi-9-2019-q4-major/bin/../lib/gcc/arm-none-eabi/9.2.1/thumb/v7e-m+fp/softfp/libgcc.a(_arm_muldivdf3.o)
 .debug_frame   0x0000000000002bd4       0xc4 /Users/dmitry/STM32/gcc-arm-none-eabi-9-2019-q4-major/bin/../lib/gcc/arm-none-eabi/9.2.1/thumb/v7e-m+fp/softfp/libgcc.a(_arm_cmpdf2.o)
 .debug_frame   0x0000000000002c98       0x20 /Users/dmitry/STM32/gcc-arm-none-eabi-9-2019-q4-major/bin/../lib/gcc/arm-none-eabi/9.2.1/thumb/v7e-m+fp/softfp/libgcc.a(_arm_unorddf2.o)
 .debug_frame   0x0000000000002cb8       0x24 /Users/dmitry/STM32/gcc-arm-none-eabi-9-2019-q4-major/bin/../lib/gcc/arm-none-eabi/9.2.1/thumb/v7e-m+fp/softfp/libgcc.a(_arm_fixdfsi.o)

.debug_info     0x0000000000000000    0x10d60
 .debug_info    0x0000000000000000      0xc94 CMakeFiles/anal_mic_rel.dir/Src/adc.c.obj
 .debug_info    0x0000000000000c94      0x74f CMakeFiles/anal_mic_rel.dir/Src/gpio.c.obj
 .debug_info    0x00000000000013e3     0x1c1b CMakeFiles/anal_mic_rel.dir/Src/main.c.obj
 .debug_info    0x0000000000002ffe      0x3bc CMakeFiles/anal_mic_rel.dir/Src/stm32f4xx_hal_msp.c.obj
 .debug_info    0x00000000000033ba      0xae3 CMakeFiles/anal_mic_rel.dir/Src/stm32f4xx_it.c.obj
 .debug_info    0x0000000000003e9d      0xb80 CMakeFiles/anal_mic_rel.dir/Src/tim.c.obj
 .debug_info    0x0000000000004a1d      0xa9b CMakeFiles/anal_mic_rel.dir/Src/usart.c.obj
 .debug_info    0x00000000000054b8      0x587 CMakeFiles/anal_mic_rel.dir/Users/dmitry/STM32Cube/Repository/STM32Cube_FW_F4_V1.25.0/Drivers/CMSIS/Device/ST/STM32F4xx/Source/Templates/system_stm32f4xx.c.obj
 .debug_info    0x0000000000005a3f       0x22 CMakeFiles/anal_mic_rel.dir/Users/dmitry/STM32Cube/Repository/STM32Cube_FW_F4_V1.25.0/Drivers/CMSIS/Device/ST/STM32F4xx/Source/Templates/gcc/startup_stm32f401xe.s.obj
 .debug_info    0x0000000000005a61      0xa04 CMakeFiles/anal_mic_rel.dir/Users/dmitry/STM32Cube/Repository/STM32Cube_FW_F4_V1.25.0/Drivers/STM32F4xx_HAL_Driver/Src/stm32f4xx_hal.c.obj
 .debug_info    0x0000000000006465      0xf77 CMakeFiles/anal_mic_rel.dir/Users/dmitry/STM32Cube/Repository/STM32Cube_FW_F4_V1.25.0/Drivers/STM32F4xx_HAL_Driver/Src/stm32f4xx_hal_adc.c.obj
 .debug_info    0x00000000000073dc      0xd6a CMakeFiles/anal_mic_rel.dir/Users/dmitry/STM32Cube/Repository/STM32Cube_FW_F4_V1.25.0/Drivers/STM32F4xx_HAL_Driver/Src/stm32f4xx_hal_adc_ex.c.obj
 .debug_info    0x0000000000008146     0x10be CMakeFiles/anal_mic_rel.dir/Users/dmitry/STM32Cube/Repository/STM32Cube_FW_F4_V1.25.0/Drivers/STM32F4xx_HAL_Driver/Src/stm32f4xx_hal_cortex.c.obj
 .debug_info    0x0000000000009204      0x893 CMakeFiles/anal_mic_rel.dir/Users/dmitry/STM32Cube/Repository/STM32Cube_FW_F4_V1.25.0/Drivers/STM32F4xx_HAL_Driver/Src/stm32f4xx_hal_gpio.c.obj
 .debug_info    0x0000000000009a97      0xb84 CMakeFiles/anal_mic_rel.dir/Users/dmitry/STM32Cube/Repository/STM32Cube_FW_F4_V1.25.0/Drivers/STM32F4xx_HAL_Driver/Src/stm32f4xx_hal_rcc.c.obj
 .debug_info    0x000000000000a61b     0x36b1 CMakeFiles/anal_mic_rel.dir/Users/dmitry/STM32Cube/Repository/STM32Cube_FW_F4_V1.25.0/Drivers/STM32F4xx_HAL_Driver/Src/stm32f4xx_hal_tim.c.obj
 .debug_info    0x000000000000dccc     0x16ef CMakeFiles/anal_mic_rel.dir/Users/dmitry/STM32Cube/Repository/STM32Cube_FW_F4_V1.25.0/Drivers/STM32F4xx_HAL_Driver/Src/stm32f4xx_hal_tim_ex.c.obj
 .debug_info    0x000000000000f3bb     0x19a5 CMakeFiles/anal_mic_rel.dir/Users/dmitry/STM32Cube/Repository/STM32Cube_FW_F4_V1.25.0/Drivers/STM32F4xx_HAL_Driver/Src/stm32f4xx_hal_uart.c.obj

.debug_abbrev   0x0000000000000000     0x2653
 .debug_abbrev  0x0000000000000000      0x1fe CMakeFiles/anal_mic_rel.dir/Src/adc.c.obj
 .debug_abbrev  0x00000000000001fe      0x197 CMakeFiles/anal_mic_rel.dir/Src/gpio.c.obj
 .debug_abbrev  0x0000000000000395      0x377 CMakeFiles/anal_mic_rel.dir/Src/main.c.obj
 .debug_abbrev  0x000000000000070c      0x11a CMakeFiles/anal_mic_rel.dir/Src/stm32f4xx_hal_msp.c.obj
 .debug_abbrev  0x0000000000000826      0x1f7 CMakeFiles/anal_mic_rel.dir/Src/stm32f4xx_it.c.obj
 .debug_abbrev  0x0000000000000a1d      0x209 CMakeFiles/anal_mic_rel.dir/Src/tim.c.obj
 .debug_abbrev  0x0000000000000c26      0x1ed CMakeFiles/anal_mic_rel.dir/Src/usart.c.obj
 .debug_abbrev  0x0000000000000e13      0x12c CMakeFiles/anal_mic_rel.dir/Users/dmitry/STM32Cube/Repository/STM32Cube_FW_F4_V1.25.0/Drivers/CMSIS/Device/ST/STM32F4xx/Source/Templates/system_stm32f4xx.c.obj
 .debug_abbrev  0x0000000000000f3f       0x12 CMakeFiles/anal_mic_rel.dir/Users/dmitry/STM32Cube/Repository/STM32Cube_FW_F4_V1.25.0/Drivers/CMSIS/Device/ST/STM32F4xx/Source/Templates/gcc/startup_stm32f401xe.s.obj
 .debug_abbrev  0x0000000000000f51      0x24a CMakeFiles/anal_mic_rel.dir/Users/dmitry/STM32Cube/Repository/STM32Cube_FW_F4_V1.25.0/Drivers/STM32F4xx_HAL_Driver/Src/stm32f4xx_hal.c.obj
 .debug_abbrev  0x000000000000119b      0x226 CMakeFiles/anal_mic_rel.dir/Users/dmitry/STM32Cube/Repository/STM32Cube_FW_F4_V1.25.0/Drivers/STM32F4xx_HAL_Driver/Src/stm32f4xx_hal_adc.c.obj
 .debug_abbrev  0x00000000000013c1      0x27f CMakeFiles/anal_mic_rel.dir/Users/dmitry/STM32Cube/Repository/STM32Cube_FW_F4_V1.25.0/Drivers/STM32F4xx_HAL_Driver/Src/stm32f4xx_hal_adc_ex.c.obj
 .debug_abbrev  0x0000000000001640      0x390 CMakeFiles/anal_mic_rel.dir/Users/dmitry/STM32Cube/Repository/STM32Cube_FW_F4_V1.25.0/Drivers/STM32F4xx_HAL_Driver/Src/stm32f4xx_hal_cortex.c.obj
 .debug_abbrev  0x00000000000019d0      0x21c CMakeFiles/anal_mic_rel.dir/Users/dmitry/STM32Cube/Repository/STM32Cube_FW_F4_V1.25.0/Drivers/STM32F4xx_HAL_Driver/Src/stm32f4xx_hal_gpio.c.obj
 .debug_abbrev  0x0000000000001bec      0x2ae CMakeFiles/anal_mic_rel.dir/Users/dmitry/STM32Cube/Repository/STM32Cube_FW_F4_V1.25.0/Drivers/STM32F4xx_HAL_Driver/Src/stm32f4xx_hal_rcc.c.obj
 .debug_abbrev  0x0000000000001e9a      0x269 CMakeFiles/anal_mic_rel.dir/Users/dmitry/STM32Cube/Repository/STM32Cube_FW_F4_V1.25.0/Drivers/STM32F4xx_HAL_Driver/Src/stm32f4xx_hal_tim.c.obj
 .debug_abbrev  0x0000000000002103      0x27f CMakeFiles/anal_mic_rel.dir/Users/dmitry/STM32Cube/Repository/STM32Cube_FW_F4_V1.25.0/Drivers/STM32F4xx_HAL_Driver/Src/stm32f4xx_hal_tim_ex.c.obj
 .debug_abbrev  0x0000000000002382      0x2d1 CMakeFiles/anal_mic_rel.dir/Users/dmitry/STM32Cube/Repository/STM32Cube_FW_F4_V1.25.0/Drivers/STM32F4xx_HAL_Driver/Src/stm32f4xx_hal_uart.c.obj

.debug_loc      0x0000000000000000     0x9048
 .debug_loc     0x0000000000000000       0x84 CMakeFiles/anal_mic_rel.dir/Src/adc.c.obj
 .debug_loc     0x0000000000000084       0x7a CMakeFiles/anal_mic_rel.dir/Src/main.c.obj
 .debug_loc     0x00000000000000fe       0x67 CMakeFiles/anal_mic_rel.dir/Src/tim.c.obj
 .debug_loc     0x0000000000000165       0x84 CMakeFiles/anal_mic_rel.dir/Src/usart.c.obj
 .debug_loc     0x00000000000001e9      0x16c CMakeFiles/anal_mic_rel.dir/Users/dmitry/STM32Cube/Repository/STM32Cube_FW_F4_V1.25.0/Drivers/CMSIS/Device/ST/STM32F4xx/Source/Templates/system_stm32f4xx.c.obj
 .debug_loc     0x0000000000000355      0x141 CMakeFiles/anal_mic_rel.dir/Users/dmitry/STM32Cube/Repository/STM32Cube_FW_F4_V1.25.0/Drivers/STM32F4xx_HAL_Driver/Src/stm32f4xx_hal.c.obj