Archive member included to satisfy reference by file (symbol)

/Users/dmitry/STM32/gcc-arm-none-eabi-9-2019-q4-major/bin/../lib/gcc/arm-none-eabi/9.2.1/thumb/v7e-m+fp/softfp/libgcc.a(_arm_muldf3.o)
                              CMakeFiles/anal_mic_rel.dir/Src/main.c.obj (__aeabi_dmul)
/Users/dmitry/STM32/gcc-arm-none-eabi-9-2019-q4-major/bin/../lib/gcc/arm-none-eabi/9.2.1/thumb/v7e-m+fp/softfp/libgcc.a(_arm_addsubdf3.o)
                              CMakeFiles/anal_mic_rel.dir/Src/main.c.obj (__aeabi_f2d)
/Users/dmitry/STM32/gcc-arm-none-eabi-9-2019-q4-major/bin/../lib/gcc/arm-none-eabi/9.2.1/thumb/v7e-m+fp/softfp/libgcc.a(_arm_truncdfsf2.o)
                              CMakeFiles/anal_mic_rel.dir/Src/main.c.obj (__aeabi_d2f)
/Users/dmitry/STM32/gcc-arm-none-eabi-9-2019-q4-major/bin/../lib/gcc/arm-none-eabi/9.2.1/thumb/v7e-m+fp/softfp/libgcc.a(_aeabi_uldivmod.o)
                              CMakeFiles/anal_mic_rel.dir/Users/dmitry/STM32Cube/Repository/STM32Cube_FW_F4_V1.25.0/Drivers/STM32F4xx_HAL_Driver/Src/stm32f4xx_hal_rcc.c.obj (__aeabi_uldivmod)
/Users/dmitry/STM32/gcc-arm-none-eabi-9-2019-q4-major/bin/../lib/gcc/arm-none-eabi/9.2.1/thumb/v7e-m+fp/softfp/libgcc.a(_udivmoddi4.o)
                              /Users/dmitry/STM32/gcc-arm-none-eabi-9-2019-q4-major/bin/../lib/gcc/arm-none-eabi/9.2.1/thumb/v7e-m+fp/softfp/libgcc.a(_aeabi_uldivmod.o) (__udivmoddi4)
/Users/dmitry/STM32/gcc-arm-none-eabi-9-2019-q4-major/bin/../lib/gcc/arm-none-eabi/9.2.1/thumb/v7e-m+fp/softfp/libgcc.a(_dvmd_tls.o)
                              /Users/dmitry/STM32/gcc-arm-none-eabi-9-2019-q4-major/bin/../lib/gcc/arm-none-eabi/9.2.1/thumb/v7e-m+fp/softfp/libgcc.a(_aeabi_uldivmod.o) (__aeabi_ldiv0)
/Users/dmitry/STM32/gcc-arm-none-eabi-9-2019-q4-major/bin/../lib/gcc/arm-none-eabi/9.2.1/../../../../arm-none-eabi/lib/thumb/v7e-m+fp/softfp/libg.a(lib_a-errno.o)
                              CMakeFiles/anal_mic_rel.dir/Src/syscalls.c.obj (__errno)
/Users/dmitry/STM32/gcc-arm-none-eabi-9-2019-q4-major/bin/../lib/gcc/arm-none-eabi/9.2.1/../../../../arm-none-eabi/lib/thumb/v7e-m+fp/softfp/libg.a(lib_a-exit.o)
                              /Users/dmitry/STM32/gcc-arm-none-eabi-9-2019-q4-major/bin/../lib/gcc/arm-none-eabi/9.2.1/../../../../arm-none-eabi/lib/thumb/v7e-m+fp/softfp/crt0.o (exit)
/Users/dmitry/STM32/gcc-arm-none-eabi-9-2019-q4-major/bin/../lib/gcc/arm-none-eabi/9.2.1/../../../../arm-none-eabi/lib/thumb/v7e-m+fp/softfp/libg.a(lib_a-impure.o)
                              /Users/dmitry/STM32/gcc-arm-none-eabi-9-2019-q4-major/bin/../lib/gcc/arm-none-eabi/9.2.1/../../../../arm-none-eabi/lib/thumb/v7e-m+fp/softfp/libg.a(lib_a-exit.o) (_global_impure_ptr)
/Users/dmitry/STM32/gcc-arm-none-eabi-9-2019-q4-major/bin/../lib/gcc/arm-none-eabi/9.2.1/../../../../arm-none-eabi/lib/thumb/v7e-m+fp/softfp/libg.a(lib_a-init.o)
                              /Users/dmitry/STM32/gcc-arm-none-eabi-9-2019-q4-major/bin/../lib/gcc/arm-none-eabi/9.2.1/../../../../arm-none-eabi/lib/thumb/v7e-m+fp/softfp/crt0.o (__libc_init_array)
/Users/dmitry/STM32/gcc-arm-none-eabi-9-2019-q4-major/bin/../lib/gcc/arm-none-eabi/9.2.1/../../../../arm-none-eabi/lib/thumb/v7e-m+fp/softfp/libg.a(lib_a-memset.o)
                              /Users/dmitry/STM32/gcc-arm-none-eabi-9-2019-q4-major/bin/../lib/gcc/arm-none-eabi/9.2.1/../../../../arm-none-eabi/lib/thumb/v7e-m+fp/softfp/crt0.o (memset)
/Users/dmitry/STM32/gcc-arm-none-eabi-9-2019-q4-major/bin/../lib/gcc/arm-none-eabi/9.2.1/../../../../arm-none-eabi/lib/thumb/v7e-m+fp/softfp/libg.a(lib_a-sprintf.o)
                              CMakeFiles/anal_mic_rel.dir/Src/main.c.obj (sprintf)
/Users/dmitry/STM32/gcc-arm-none-eabi-9-2019-q4-major/bin/../lib/gcc/arm-none-eabi/9.2.1/../../../../arm-none-eabi/lib/thumb/v7e-m+fp/softfp/libg.a(lib_a-strlen.o)
                              CMakeFiles/anal_mic_rel.dir/Src/main.c.obj (strlen)
/Users/dmitry/STM32/gcc-arm-none-eabi-9-2019-q4-major/bin/../lib/gcc/arm-none-eabi/9.2.1/../../../../arm-none-eabi/lib/thumb/v7e-m+fp/softfp/libg.a(lib_a-svfprintf.o)
                              /Users/dmitry/STM32/gcc-arm-none-eabi-9-2019-q4-major/bin/../lib/gcc/arm-none-eabi/9.2.1/../../../../arm-none-eabi/lib/thumb/v7e-m+fp/softfp/libg.a(lib_a-sprintf.o) (_svfprintf_r)
/Users/dmitry/STM32/gcc-arm-none-eabi-9-2019-q4-major/bin/../lib/gcc/arm-none-eabi/9.2.1/../../../../arm-none-eabi/lib/thumb/v7e-m+fp/softfp/libg.a(lib_a-__call_atexit.o)
                              /Users/dmitry/STM32/gcc-arm-none-eabi-9-2019-q4-major/bin/../lib/gcc/arm-none-eabi/9.2.1/../../../../arm-none-eabi/lib/thumb/v7e-m+fp/softfp/libg.a(lib_a-exit.o) (__call_exitprocs)
/Users/dmitry/STM32/gcc-arm-none-eabi-9-2019-q4-major/bin/../lib/gcc/arm-none-eabi/9.2.1/../../../../arm-none-eabi/lib/thumb/v7e-m+fp/softfp/libg.a(lib_a-atexit.o)
[...]
Memory Configuration

Name             Origin             Length             Attributes
FLASH            0x0000000008000000 0x0000000000080000 xr
RAM              0x0000000020000000 0x0000000000018000 xrw
CCMRAM           0x0000000010000000 0x0000000000010000 rw
*default*        0x0000000000000000 0xffffffffffffffff

Linker script and memory map

LOAD /Users/dmitry/STM32/gcc-arm-none-eabi-9-2019-q4-major/bin/../lib/gcc/arm-none-eabi/9.2.1/thumb/v7e-m+fp/softfp/crtfastmath.o
LOAD /Users/dmitry/STM32/gcc-arm-none-eabi-9-2019-q4-major/bin/../lib/gcc/arm-none-eabi/9.2.1/thumb/v7e-m+fp/softfp/crti.o
LOAD /Users/dmitry/STM32/gcc-arm-none-eabi-9-2019-q4-major/bin/../lib/gcc/arm-none-eabi/9.2.1/thumb/v7e-m+fp/softfp/crtbegin.o
LOAD /Users/dmitry/STM32/gcc-arm-none-eabi-9-2019-q4-major/bin/../lib/gcc/arm-none-eabi/9.2.1/../../../../arm-none-eabi/lib/thumb/v7e-m+fp/softfp/crt0.o
LOAD CMakeFiles/anal_mic_rel.dir/Src/adc.c.obj
LOAD CMakeFiles/anal_mic_rel.dir/Src/gpio.c.obj
LOAD CMakeFiles/anal_mic_rel.dir/Src/main.c.obj
LOAD CMakeFiles/anal_mic_rel.dir/Src/mic_direction.c.obj
LOAD CMakeFiles/anal_mic_rel.dir/Src/stm32f4xx_hal_msp.c.obj
LOAD CMakeFiles/anal_mic_rel.dir/Src/stm32f4xx_it.c.obj
LOAD CMakeFiles/anal_mic_rel.dir/Src/sys.c.obj
LOAD CMakeFiles/anal_mic_rel.dir/Src/syscalls.c.obj
LOAD CMakeFiles/anal_mic_rel.dir/Src/sysmem.c.obj
LOAD CMakeFiles/anal_mic_rel.dir/Src/tim.c.obj
LOAD CMakeFiles/anal_mic_rel.dir/Src/usart.c.obj
LOAD CMakeFiles/anal_mic_rel.dir/Users/dmitry/STM32Cube/Repository/STM32Cube_FW_F4_V1.25.0/Drivers/CMSIS/Device/ST/STM32F4xx/Source/Templates/system_stm32f4xx.c.obj
LOAD CMakeFiles/anal_mic_rel.dir/Users/dmitry/STM32Cube/Repository/STM32Cube_FW_F4_V1.25.0/Drivers/CMSIS/Device/ST/STM32F4xx/Source/Templates/gcc/startup_stm32f401xe.s.obj
LOAD CMakeFiles/anal_mic_rel.dir/Users/dmitry/STM32Cube/Repository/STM32Cube_FW_F4_V1.25.0/Drivers/STM32F4xx_HAL_Driver/Src/stm32f4xx_hal.c.obj
LOAD CMakeFiles/anal_mic_rel.dir/Users/dmitry/STM32Cube/Repository/STM32Cube_FW_F4_V1.25.0/Drivers/STM32F4xx_HAL_Driver/Src/stm32f4xx_hal_adc.c.obj
LOAD CMakeFiles/anal_mic_rel.dir/Users/dmitry/STM32Cube/Repository/STM32Cube_FW_F4_V1.25.0/Drivers/STM32F4xx_HAL_Driver/Src/stm32f4xx_hal_adc_ex.c.obj
LOAD CMakeFiles/anal_mic_rel.dir/Users/dmitry/STM32Cube/Repository/STM32Cube_FW_F4_V1.25.0/Drivers/STM32F4xx_HAL_Driver/Src/stm32f4xx_hal_can.c.obj
LOAD CMakeFiles/anal_mic_rel.dir/Users/dmitry/STM32Cube/Repository/STM32Cube_FW_F4_V1.25.0/Drivers/STM32F4xx_HAL_Driver/Src/stm32f4xx_hal_cec.c.obj
LOAD CMakeFiles/anal_mic_rel.dir/Users/dmitry/STM32Cube/Repository/STM32Cube_FW_F4_V1.25.0/Drivers/STM32F4xx_HAL_Driver/Src/stm32f4xx_hal_cortex.c.obj
LOAD CMakeFiles/anal_mic_rel.dir/Users/dmitry/STM32Cube/Repository/STM32Cube_FW_F4_V1.25.0/Drivers/STM32F4xx_HAL_Driver/Src/stm32f4xx_hal_crc.c.obj
LOAD CMakeFiles/anal_mic_rel.dir/Users/dmitry/STM32Cube/Repository/STM32Cube_FW_F4_V1.25.0/Drivers/STM32F4xx_HAL_Driver/Src/stm32f4xx_hal_cryp.c.obj
LOAD CMakeFiles/anal_mic_rel.dir/Users/dmitry/STM32Cube/Repository/STM32Cube_FW_F4_V1.25.0/Drivers/STM32F4xx_HAL_Driver/Src/stm32f4xx_hal_cryp_ex.c.obj
LOAD CMakeFiles/anal_mic_rel.dir/Users/dmitry/STM32Cube/Repository/STM32Cube_FW_F4_V1.25.0/Drivers/STM32F4xx_HAL_Driver/Src/stm32f4xx_hal_dac.c.obj
LOAD CMakeFiles/anal_mic_rel.dir/Users/dmitry/STM32Cube/Repository/STM32Cube_FW_F4_V1.25.0/Drivers/STM32F4xx_HAL_Driver/Src/stm32f4xx_hal_dac_ex.c.obj
LOAD CMakeFiles/anal_mic_rel.dir/Users/dmitry/STM32Cube/Repository/STM32Cube_FW_F4_V1.25.0/Drivers/STM32F4xx_HAL_Driver/Src/stm32f4xx_hal_dcmi.c.obj
LOAD CMakeFiles/anal_mic_rel.dir/Users/dmitry/STM32Cube/Repository/STM32Cube_FW_F4_V1.25.0/Drivers/STM32F4xx_HAL_Driver/Src/stm32f4xx_hal_dcmi_ex.c.obj
LOAD CMakeFiles/anal_mic_rel.dir/Users/dmitry/STM32Cube/Repository/STM32Cube_FW_F4_V1.25.0/Drivers/STM32F4xx_HAL_Driver/Src/stm32f4xx_hal_dma.c.obj
LOAD CMakeFiles/anal_mic_rel.dir/Users/dmitry/STM32Cube/Repository/STM32Cube_FW_F4_V1.25.0/Drivers/STM32F4xx_HAL_Driver/Src/stm32f4xx_hal_dma_ex.c.obj
LOAD CMakeFiles/anal_mic_rel.dir/Users/dmitry/STM32Cube/Repository/STM32Cube_FW_F4_V1.25.0/Drivers/STM32F4xx_HAL_Driver/Src/stm32f4xx_hal_dma2d.c.obj
LOAD CMakeFiles/anal_mic_rel.dir/Users/dmitry/STM32Cube/Repository/STM32Cube_FW_F4_V1.25.0/Drivers/STM32F4xx_HAL_Driver/Src/stm32f4xx_hal_eth.c.obj
LOAD CMakeFiles/anal_mic_rel.dir/Users/dmitry/STM32Cube/Repository/STM32Cube_FW_F4_V1.25.0/Drivers/STM32F4xx_HAL_Driver/Src/stm32f4xx_hal_flash.c.obj
LOAD CMakeFiles/anal_mic_rel.dir/Users/dmitry/STM32Cube/Repository/STM32Cube_FW_F4_V1.25.0/Drivers/STM32F4xx_HAL_Driver/Src/stm32f4xx_hal_flash_ex.c.obj
LOAD CMakeFiles/anal_mic_rel.dir/Users/dmitry/STM32Cube/Repository/STM32Cube_FW_F4_V1.25.0/Drivers/STM32F4xx_HAL_Driver/Src/stm32f4xx_hal_flash_ramfunc.c.obj
LOAD CMakeFiles/anal_mic_rel.dir/Users/dmitry/STM32Cube/Repository/STM32Cube_FW_F4_V1.25.0/Drivers/STM32F4xx_HAL_Driver/Src/stm32f4xx_hal_fmpi2c.c.obj
LOAD CMakeFiles/anal_mic_rel.dir/Users/dmitry/STM32Cube/Repository/STM32Cube_FW_F4_V1.25.0/Drivers/STM32F4xx_HAL_Driver/Src/stm32f4xx_hal_fmpi2c_ex.c.obj
LOAD CMakeFiles/anal_mic_rel.dir/Users/dmitry/STM32Cube/Repository/STM32Cube_FW_F4_V1.25.0/Drivers/STM32F4xx_HAL_Driver/Src/stm32f4xx_hal_gpio.c.obj
LOAD CMakeFiles/anal_mic_rel.dir/Users/dmitry/STM32Cube/Repository/STM32Cube_FW_F4_V1.25.0/Drivers/STM32F4xx_HAL_Driver/Src/stm32f4xx_hal_hash.c.obj
LOAD CMakeFiles/anal_mic_rel.dir/Users/dmitry/STM32Cube/Repository/STM32Cube_FW_F4_V1.25.0/Drivers/STM32F4xx_HAL_Driver/Src/stm32f4xx_hal_hash_ex.c.obj
LOAD CMakeFiles/anal_mic_rel.dir/Users/dmitry/STM32Cube/Repository/STM32Cube_FW_F4_V1.25.0/Drivers/STM32F4xx_HAL_Driver/Src/stm32f4xx_hal_hcd.c.obj
LOAD CMakeFiles/anal_mic_rel.dir/Users/dmitry/STM32Cube/Repository/STM32Cube_FW_F4_V1.25.0/Drivers/STM32F4xx_HAL_Driver/Src/stm32f4xx_hal_i2c.c.obj
LOAD CMakeFiles/anal_mic_rel.dir/Users/dmitry/STM32Cube/Repository/STM32Cube_FW_F4_V1.25.0/Drivers/STM32F4xx_HAL_Driver/Src/stm32f4xx_hal_i2c_ex.c.obj
LOAD CMakeFiles/anal_mic_rel.dir/Users/dmitry/STM32Cube/Repository/STM32Cube_FW_F4_V1.25.0/Drivers/STM32F4xx_HAL_Driver/Src/stm32f4xx_hal_i2s.c.obj
LOAD CMakeFiles/anal_mic_rel.dir/Users/dmitry/STM32Cube/Repository/STM32Cube_FW_F4_V1.25.0/Drivers/STM32F4xx_HAL_Driver/Src/stm32f4xx_hal_i2s_ex.c.obj
LOAD CMakeFiles/anal_mic_rel.dir/Users/dmitry/STM32Cube/Repository/STM32Cube_FW_F4_V1.25.0/Drivers/STM32F4xx_HAL_Driver/Src/stm32f4xx_hal_irda.c.obj
LOAD CMakeFiles/anal_mic_rel.dir/Users/dmitry/STM32Cube/Repository/STM32Cube_FW_F4_V1.25.0/Drivers/STM32F4xx_HAL_Driver/Src/stm32f4xx_hal_iwdg.c.obj
LOAD CMakeFiles/anal_mic_rel.dir/Users/dmitry/STM32Cube/Repository/STM32Cube_FW_F4_V1.25.0/Drivers/STM32F4xx_HAL_Driver/Src/stm32f4xx_hal_ltdc.c.obj
LOAD CMakeFiles/anal_mic_rel.dir/Users/dmitry/STM32Cube/Repository/STM32Cube_FW_F4_V1.25.0/Drivers/STM32F4xx_HAL_Driver/Src/stm32f4xx_hal_nand.c.obj
LOAD CMakeFiles/anal_mic_rel.dir/Users/dmitry/STM32Cube/Repository/STM32Cube_FW_F4_V1.25.0/Drivers/STM32F4xx_HAL_Driver/Src/stm32f4xx_hal_nor.c.obj
LOAD CMakeFiles/anal_mic_rel.dir/Users/dmitry/STM32Cube/Repository/STM32Cube_FW_F4_V1.25.0/Drivers/STM32F4xx_HAL_Driver/Src/stm32f4xx_hal_pccard.c.obj
LOAD CMakeFiles/anal_mic_rel.dir/Users/dmitry/STM32Cube/Repository/STM32Cube_FW_F4_V1.25.0/Drivers/STM32F4xx_HAL_Driver/Src/stm32f4xx_hal_pcd.c.obj
LOAD CMakeFiles/anal_mic_rel.dir/Users/dmitry/STM32Cube/Repository/STM32Cube_FW_F4_V1.25.0/Drivers/STM32F4xx_HAL_Driver/Src/stm32f4xx_hal_pcd_ex.c.obj
LOAD CMakeFiles/anal_mic_rel.dir/Users/dmitry/STM32Cube/Repository/STM32Cube_FW_F4_V1.25.0/Drivers/STM32F4xx_HAL_Driver/Src/stm32f4xx_hal_pwr.c.obj
LOAD CMakeFiles/anal_mic_rel.dir/Users/dmitry/STM32Cube/Repository/STM32Cube_FW_F4_V1.25.0/Drivers/STM32F4xx_HAL_Driver/Src/stm32f4xx_hal_pwr_ex.c.obj
LOAD CMakeFiles/anal_mic_rel.dir/Users/dmitry/STM32Cube/Repository/STM32Cube_FW_F4_V1.25.0/Drivers/STM32F4xx_HAL_Driver/Src/stm32f4xx_hal_qspi.c.obj
LOAD CMakeFiles/anal_mic_rel.dir/Users/dmitry/STM32Cube/Repository/STM32Cube_FW_F4_V1.25.0/Drivers/STM32F4xx_HAL_Driver/Src/stm32f4xx_hal_rcc.c.obj
LOAD CMakeFiles/anal_mic_rel.dir/Users/dmitry/STM32Cube/Repository/STM32Cube_FW_F4_V1.25.0/Drivers/STM32F4xx_HAL_Driver/Src/stm32f4xx_hal_rcc_ex.c.obj
LOAD CMakeFiles/anal_mic_rel.dir/Users/dmitry/STM32Cube/Repository/STM32Cube_FW_F4_V1.25.0/Drivers/STM32F4xx_HAL_Driver/Src/stm32f4xx_hal_rng.c.obj
LOAD CMakeFiles/anal_mic_rel.dir/Users/dmitry/STM32Cube/Repository/STM32Cube_FW_F4_V1.25.0/Drivers/STM32F4xx_HAL_Driver/Src/stm32f4xx_hal_rtc.c.obj
LOAD CMakeFiles/anal_mic_rel.dir/Users/dmitry/STM32Cube/Repository/STM32Cube_FW_F4_V1.25.0/Drivers/STM32F4xx_HAL_Driver/Src/stm32f4xx_hal_rtc_ex.c.obj
LOAD CMakeFiles/anal_mic_rel.dir/Users/dmitry/STM32Cube/Repository/STM32Cube_FW_F4_V1.25.0/Drivers/STM32F4xx_HAL_Driver/Src/stm32f4xx_hal_sai.c.obj
LOAD CMakeFiles/anal_mic_rel.dir/Users/dmitry/STM32Cube/Repository/STM32Cube_FW_F4_V1.25.0/Drivers/STM32F4xx_HAL_Driver/Src/stm32f4xx_hal_sai_ex.c.obj
LOAD CMakeFiles/anal_mic_rel.dir/Users/dmitry/STM32Cube/Repository/STM32Cube_FW_F4_V1.25.0/Drivers/STM32F4xx_HAL_Driver/Src/stm32f4xx_hal_sd.c.obj
LOAD CMakeFiles/anal_mic_rel.dir/Users/dmitry/STM32Cube/Repository/STM32Cube_FW_F4_V1.25.0/Drivers/STM32F4xx_HAL_Driver/Src/stm32f4xx_hal_sdram.c.obj
LOAD CMakeFiles/anal_mic_rel.dir/Users/dmitry/STM32Cube/Repository/STM32Cube_FW_F4_V1.25.0/Drivers/STM32F4xx_HAL_Driver/Src/stm32f4xx_hal_smartcard.c.obj
LOAD CMakeFiles/anal_mic_rel.dir/Users/dmitry/STM32Cube/Repository/STM32Cube_FW_F4_V1.25.0/Drivers/STM32F4xx_HAL_Driver/Src/stm32f4xx_hal_spdifrx.c.obj
LOAD CMakeFiles/anal_mic_rel.dir/Users/dmitry/STM32Cube/Repository/STM32Cube_FW_F4_V1.25.0/Drivers/STM32F4xx_HAL_Driver/Src/stm32f4xx_hal_spi.c.obj
LOAD CMakeFiles/anal_mic_rel.dir/Users/dmitry/STM32Cube/Repository/STM32Cube_FW_F4_V1.25.0/Drivers/STM32F4xx_HAL_Driver/Src/stm32f4xx_hal_sram.c.obj
LOAD CMakeFiles/anal_mic_rel.dir/Users/dmitry/STM32Cube/Repository/STM32Cube_FW_F4_V1.25.0/Drivers/STM32F4xx_HAL_Driver/Src/stm32f4xx_hal_tim.c.obj
LOAD CMakeFiles/anal_mic_rel.dir/Users/dmitry/STM32Cube/Repository/STM32Cube_FW_F4_V1.25.0/Drivers/STM32F4xx_HAL_Driver/Src/stm32f4xx_hal_tim_ex.c.obj
LOAD CMakeFiles/anal_mic_rel.dir/Users/dmitry/STM32Cube/Repository/STM32Cube_FW_F4_V1.25.0/Drivers/STM32F4xx_HAL_Driver/Src/stm32f4xx_hal_uart.c.obj
LOAD CMakeFiles/anal_mic_rel.dir/Users/dmitry/STM32Cube/Repository/STM32Cube_FW_F4_V1.25.0/Drivers/STM32F4xx_HAL_Driver/Src/stm32f4xx_hal_usart.c.obj
LOAD CMakeFiles/anal_mic_rel.dir/Users/dmitry/STM32Cube/Repository/STM32Cube_FW_F4_V1.25.0/Drivers/STM32F4xx_HAL_Driver/Src/stm32f4xx_hal_wwdg.c.obj
START GROUP
LOAD /Users/dmitry/STM32/gcc-arm-none-eabi-9-2019-q4-major/bin/../lib/gcc/arm-none-eabi/9.2.1/thumb/v7e-m+fp/softfp/libgcc.a
LOAD /Users/dmitry/STM32/gcc-arm-none-eabi-9-2019-q4-major/bin/../lib/gcc/arm-none-eabi/9.2.1/../../../../arm-none-eabi/lib/thumb/v7e-m+fp/softfp/libg.a
LOAD /Users/dmitry/STM32/gcc-arm-none-eabi-9-2019-q4-major/bin/../lib/gcc/arm-none-eabi/9.2.1/../../../../arm-none-eabi/lib/thumb/v7e-m+fp/softfp/libc.a
END GROUP
LOAD /Users/dmitry/STM32/gcc-arm-none-eabi-9-2019-q4-major/bin/../lib/gcc/arm-none-eabi/9.2.1/thumb/v7e-m+fp/softfp/crtend.o
LOAD /Users/dmitry/STM32/gcc-arm-none-eabi-9-2019-q4-major/bin/../lib/gcc/arm-none-eabi/9.2.1/thumb/v7e-m+fp/softfp/crtn.o
                0x0000000020017fff                _estack = 0x20017fff
                0x0000000000000000                _Min_Heap_Size = 0x0
                0x0000000000000200                _Min_Stack_Size = 0x200

.isr_vector     0x0000000008000000      0x194
                0x0000000008000000                . = ALIGN (0x4)
 *(.isr_vector)
 .isr_vector    0x0000000008000000      0x194 CMakeFiles/anal_mic_rel.dir/Users/dmitry/STM32Cube/Repository/STM32Cube_FW_F4_V1.25.0/Drivers/CMSIS/Device/ST/STM32F4xx/Source/Templates/gcc/startup_stm32f401xe.s.obj
                0x0000000008000000                g_pfnVectors
                0x0000000008000194                . = ALIGN (0x4)

.text           0x00000000080001c0     0x7850
                0x00000000080001c0                . = ALIGN (0x4)
 *(.text)
 .text          0x00000000080001c0       0x40 /Users/dmitry/STM32/gcc-arm-none-eabi-9-2019-q4-major/bin/../lib/gcc/arm-none-eabi/9.2.1/thumb/v7e-m+fp/softfp/crtbegin.o
 .text          0x0000000008000200      0x378 /Users/dmitry/STM32/gcc-arm-none-eabi-9-2019-q4-major/bin/../lib/gcc/arm-none-eabi/9.2.1/thumb/v7e-m+fp/softfp/libgcc.a(_arm_addsubdf3.o)
                0x0000000008000200                __aeabi_drsub
                0x0000000008000208                __subdf3
                0x0000000008000208                __aeabi_dsub
                0x000000000800020c                __aeabi_dadd
                0x000000000800020c                __adddf3
                0x0000000008000484                __aeabi_ui2d
                0x0000000008000484                __floatunsidf
                0x00000000080004a4                __floatsidf
                0x00000000080004a4                __aeabi_i2d
                0x00000000080004c8                __extendsfdf2
                0x00000000080004c8                __aeabi_f2d
                0x000000000800050c                __aeabi_ul2d
                0x000000000800050c                __floatundidf
                0x000000000800051c                __aeabi_l2d
                0x000000000800051c                __floatdidf
 .text          0x0000000008000578       0xa0 /Users/dmitry/STM32/gcc-arm-none-eabi-9-2019-q4-major/bin/../lib/gcc/arm-none-eabi/9.2.1/thumb/v7e-m+fp/softfp/libgcc.a(_arm_truncdfsf2.o)
                0x0000000008000578                __aeabi_d2f
                0x0000000008000578                __truncdfsf2
 .text          0x0000000008000618       0x30 /Users/dmitry/STM32/gcc-arm-none-eabi-9-2019-q4-major/bin/../lib/gcc/arm-none-eabi/9.2.1/thumb/v7e-m+fp/softfp/libgcc.a(_aeabi_uldivmod.o)
                0x0000000008000618                __aeabi_uldivmod
 .text          0x0000000008000648      0x2c4 /Users/dmitry/STM32/gcc-arm-none-eabi-9-2019-q4-major/bin/../lib/gcc/arm-none-eabi/9.2.1/thumb/v7e-m+fp/softfp/libgcc.a(_udivmoddi4.o)
                0x0000000008000648                __udivmoddi4
 .text          0x000000000800090c        0x4 /Users/dmitry/STM32/gcc-arm-none-eabi-9-2019-q4-major/bin/../lib/gcc/arm-none-eabi/9.2.1/thumb/v7e-m+fp/softfp/libgcc.a(_dvmd_tls.o)
                0x000000000800090c                __aeabi_ldiv0
                0x000000000800090c                __aeabi_idiv0
 *fill*         0x0000000008000910       0x30 
 .text          0x0000000008000940       0xdc /Users/dmitry/STM32/gcc-arm-none-eabi-9-2019-q4-major/bin/../lib/gcc/arm-none-eabi/9.2.1/../../../../arm-none-eabi/lib/thumb/v7e-m+fp/softfp/libg.a(lib_a-strlen.o)
                0x0000000008000940                strlen
 *fill*         0x0000000008000a1c        0x4 
 .text          0x0000000008000a20       0xa0 /Users/dmitry/STM32/gcc-arm-none-eabi-9-2019-q4-major/bin/../lib/gcc/arm-none-eabi/9.2.1/../../../../arm-none-eabi/lib/thumb/v7e-m+fp/softfp/libg.a(lib_a-memchr.o)
                0x0000000008000a20                memchr
 .text          0x0000000008000ac0      0x134 /Users/dmitry/STM32/gcc-arm-none-eabi-9-2019-q4-major/bin/../lib/gcc/arm-none-eabi/9.2.1/../../../../arm-none-eabi/lib/thumb/v7e-m+fp/softfp/libg.a(lib_a-memcpy.o)
                0x0000000008000ac0                memcpy
 .text          0x0000000008000bf4      0x424 /Users/dmitry/STM32/gcc-arm-none-eabi-9-2019-q4-major/bin/../lib/gcc/arm-none-eabi/9.2.1/thumb/v7e-m+fp/softfp/libgcc.a(_arm_muldivdf3.o)
                0x0000000008000bf4                __aeabi_dmul
                0x0000000008000bf4                __muldf3
                0x0000000008000e48                __aeabi_ddiv
                0x0000000008000e48                __divdf3
 .text          0x0000000008001018      0x110 /Users/dmitry/STM32/gcc-arm-none-eabi-9-2019-q4-major/bin/../lib/gcc/arm-none-eabi/9.2.1/thumb/v7e-m+fp/softfp/libgcc.a(_arm_cmpdf2.o)
                0x0000000008001018                __gedf2
                0x0000000008001018                __gtdf2
                0x0000000008001020                __ledf2
                0x0000000008001020                __ltdf2
                0x0000000008001028                __cmpdf2
                0x0000000008001028                __eqdf2
                0x0000000008001028                __nedf2
                0x00000000080010a4                __aeabi_cdrcmple
                0x00000000080010b4                __aeabi_cdcmple
                0x00000000080010b4                __aeabi_cdcmpeq
                0x00000000080010c4                __aeabi_dcmpeq
                0x00000000080010d8                __aeabi_dcmplt
                0x00000000080010ec                __aeabi_dcmple
                0x0000000008001100                __aeabi_dcmpge
                0x0000000008001114                __aeabi_dcmpgt
 .text          0x0000000008001128       0x2c /Users/dmitry/STM32/gcc-arm-none-eabi-9-2019-q4-major/bin/../lib/gcc/arm-none-eabi/9.2.1/thumb/v7e-m+fp/softfp/libgcc.a(_arm_unorddf2.o)
                0x0000000008001128                __aeabi_dcmpun
                0x0000000008001128                __unorddf2
 .text          0x0000000008001154       0x50 /Users/dmitry/STM32/gcc-arm-none-eabi-9-2019-q4-major/bin/../lib/gcc/arm-none-eabi/9.2.1/thumb/v7e-m+fp/softfp/libgcc.a(_arm_fixdfsi.o)
                0x0000000008001154                __fixdfsi
                0x0000000008001154                __aeabi_d2iz
 *(.text*)
 .text.startup  0x00000000080011a4       0x10 /Users/dmitry/STM32/gcc-arm-none-eabi-9-2019-q4-major/bin/../lib/gcc/arm-none-eabi/9.2.1/thumb/v7e-m+fp/softfp/crtfastmath.o
 .text.MX_ADC1_Init
                0x00000000080011b4       0xc0 CMakeFiles/anal_mic_rel.dir/Src/adc.c.obj
                0x00000000080011b4                MX_ADC1_Init
 .text.HAL_ADC_MspInit
                0x0000000008001274       0x6c CMakeFiles/anal_mic_rel.dir/Src/adc.c.obj
                0x0000000008001274                HAL_ADC_MspInit
 .text.MX_GPIO_Init
                0x00000000080012e0       0x94 CMakeFiles/anal_mic_rel.dir/Src/gpio.c.obj
                0x00000000080012e0                MX_GPIO_Init
 .text.SystemClock_Config
                0x0000000008001374       0x94 CMakeFiles/anal_mic_rel.dir/Src/main.c.obj
                0x0000000008001374                SystemClock_Config
 .text.main     0x0000000008001408      0x198 CMakeFiles/anal_mic_rel.dir/Src/main.c.obj
                0x0000000008001408                main
 .text.blink    0x00000000080015a0       0x38 CMakeFiles/anal_mic_rel.dir/Src/main.c.obj
                0x00000000080015a0                blink
 .text.HAL_GPIO_EXTI_Callback
                0x00000000080015d8       0x44 CMakeFiles/anal_mic_rel.dir/Src/main.c.obj
                0x00000000080015d8                HAL_GPIO_EXTI_Callback
 .text.Error_Handler
                0x000000000800161c        0x2 CMakeFiles/anal_mic_rel.dir/Src/main.c.obj
                0x000000000800161c                Error_Handler
 *fill*         0x000000000800161e        0x2 
 .text.autocorelation
                0x0000000008001620       0x6c CMakeFiles/anal_mic_rel.dir/Src/mic_direction.c.obj
                0x0000000008001620                autocorelation
 .text.findShift
                0x000000000800168c       0x60 CMakeFiles/anal_mic_rel.dir/Src/mic_direction.c.obj
                0x000000000800168c                findShift
 .text.HAL_MspInit
                0x00000000080016ec       0x38 CMakeFiles/anal_mic_rel.dir/Src/stm32f4xx_hal_msp.c.obj
                0x00000000080016ec                HAL_MspInit
 .text.NMI_Handler
                0x0000000008001724        0x2 CMakeFiles/anal_mic_rel.dir/Src/stm32f4xx_it.c.obj
                0x0000000008001724                NMI_Handler
 .text.HardFault_Handler
                0x0000000008001726        0x2 CMakeFiles/anal_mic_rel.dir/Src/stm32f4xx_it.c.obj
                0x0000000008001726                HardFault_Handler
 .text.MemManage_Handler
                0x0000000008001728        0x2 CMakeFiles/anal_mic_rel.dir/Src/stm32f4xx_it.c.obj
                0x0000000008001728                MemManage_Handler
 .text.BusFault_Handler
                0x000000000800172a        0x2 CMakeFiles/anal_mic_rel.dir/Src/stm32f4xx_it.c.obj
                0x000000000800172a                BusFault_Handler
 .text.UsageFault_Handler
                0x000000000800172c        0x2 CMakeFiles/anal_mic_rel.dir/Src/stm32f4xx_it.c.obj
                0x000000000800172c                UsageFault_Handler
 .text.SVC_Handler
                0x000000000800172e        0x2 CMakeFiles/anal_mic_rel.dir/Src/stm32f4xx_it.c.obj
                0x000000000800172e                SVC_Handler
 .text.DebugMon_Handler
                0x0000000008001730        0x2 CMakeFiles/anal_mic_rel.dir/Src/stm32f4xx_it.c.obj
                0x0000000008001730                DebugMon_Handler
 .text.PendSV_Handler
                0x0000000008001732        0x2 CMakeFiles/anal_mic_rel.dir/Src/stm32f4xx_it.c.obj
                0x0000000008001732                PendSV_Handler
 .text.SysTick_Handler
                0x0000000008001734        0x8 CMakeFiles/anal_mic_rel.dir/Src/stm32f4xx_it.c.obj
                0x0000000008001734                SysTick_Handler
 *fill*         0x000000000800173c        0x4 
 .text.TIM1_UP_TIM10_IRQHandler
                0x0000000008001740       0x98 CMakeFiles/anal_mic_rel.dir/Src/stm32f4xx_it.c.obj
                0x0000000008001740                TIM1_UP_TIM10_IRQHandler
 .text.EXTI15_10_IRQHandler
                0x00000000080017d8        0xc CMakeFiles/anal_mic_rel.dir/Src/stm32f4xx_it.c.obj
                0x00000000080017d8                EXTI15_10_IRQHandler
 .text._sbrk    0x00000000080017e4       0x3c CMakeFiles/anal_mic_rel.dir/Src/sysmem.c.obj
                0x00000000080017e4                _sbrk
 .text.MX_TIM10_Init
                0x0000000008001820       0x30 CMakeFiles/anal_mic_rel.dir/Src/tim.c.obj
                0x0000000008001820                MX_TIM10_Init
 .text.HAL_TIM_Base_MspInit
                0x0000000008001850       0x40 CMakeFiles/anal_mic_rel.dir/Src/tim.c.obj
                0x0000000008001850                HAL_TIM_Base_MspInit
 .text.MX_USART2_UART_Init
                0x0000000008001890       0x34 CMakeFiles/anal_mic_rel.dir/Src/usart.c.obj
                0x0000000008001890                MX_USART2_UART_Init
 .text.HAL_UART_MspInit
                0x00000000080018c4       0x70 CMakeFiles/anal_mic_rel.dir/Src/usart.c.obj
                0x00000000080018c4                HAL_UART_MspInit
 .text.SystemInit
                0x0000000008001934       0x1c CMakeFiles/anal_mic_rel.dir/Users/dmitry/STM32Cube/Repository/STM32Cube_FW_F4_V1.25.0/Drivers/CMSIS/Device/ST/STM32F4xx/Source/Templates/system_stm32f4xx.c.obj
                0x0000000008001934                SystemInit
 .text.Reset_Handler
                0x0000000008001950       0x50 CMakeFiles/anal_mic_rel.dir/Users/dmitry/STM32Cube/Repository/STM32Cube_FW_F4_V1.25.0/Drivers/CMSIS/Device/ST/STM32F4xx/Source/Templates/gcc/startup_stm32f401xe.s.obj
                0x0000000008001950                Reset_Handler
 .text.Default_Handler
                0x00000000080019a0        0x2 CMakeFiles/anal_mic_rel.dir/Users/dmitry/STM32Cube/Repository/STM32Cube_FW_F4_V1.25.0/Drivers/CMSIS/Device/ST/STM32F4xx/Source/Templates/gcc/startup_stm32f401xe.s.obj
                0x00000000080019a0                DMA1_Stream3_IRQHandler
                0x00000000080019a0                EXTI2_IRQHandler
                0x00000000080019a0                SPI4_IRQHandler
                0x00000000080019a0                TIM1_CC_IRQHandler
                0x00000000080019a0                DMA2_Stream5_IRQHandler
                0x00000000080019a0                DMA1_Stream5_IRQHandler
                0x00000000080019a0                PVD_IRQHandler
                0x00000000080019a0                SDIO_IRQHandler
                0x00000000080019a0                TAMP_STAMP_IRQHandler
                0x00000000080019a0                EXTI3_IRQHandler
                0x00000000080019a0                I2C3_ER_IRQHandler
                0x00000000080019a0                EXTI0_IRQHandler
                0x00000000080019a0                I2C2_EV_IRQHandler
                0x00000000080019a0                DMA1_Stream2_IRQHandler
                0x00000000080019a0                FPU_IRQHandler
                0x00000000080019a0                DMA2_Stream2_IRQHandler
                0x00000000080019a0                SPI1_IRQHandler
                0x00000000080019a0                TIM1_BRK_TIM9_IRQHandler
                0x00000000080019a0                DMA2_Stream3_IRQHandler
                0x00000000080019a0                USART6_IRQHandler
                0x00000000080019a0                DMA2_Stream0_IRQHandler
                0x00000000080019a0                TIM4_IRQHandler
                0x00000000080019a0                I2C1_EV_IRQHandler
                0x00000000080019a0                DMA1_Stream6_IRQHandler
                0x00000000080019a0                DMA1_Stream1_IRQHandler
                0x00000000080019a0                TIM3_IRQHandler
                0x00000000080019a0                RCC_IRQHandler
                0x00000000080019a0                Default_Handler
                0x00000000080019a0                ADC_IRQHandler
                0x00000000080019a0                DMA1_Stream7_IRQHandler
                0x00000000080019a0                TIM5_IRQHandler
                0x00000000080019a0                DMA2_Stream7_IRQHandler
                0x00000000080019a0                I2C3_EV_IRQHandler
                0x00000000080019a0                EXTI9_5_IRQHandler
                0x00000000080019a0                RTC_WKUP_IRQHandler
                0x00000000080019a0                SPI2_IRQHandler
                0x00000000080019a0                DMA1_Stream0_IRQHandler
                0x00000000080019a0                EXTI4_IRQHandler
                0x00000000080019a0                WWDG_IRQHandler
                0x00000000080019a0                TIM2_IRQHandler
                0x00000000080019a0                OTG_FS_WKUP_IRQHandler
                0x00000000080019a0                TIM1_TRG_COM_TIM11_IRQHandler
                0x00000000080019a0                EXTI1_IRQHandler
                0x00000000080019a0                USART2_IRQHandler
                0x00000000080019a0                I2C2_ER_IRQHandler
                0x00000000080019a0                DMA2_Stream1_IRQHandler
                0x00000000080019a0                FLASH_IRQHandler
                0x00000000080019a0                DMA2_Stream4_IRQHandler
                0x00000000080019a0                USART1_IRQHandler
                0x00000000080019a0                OTG_FS_IRQHandler
                0x00000000080019a0                SPI3_IRQHandler
                0x00000000080019a0                DMA1_Stream4_IRQHandler
                0x00000000080019a0                I2C1_ER_IRQHandler
                0x00000000080019a0                DMA2_Stream6_IRQHandler
                0x00000000080019a0                RTC_Alarm_IRQHandler
 *fill*         0x00000000080019a2        0x2 
 .text.HAL_InitTick
                0x00000000080019a4       0x4c CMakeFiles/anal_mic_rel.dir/Users/dmitry/STM32Cube/Repository/STM32Cube_FW_F4_V1.25.0/Drivers/STM32F4xx_HAL_Driver/Src/stm32f4xx_hal.c.obj
                0x00000000080019a4                HAL_InitTick
 .text.HAL_Init
                0x00000000080019f0       0x34 CMakeFiles/anal_mic_rel.dir/Users/dmitry/STM32Cube/Repository/STM32Cube_FW_F4_V1.25.0/Drivers/STM32F4xx_HAL_Driver/Src/stm32f4xx_hal.c.obj
                0x00000000080019f0                HAL_Init
 .text.HAL_IncTick
                0x0000000008001a24       0x18 CMakeFiles/anal_mic_rel.dir/Users/dmitry/STM32Cube/Repository/STM32Cube_FW_F4_V1.25.0/Drivers/STM32F4xx_HAL_Driver/Src/stm32f4xx_hal.c.obj
                0x0000000008001a24                HAL_IncTick
 .text.HAL_GetTick
                0x0000000008001a3c        0xc CMakeFiles/anal_mic_rel.dir/Users/dmitry/STM32Cube/Repository/STM32Cube_FW_F4_V1.25.0/Drivers/STM32F4xx_HAL_Driver/Src/stm32f4xx_hal.c.obj
                0x0000000008001a3c                HAL_GetTick
 .text.HAL_Delay
                0x0000000008001a48       0x28 CMakeFiles/anal_mic_rel.dir/Users/dmitry/STM32Cube/Repository/STM32Cube_FW_F4_V1.25.0/Drivers/STM32F4xx_HAL_Driver/Src/stm32f4xx_hal.c.obj
                0x0000000008001a48                HAL_Delay
 .text.ADC_Init
                0x0000000008001a70      0x134 CMakeFiles/anal_mic_rel.dir/Users/dmitry/STM32Cube/Repository/STM32Cube_FW_F4_V1.25.0/Drivers/STM32F4xx_HAL_Driver/Src/stm32f4xx_hal_adc.c.obj
 .text.HAL_ADC_Init
                0x0000000008001ba4       0x56 CMakeFiles/anal_mic_rel.dir/Users/dmitry/STM32Cube/Repository/STM32Cube_FW_F4_V1.25.0/Drivers/STM32F4xx_HAL_Driver/Src/stm32f4xx_hal_adc.c.obj
                0x0000000008001ba4                HAL_ADC_Init
 *fill*         0x0000000008001bfa        0x2 
 .text.HAL_ADC_ConfigChannel
                0x0000000008001bfc      0x190 CMakeFiles/anal_mic_rel.dir/Users/dmitry/STM32Cube/Repository/STM32Cube_FW_F4_V1.25.0/Drivers/STM32F4xx_HAL_Driver/Src/stm32f4xx_hal_adc.c.obj
                0x0000000008001bfc                HAL_ADC_ConfigChannel
 .text.HAL_ADCEx_InjectedStart
                0x0000000008001d8c       0xf4 CMakeFiles/anal_mic_rel.dir/Users/dmitry/STM32Cube/Repository/STM32Cube_FW_F4_V1.25.0/Drivers/STM32F4xx_HAL_Driver/Src/stm32f4xx_hal_adc_ex.c.obj
                0x0000000008001d8c                HAL_ADCEx_InjectedStart
 .text.HAL_ADCEx_InjectedGetValue
                0x0000000008001e80       0x40 CMakeFiles/anal_mic_rel.dir/Users/dmitry/STM32Cube/Repository/STM32Cube_FW_F4_V1.25.0/Drivers/STM32F4xx_HAL_Driver/Src/stm32f4xx_hal_adc_ex.c.obj
                0x0000000008001e80                HAL_ADCEx_InjectedGetValue
 .text.HAL_ADCEx_InjectedConfigChannel
                0x0000000008001ec0      0x20c CMakeFiles/anal_mic_rel.dir/Users/dmitry/STM32Cube/Repository/STM32Cube_FW_F4_V1.25.0/Drivers/STM32F4xx_HAL_Driver/Src/stm32f4xx_hal_adc_ex.c.obj
                0x0000000008001ec0                HAL_ADCEx_InjectedConfigChannel
 .text.HAL_NVIC_SetPriorityGrouping
                0x00000000080020cc       0x24 CMakeFiles/anal_mic_rel.dir/Users/dmitry/STM32Cube/Repository/STM32Cube_FW_F4_V1.25.0/Drivers/STM32F4xx_HAL_Driver/Src/stm32f4xx_hal_cortex.c.obj
                0x00000000080020cc                HAL_NVIC_SetPriorityGrouping
 .text.HAL_NVIC_SetPriority
                0x00000000080020f0       0x68 CMakeFiles/anal_mic_rel.dir/Users/dmitry/STM32Cube/Repository/STM32Cube_FW_F4_V1.25.0/Drivers/STM32F4xx_HAL_Driver/Src/stm32f4xx_hal_cortex.c.obj
                0x00000000080020f0                HAL_NVIC_SetPriority
 .text.HAL_NVIC_EnableIRQ
                0x0000000008002158       0x1c CMakeFiles/anal_mic_rel.dir/Users/dmitry/STM32Cube/Repository/STM32Cube_FW_F4_V1.25.0/Drivers/STM32F4xx_HAL_Driver/Src/stm32f4xx_hal_cortex.c.obj
                0x0000000008002158                HAL_NVIC_EnableIRQ
 .text.HAL_SYSTICK_Config
                0x0000000008002174       0x2c CMakeFiles/anal_mic_rel.dir/Users/dmitry/STM32Cube/Repository/STM32Cube_FW_F4_V1.25.0/Drivers/STM32F4xx_HAL_Driver/Src/stm32f4xx_hal_cortex.c.obj
                0x0000000008002174                HAL_SYSTICK_Config
 .text.HAL_GPIO_Init
                0x00000000080021a0      0x1a8 CMakeFiles/anal_mic_rel.dir/Users/dmitry/STM32Cube/Repository/STM32Cube_FW_F4_V1.25.0/Drivers/STM32F4xx_HAL_Driver/Src/stm32f4xx_hal_gpio.c.obj
                0x00000000080021a0                HAL_GPIO_Init
 .text.HAL_GPIO_WritePin
                0x0000000008002348        0xc CMakeFiles/anal_mic_rel.dir/Users/dmitry/STM32Cube/Repository/STM32Cube_FW_F4_V1.25.0/Drivers/STM32F4xx_HAL_Driver/Src/stm32f4xx_hal_gpio.c.obj
                0x0000000008002348                HAL_GPIO_WritePin
 .text.HAL_GPIO_EXTI_IRQHandler
                0x0000000008002354       0x1c CMakeFiles/anal_mic_rel.dir/Users/dmitry/STM32Cube/Repository/STM32Cube_FW_F4_V1.25.0/Drivers/STM32F4xx_HAL_Driver/Src/stm32f4xx_hal_gpio.c.obj
                0x0000000008002354                HAL_GPIO_EXTI_IRQHandler
 .text.HAL_RCC_OscConfig
                0x0000000008002370      0x3ec CMakeFiles/anal_mic_rel.dir/Users/dmitry/STM32Cube/Repository/STM32Cube_FW_F4_V1.25.0/Drivers/STM32F4xx_HAL_Driver/Src/stm32f4xx_hal_rcc.c.obj
                0x0000000008002370                HAL_RCC_OscConfig
 .text.HAL_RCC_GetSysClockFreq
                0x000000000800275c       0xa0 CMakeFiles/anal_mic_rel.dir/Users/dmitry/STM32Cube/Repository/STM32Cube_FW_F4_V1.25.0/Drivers/STM32F4xx_HAL_Driver/Src/stm32f4xx_hal_rcc.c.obj
                0x000000000800275c                HAL_RCC_GetSysClockFreq
 .text.HAL_RCC_ClockConfig
                0x00000000080027fc      0x160 CMakeFiles/anal_mic_rel.dir/Users/dmitry/STM32Cube/Repository/STM32Cube_FW_F4_V1.25.0/Drivers/STM32F4xx_HAL_Driver/Src/stm32f4xx_hal_rcc.c.obj
                0x00000000080027fc                HAL_RCC_ClockConfig
 .text.HAL_RCC_GetHCLKFreq
                0x000000000800295c        0xc CMakeFiles/anal_mic_rel.dir/Users/dmitry/STM32Cube/Repository/STM32Cube_FW_F4_V1.25.0/Drivers/STM32F4xx_HAL_Driver/Src/stm32f4xx_hal_rcc.c.obj
                0x000000000800295c                HAL_RCC_GetHCLKFreq
 .text.HAL_RCC_GetPCLK1Freq
                0x0000000008002968       0x20 CMakeFiles/anal_mic_rel.dir/Users/dmitry/STM32Cube/Repository/STM32Cube_FW_F4_V1.25.0/Drivers/STM32F4xx_HAL_Driver/Src/stm32f4xx_hal_rcc.c.obj
                0x0000000008002968                HAL_RCC_GetPCLK1Freq
 .text.HAL_RCC_GetPCLK2Freq
                0x0000000008002988       0x20 CMakeFiles/anal_mic_rel.dir/Users/dmitry/STM32Cube/Repository/STM32Cube_FW_F4_V1.25.0/Drivers/STM32F4xx_HAL_Driver/Src/stm32f4xx_hal_rcc.c.obj
                0x0000000008002988                HAL_RCC_GetPCLK2Freq
 .text.HAL_TIM_Base_Start_IT
                0x00000000080029a8       0x22 CMakeFiles/anal_mic_rel.dir/Users/dmitry/STM32Cube/Repository/STM32Cube_FW_F4_V1.25.0/Drivers/STM32F4xx_HAL_Driver/Src/stm32f4xx_hal_tim.c.obj
                0x00000000080029a8                HAL_TIM_Base_Start_IT
 .text.HAL_TIM_Base_Stop_IT
                0x00000000080029ca       0x2c CMakeFiles/anal_mic_rel.dir/Users/dmitry/STM32Cube/Repository/STM32Cube_FW_F4_V1.25.0/Drivers/STM32F4xx_HAL_Driver/Src/stm32f4xx_hal_tim.c.obj
                0x00000000080029ca                HAL_TIM_Base_Stop_IT
 .text.HAL_TIM_PeriodElapsedCallback
                0x00000000080029f6        0x2 CMakeFiles/anal_mic_rel.dir/Users/dmitry/STM32Cube/Repository/STM32Cube_FW_F4_V1.25.0/Drivers/STM32F4xx_HAL_Driver/Src/stm32f4xx_hal_tim.c.obj
                0x00000000080029f6                HAL_TIM_PeriodElapsedCallback
 .text.HAL_TIM_OC_DelayElapsedCallback
                0x00000000080029f8        0x2 CMakeFiles/anal_mic_rel.dir/Users/dmitry/STM32Cube/Repository/STM32Cube_FW_F4_V1.25.0/Drivers/STM32F4xx_HAL_Driver/Src/stm32f4xx_hal_tim.c.obj
                0x00000000080029f8                HAL_TIM_OC_DelayElapsedCallback
 .text.HAL_TIM_IC_CaptureCallback
                0x00000000080029fa        0x2 CMakeFiles/anal_mic_rel.dir/Users/dmitry/STM32Cube/Repository/STM32Cube_FW_F4_V1.25.0/Drivers/STM32F4xx_HAL_Driver/Src/stm32f4xx_hal_tim.c.obj
                0x00000000080029fa                HAL_TIM_IC_CaptureCallback
 .text.HAL_TIM_PWM_PulseFinishedCallback
                0x00000000080029fc        0x2 CMakeFiles/anal_mic_rel.dir/Users/dmitry/STM32Cube/Repository/STM32Cube_FW_F4_V1.25.0/Drivers/STM32F4xx_HAL_Driver/Src/stm32f4xx_hal_tim.c.obj
                0x00000000080029fc                HAL_TIM_PWM_PulseFinishedCallback
 .text.HAL_TIM_TriggerCallback
                0x00000000080029fe        0x2 CMakeFiles/anal_mic_rel.dir/Users/dmitry/STM32Cube/Repository/STM32Cube_FW_F4_V1.25.0/Drivers/STM32F4xx_HAL_Driver/Src/stm32f4xx_hal_tim.c.obj
                0x00000000080029fe                HAL_TIM_TriggerCallback
 .text.HAL_TIM_IRQHandler
                0x0000000008002a00      0x17a CMakeFiles/anal_mic_rel.dir/Users/dmitry/STM32Cube/Repository/STM32Cube_FW_F4_V1.25.0/Drivers/STM32F4xx_HAL_Driver/Src/stm32f4xx_hal_tim.c.obj
                0x0000000008002a00                HAL_TIM_IRQHandler
 *fill*         0x0000000008002b7a        0x2 
 .text.TIM_Base_SetConfig
                0x0000000008002b7c       0x9c CMakeFiles/anal_mic_rel.dir/Users/dmitry/STM32Cube/Repository/STM32Cube_FW_F4_V1.25.0/Drivers/STM32F4xx_HAL_Driver/Src/stm32f4xx_hal_tim.c.obj
                0x0000000008002b7c                TIM_Base_SetConfig
 .text.HAL_TIM_Base_Init
                0x0000000008002c18       0x34 CMakeFiles/anal_mic_rel.dir/Users/dmitry/STM32Cube/Repository/STM32Cube_FW_F4_V1.25.0/Drivers/STM32F4xx_HAL_Driver/Src/stm32f4xx_hal_tim.c.obj
                0x0000000008002c18                HAL_TIM_Base_Init
 .text.HAL_TIMEx_CommutCallback
                0x0000000008002c4c        0x2 CMakeFiles/anal_mic_rel.dir/Users/dmitry/STM32Cube/Repository/STM32Cube_FW_F4_V1.25.0/Drivers/STM32F4xx_HAL_Driver/Src/stm32f4xx_hal_tim_ex.c.obj
                0x0000000008002c4c                HAL_TIMEx_CommutCallback
 .text.HAL_TIMEx_BreakCallback
                0x0000000008002c4e        0x2 CMakeFiles/anal_mic_rel.dir/Users/dmitry/STM32Cube/Repository/STM32Cube_FW_F4_V1.25.0/Drivers/STM32F4xx_HAL_Driver/Src/stm32f4xx_hal_tim_ex.c.obj
                0x0000000008002c4e                HAL_TIMEx_BreakCallback
 .text.UART_SetConfig
                0x0000000008002c50      0x1e8 CMakeFiles/anal_mic_rel.dir/Users/dmitry/STM32Cube/Repository/STM32Cube_FW_F4_V1.25.0/Drivers/STM32F4xx_HAL_Driver/Src/stm32f4xx_hal_uart.c.obj
 .text.UART_WaitOnFlagUntilTimeout
                0x0000000008002e38       0x68 CMakeFiles/anal_mic_rel.dir/Users/dmitry/STM32Cube/Repository/STM32Cube_FW_F4_V1.25.0/Drivers/STM32F4xx_HAL_Driver/Src/stm32f4xx_hal_uart.c.obj
 .text.HAL_UART_Init
                0x0000000008002ea0       0x5e CMakeFiles/anal_mic_rel.dir/Users/dmitry/STM32Cube/Repository/STM32Cube_FW_F4_V1.25.0/Drivers/STM32F4xx_HAL_Driver/Src/stm32f4xx_hal_uart.c.obj
                0x0000000008002ea0                HAL_UART_Init
 .text.HAL_UART_Transmit
                0x0000000008002efe       0xe2 CMakeFiles/anal_mic_rel.dir/Users/dmitry/STM32Cube/Repository/STM32Cube_FW_F4_V1.25.0/Drivers/STM32F4xx_HAL_Driver/Src/stm32f4xx_hal_uart.c.obj
                0x0000000008002efe                HAL_UART_Transmit
 .text.__errno  0x0000000008002fe0        0xc /Users/dmitry/STM32/gcc-arm-none-eabi-9-2019-q4-major/bin/../lib/gcc/arm-none-eabi/9.2.1/../../../../arm-none-eabi/lib/thumb/v7e-m+fp/softfp/libg.a(lib_a-errno.o)
                0x0000000008002fe0                __errno
 .text.__libc_init_array
                0x0000000008002fec       0x48 /Users/dmitry/STM32/gcc-arm-none-eabi-9-2019-q4-major/bin/../lib/gcc/arm-none-eabi/9.2.1/../../../../arm-none-eabi/lib/thumb/v7e-m+fp/softfp/libg.a(lib_a-init.o)
                0x0000000008002fec                __libc_init_array
 .text.memset   0x0000000008003034       0xa0 /Users/dmitry/STM32/gcc-arm-none-eabi-9-2019-q4-major/bin/../lib/gcc/arm-none-eabi/9.2.1/../../../../arm-none-eabi/lib/thumb/v7e-m+fp/softfp/libg.a(lib_a-memset.o)
                0x0000000008003034                memset
 .text.sprintf  0x00000000080030d4       0x44 /Users/dmitry/STM32/gcc-arm-none-eabi-9-2019-q4-major/bin/../lib/gcc/arm-none-eabi/9.2.1/../../../../arm-none-eabi/lib/thumb/v7e-m+fp/softfp/libg.a(lib_a-sprintf.o)
                0x00000000080030d4                sprintf
 .text._svfprintf_r
                0x0000000008003118     0x1b34 /Users/dmitry/STM32/gcc-arm-none-eabi-9-2019-q4-major/bin/../lib/gcc/arm-none-eabi/9.2.1/../../../../arm-none-eabi/lib/thumb/v7e-m+fp/softfp/libg.a(lib_a-svfprintf.o)
                0x0000000008003118                _svfprintf_r
 .text.startup.register_fini
                0x0000000008004c4c       0x14 /Users/dmitry/STM32/gcc-arm-none-eabi-9-2019-q4-major/bin/../lib/gcc/arm-none-eabi/9.2.1/../../../../arm-none-eabi/lib/thumb/v7e-m+fp/softfp/libg.a(lib_a-__call_atexit.o)
 .text.atexit   0x0000000008004c60        0xc /Users/dmitry/STM32/gcc-arm-none-eabi-9-2019-q4-major/bin/../lib/gcc/arm-none-eabi/9.2.1/../../../../arm-none-eabi/lib/thumb/v7e-m+fp/softfp/libg.a(lib_a-atexit.o)
                0x0000000008004c60                atexit
 .text.quorem   0x0000000008004c6c      0x11c /Users/dmitry/STM32/gcc-arm-none-eabi-9-2019-q4-major/bin/../lib/gcc/arm-none-eabi/9.2.1/../../../../arm-none-eabi/lib/thumb/v7e-m+fp/softfp/libg.a(lib_a-dtoa.o)
 .text._dtoa_r  0x0000000008004d88      0xeec /Users/dmitry/STM32/gcc-arm-none-eabi-9-2019-q4-major/bin/../lib/gcc/arm-none-eabi/9.2.1/../../../../arm-none-eabi/lib/thumb/v7e-m+fp/softfp/libg.a(lib_a-dtoa.o)
                0x0000000008004d88                _dtoa_r
 .text.__libc_fini_array
                0x0000000008005c74       0x2c /Users/dmitry/STM32/gcc-arm-none-eabi-9-2019-q4-major/bin/../lib/gcc/arm-none-eabi/9.2.1/../../../../arm-none-eabi/lib/thumb/v7e-m+fp/softfp/libg.a(lib_a-fini.o)
                0x0000000008005c74                __libc_fini_array
 .text._malloc_trim_r
                0x0000000008005ca0       0xa0 /Users/dmitry/STM32/gcc-arm-none-eabi-9-2019-q4-major/bin/../lib/gcc/arm-none-eabi/9.2.1/../../../../arm-none-eabi/lib/thumb/v7e-m+fp/softfp/libg.a(lib_a-freer.o)
                0x0000000008005ca0                _malloc_trim_r
 .text._free_r  0x0000000008005d40      0x208 /Users/dmitry/STM32/gcc-arm-none-eabi-9-2019-q4-major/bin/../lib/gcc/arm-none-eabi/9.2.1/../../../../arm-none-eabi/lib/thumb/v7e-m+fp/softfp/libg.a(lib_a-freer.o)
                0x0000000008005d40                _free_r
 .text._localeconv_r
                0x0000000008005f48        0x8 /Users/dmitry/STM32/gcc-arm-none-eabi-9-2019-q4-major/bin/../lib/gcc/arm-none-eabi/9.2.1/../../../../arm-none-eabi/lib/thumb/v7e-m+fp/softfp/libg.a(lib_a-localeconv.o)
                0x0000000008005f48                _localeconv_r
 .text.__retarget_lock_acquire_recursive
                0x0000000008005f50        0x4 /Users/dmitry/STM32/gcc-arm-none-eabi-9-2019-q4-major/bin/../lib/gcc/arm-none-eabi/9.2.1/../../../../arm-none-eabi/lib/thumb/v7e-m+fp/softfp/libg.a(lib_a-lock.o)
                0x0000000008005f50                __retarget_lock_acquire_recursive
 .text.__retarget_lock_release_recursive
                0x0000000008005f54        0x4 /Users/dmitry/STM32/gcc-arm-none-eabi-9-2019-q4-major/bin/../lib/gcc/arm-none-eabi/9.2.1/../../../../arm-none-eabi/lib/thumb/v7e-m+fp/softfp/libg.a(lib_a-lock.o)
                0x0000000008005f54                __retarget_lock_release_recursive
 .text._malloc_r
                0x0000000008005f58      0x574 /Users/dmitry/STM32/gcc-arm-none-eabi-9-2019-q4-major/bin/../lib/gcc/arm-none-eabi/9.2.1/../../../../arm-none-eabi/lib/thumb/v7e-m+fp/softfp/libg.a(lib_a-mallocr.o)
                0x0000000008005f58                _malloc_r
 .text.__malloc_lock
                0x00000000080064cc        0xc /Users/dmitry/STM32/gcc-arm-none-eabi-9-2019-q4-major/bin/../lib/gcc/arm-none-eabi/9.2.1/../../../../arm-none-eabi/lib/thumb/v7e-m+fp/softfp/libg.a(lib_a-mlock.o)
                0x00000000080064cc                __malloc_lock
 .text.__malloc_unlock
                0x00000000080064d8        0xc /Users/dmitry/STM32/gcc-arm-none-eabi-9-2019-q4-major/bin/../lib/gcc/arm-none-eabi/9.2.1/../../../../arm-none-eabi/lib/thumb/v7e-m+fp/softfp/libg.a(lib_a-mlock.o)
                0x00000000080064d8                __malloc_unlock
 .text._Balloc  0x00000000080064e4       0x4c /Users/dmitry/STM32/gcc-arm-none-eabi-9-2019-q4-major/bin/../lib/gcc/arm-none-eabi/9.2.1/../../../../arm-none-eabi/lib/thumb/v7e-m+fp/softfp/libg.a(lib_a-mprec.o)
                0x00000000080064e4                _Balloc
 .text._Bfree   0x0000000008006530       0x14 /Users/dmitry/STM32/gcc-arm-none-eabi-9-2019-q4-major/bin/../lib/gcc/arm-none-eabi/9.2.1/../../../../arm-none-eabi/lib/thumb/v7e-m+fp/softfp/libg.a(lib_a-mprec.o)
                0x0000000008006530                _Bfree
 .text.__multadd
                0x0000000008006544       0x8c /Users/dmitry/STM32/gcc-arm-none-eabi-9-2019-q4-major/bin/../lib/gcc/arm-none-eabi/9.2.1/../../../../arm-none-eabi/lib/thumb/v7e-m+fp/softfp/libg.a(lib_a-mprec.o)
                0x0000000008006544                __multadd
 .text.__hi0bits
                0x00000000080065d0       0x40 /Users/dmitry/STM32/gcc-arm-none-eabi-9-2019-q4-major/bin/../lib/gcc/arm-none-eabi/9.2.1/../../../../arm-none-eabi/lib/thumb/v7e-m+fp/softfp/libg.a(lib_a-mprec.o)
                0x00000000080065d0                __hi0bits
 .text.__lo0bits
                0x0000000008006610       0x60 /Users/dmitry/STM32/gcc-arm-none-eabi-9-2019-q4-major/bin/../lib/gcc/arm-none-eabi/9.2.1/../../../../arm-none-eabi/lib/thumb/v7e-m+fp/softfp/libg.a(lib_a-mprec.o)
                0x0000000008006610                __lo0bits
 .text.__i2b    0x0000000008006670       0x14 /Users/dmitry/STM32/gcc-arm-none-eabi-9-2019-q4-major/bin/../lib/gcc/arm-none-eabi/9.2.1/../../../../arm-none-eabi/lib/thumb/v7e-m+fp/softfp/libg.a(lib_a-mprec.o)
                0x0000000008006670                __i2b
 .text.__multiply
                0x0000000008006684      0x144 /Users/dmitry/STM32/gcc-arm-none-eabi-9-2019-q4-major/bin/../lib/gcc/arm-none-eabi/9.2.1/../../../../arm-none-eabi/lib/thumb/v7e-m+fp/softfp/libg.a(lib_a-mprec.o)
                0x0000000008006684                __multiply
 .text.__pow5mult
                0x00000000080067c8       0xa0 /Users/dmitry/STM32/gcc-arm-none-eabi-9-2019-q4-major/bin/../lib/gcc/arm-none-eabi/9.2.1/../../../../arm-none-eabi/lib/thumb/v7e-m+fp/softfp/libg.a(lib_a-mprec.o)
                0x00000000080067c8                __pow5mult
 .text.__lshift
                0x0000000008006868       0xd4 /Users/dmitry/STM32/gcc-arm-none-eabi-9-2019-q4-major/bin/../lib/gcc/arm-none-eabi/9.2.1/../../../../arm-none-eabi/lib/thumb/v7e-m+fp/softfp/libg.a(lib_a-mprec.o)
                0x0000000008006868                __lshift
 .text.__mcmp   0x000000000800693c       0x3c /Users/dmitry/STM32/gcc-arm-none-eabi-9-2019-q4-major/bin/../lib/gcc/arm-none-eabi/9.2.1/../../../../arm-none-eabi/lib/thumb/v7e-m+fp/softfp/libg.a(lib_a-mprec.o)
                0x000000000800693c                __mcmp
 .text.__mdiff  0x0000000008006978      0x138 /Users/dmitry/STM32/gcc-arm-none-eabi-9-2019-q4-major/bin/../lib/gcc/arm-none-eabi/9.2.1/../../../../arm-none-eabi/lib/thumb/v7e-m+fp/softfp/libg.a(lib_a-mprec.o)
                0x0000000008006978                __mdiff
 .text.__d2b    0x0000000008006ab0       0xbc /Users/dmitry/STM32/gcc-arm-none-eabi-9-2019-q4-major/bin/../lib/gcc/arm-none-eabi/9.2.1/../../../../arm-none-eabi/lib/thumb/v7e-m+fp/softfp/libg.a(lib_a-mprec.o)
                0x0000000008006ab0                __d2b
 .text.frexp    0x0000000008006b6c       0x70 /Users/dmitry/STM32/gcc-arm-none-eabi-9-2019-q4-major/bin/../lib/gcc/arm-none-eabi/9.2.1/../../../../arm-none-eabi/lib/thumb/v7e-m+fp/softfp/libg.a(lib_a-s_frexp.o)
                0x0000000008006b6c                frexp
 .text._sbrk_r  0x0000000008006bdc       0x24 /Users/dmitry/STM32/gcc-arm-none-eabi-9-2019-q4-major/bin/../lib/gcc/arm-none-eabi/9.2.1/../../../../arm-none-eabi/lib/thumb/v7e-m+fp/softfp/libg.a(lib_a-sbrkr.o)
                0x0000000008006bdc                _sbrk_r
 .text.strncpy  0x0000000008006c00       0x68 /Users/dmitry/STM32/gcc-arm-none-eabi-9-2019-q4-major/bin/../lib/gcc/arm-none-eabi/9.2.1/../../../../arm-none-eabi/lib/thumb/v7e-m+fp/softfp/libg.a(lib_a-strncpy.o)
                0x0000000008006c00                strncpy
 .text.__ssprint_r
                0x0000000008006c68       0xf8 /Users/dmitry/STM32/gcc-arm-none-eabi-9-2019-q4-major/bin/../lib/gcc/arm-none-eabi/9.2.1/../../../../arm-none-eabi/lib/thumb/v7e-m+fp/softfp/libg.a(lib_a-svfiprintf.o)
                0x0000000008006c68                __ssprint_r
 .text.__register_exitproc
                0x0000000008006d60       0x8c /Users/dmitry/STM32/gcc-arm-none-eabi-9-2019-q4-major/bin/../lib/gcc/arm-none-eabi/9.2.1/../../../../arm-none-eabi/lib/thumb/v7e-m+fp/softfp/libg.a(lib_a-__atexit.o)
                0x0000000008006d60                __register_exitproc
 .text._calloc_r
                0x0000000008006dec       0x60 /Users/dmitry/STM32/gcc-arm-none-eabi-9-2019-q4-major/bin/../lib/gcc/arm-none-eabi/9.2.1/../../../../arm-none-eabi/lib/thumb/v7e-m+fp/softfp/libg.a(lib_a-callocr.o)
                0x0000000008006dec                _calloc_r
 .text.__ascii_mbtowc
                0x0000000008006e4c       0x2c /Users/dmitry/STM32/gcc-arm-none-eabi-9-2019-q4-major/bin/../lib/gcc/arm-none-eabi/9.2.1/../../../../arm-none-eabi/lib/thumb/v7e-m+fp/softfp/libg.a(lib_a-mbtowc_r.o)
                0x0000000008006e4c                __ascii_mbtowc
 .text.memmove  0x0000000008006e78       0xd8 /Users/dmitry/STM32/gcc-arm-none-eabi-9-2019-q4-major/bin/../lib/gcc/arm-none-eabi/9.2.1/../../../../arm-none-eabi/lib/thumb/v7e-m+fp/softfp/libg.a(lib_a-memmove.o)
                0x0000000008006e78                memmove
 .text._realloc_r
                0x0000000008006f50      0x3e0 /Users/dmitry/STM32/gcc-arm-none-eabi-9-2019-q4-major/bin/../lib/gcc/arm-none-eabi/9.2.1/../../../../arm-none-eabi/lib/thumb/v7e-m+fp/softfp/libg.a(lib_a-reallocr.o)
                0x0000000008006f50                _realloc_r
 .text.__ascii_wctomb
                0x0000000008007330       0x1c /Users/dmitry/STM32/gcc-arm-none-eabi-9-2019-q4-major/bin/../lib/gcc/arm-none-eabi/9.2.1/../../../../arm-none-eabi/lib/thumb/v7e-m+fp/softfp/libg.a(lib_a-wctomb_r.o)
                0x0000000008007330                __ascii_wctomb
 .text.asin     0x000000000800734c       0xb0 /Users/dmitry/STM32/gcc-arm-none-eabi-9-2019-q4-major/bin/../lib/gcc/arm-none-eabi/9.2.1/../../../../arm-none-eabi/lib/thumb/v7e-m+fp/softfp/libm.a(lib_a-w_asin.o)
                0x000000000800734c                asin
 *fill*         0x00000000080073fc        0x4 
 .text.__ieee754_asin
                0x0000000008007400      0x474 /Users/dmitry/STM32/gcc-arm-none-eabi-9-2019-q4-major/bin/../lib/gcc/arm-none-eabi/9.2.1/../../../../arm-none-eabi/lib/thumb/v7e-m+fp/softfp/libm.a(lib_a-e_asin.o)
                0x0000000008007400                __ieee754_asin
 .text.__ieee754_sqrt
                0x0000000008007874      0x16c /Users/dmitry/STM32/gcc-arm-none-eabi-9-2019-q4-major/bin/../lib/gcc/arm-none-eabi/9.2.1/../../../../arm-none-eabi/lib/thumb/v7e-m+fp/softfp/libm.a(lib_a-e_sqrt.o)
                0x0000000008007874                __ieee754_sqrt
 .text.fabs     0x00000000080079e0        0x8 /Users/dmitry/STM32/gcc-arm-none-eabi-9-2019-q4-major/bin/../lib/gcc/arm-none-eabi/9.2.1/../../../../arm-none-eabi/lib/thumb/v7e-m+fp/softfp/libm.a(lib_a-s_fabs.o)
                0x00000000080079e0                fabs
 .text.matherr  0x00000000080079e8        0x4 /Users/dmitry/STM32/gcc-arm-none-eabi-9-2019-q4-major/bin/../lib/gcc/arm-none-eabi/9.2.1/../../../../arm-none-eabi/lib/thumb/v7e-m+fp/softfp/libm.a(lib_a-s_matherr.o)
                0x00000000080079e8                matherr
 .text.nan      0x00000000080079ec        0xc /Users/dmitry/STM32/gcc-arm-none-eabi-9-2019-q4-major/bin/../lib/gcc/arm-none-eabi/9.2.1/../../../../arm-none-eabi/lib/thumb/v7e-m+fp/softfp/libm.a(lib_a-s_nan.o)
                0x00000000080079ec                nan
 *(.glue_7)
 .glue_7        0x00000000080079f8        0x0 linker stubs
 *(.glue_7t)
 .glue_7t       0x00000000080079f8        0x0 linker stubs
 *(.eh_frame)
 .eh_frame      0x00000000080079f8        0x0 /Users/dmitry/STM32/gcc-arm-none-eabi-9-2019-q4-major/bin/../lib/gcc/arm-none-eabi/9.2.1/thumb/v7e-m+fp/softfp/crtbegin.o
 *(.init)
 .init          0x00000000080079f8        0x4 /Users/dmitry/STM32/gcc-arm-none-eabi-9-2019-q4-major/bin/../lib/gcc/arm-none-eabi/9.2.1/thumb/v7e-m+fp/softfp/crti.o
                0x00000000080079f8                _init
 .init          0x00000000080079fc        0x8 /Users/dmitry/STM32/gcc-arm-none-eabi-9-2019-q4-major/bin/../lib/gcc/arm-none-eabi/9.2.1/thumb/v7e-m+fp/softfp/crtn.o
 *(.fini)
 .fini          0x0000000008007a04        0x4 /Users/dmitry/STM32/gcc-arm-none-eabi-9-2019-q4-major/bin/../lib/gcc/arm-none-eabi/9.2.1/thumb/v7e-m+fp/softfp/crti.o
                0x0000000008007a04                _fini
 .fini          0x0000000008007a08        0x8 /Users/dmitry/STM32/gcc-arm-none-eabi-9-2019-q4-major/bin/../lib/gcc/arm-none-eabi/9.2.1/thumb/v7e-m+fp/softfp/crtn.o
                0x0000000008007a10                . = ALIGN (0x4)
                0x0000000008007a10                _etext = .

.vfp11_veneer   0x0000000008007a10        0x0
 .vfp11_veneer  0x0000000008007a10        0x0 linker stubs

.v4_bx          0x0000000008007a10        0x0
 .v4_bx         0x0000000008007a10        0x0 linker stubs

.iplt           0x0000000008007a10        0x0
 .iplt          0x0000000008007a10        0x0 /Users/dmitry/STM32/gcc-arm-none-eabi-9-2019-q4-major/bin/../lib/gcc/arm-none-eabi/9.2.1/thumb/v7e-m+fp/softfp/crtfastmath.o

.rodata         0x0000000008007a10      0x2c8
                0x0000000008007a10                . = ALIGN (0x4)
 *(.rodata)
 *(.rodata*)
 .rodata.main.str1.4
                0x0000000008007a10       0x1f CMakeFiles/anal_mic_rel.dir/Src/main.c.obj
 *fill*         0x0000000008007a2f        0x1 
 .rodata.AHBPrescTable
                0x0000000008007a30       0x10 CMakeFiles/anal_mic_rel.dir/Users/dmitry/STM32Cube/Repository/STM32Cube_FW_F4_V1.25.0/Drivers/CMSIS/Device/ST/STM32F4xx/Source/Templates/system_stm32f4xx.c.obj
                0x0000000008007a30                AHBPrescTable
 .rodata.APBPrescTable
                0x0000000008007a40        0x8 CMakeFiles/anal_mic_rel.dir/Users/dmitry/STM32Cube/Repository/STM32Cube_FW_F4_V1.25.0/Drivers/CMSIS/Device/ST/STM32F4xx/Source/Templates/system_stm32f4xx.c.obj
                0x0000000008007a40                APBPrescTable
 .rodata._global_impure_ptr
                0x0000000008007a48        0x4 /Users/dmitry/STM32/gcc-arm-none-eabi-9-2019-q4-major/bin/../lib/gcc/arm-none-eabi/9.2.1/../../../../arm-none-eabi/lib/thumb/v7e-m+fp/softfp/libg.a(lib_a-impure.o)
                0x0000000008007a48                _global_impure_ptr
 .rodata._svfprintf_r.str1.4
                0x0000000008007a4c       0x42 /Users/dmitry/STM32/gcc-arm-none-eabi-9-2019-q4-major/bin/../lib/gcc/arm-none-eabi/9.2.1/../../../../arm-none-eabi/lib/thumb/v7e-m+fp/softfp/libg.a(lib_a-svfprintf.o)
 *fill*         0x0000000008007a8e        0x2 
 .rodata.blanks.8708
                0x0000000008007a90       0x10 /Users/dmitry/STM32/gcc-arm-none-eabi-9-2019-q4-major/bin/../lib/gcc/arm-none-eabi/9.2.1/../../../../arm-none-eabi/lib/thumb/v7e-m+fp/softfp/libg.a(lib_a-svfprintf.o)
 .rodata.zeroes.8709
                0x0000000008007aa0       0x10 /Users/dmitry/STM32/gcc-arm-none-eabi-9-2019-q4-major/bin/../lib/gcc/arm-none-eabi/9.2.1/../../../../arm-none-eabi/lib/thumb/v7e-m+fp/softfp/libg.a(lib_a-svfprintf.o)
 .rodata._dtoa_r.str1.4
                0x0000000008007ab0        0xd /Users/dmitry/STM32/gcc-arm-none-eabi-9-2019-q4-major/bin/../lib/gcc/arm-none-eabi/9.2.1/../../../../arm-none-eabi/lib/thumb/v7e-m+fp/softfp/libg.a(lib_a-dtoa.o)
                                         0x12 (size before relaxing)
 *fill*         0x0000000008007abd        0x3 
 .rodata.__mprec_bigtens
                0x0000000008007ac0       0x28 /Users/dmitry/STM32/gcc-arm-none-eabi-9-2019-q4-major/bin/../lib/gcc/arm-none-eabi/9.2.1/../../../../arm-none-eabi/lib/thumb/v7e-m+fp/softfp/libg.a(lib_a-mprec.o)
                0x0000000008007ac0                __mprec_bigtens
 .rodata.__mprec_tens
                0x0000000008007ae8       0xc8 /Users/dmitry/STM32/gcc-arm-none-eabi-9-2019-q4-major/bin/../lib/gcc/arm-none-eabi/9.2.1/../../../../arm-none-eabi/lib/thumb/v7e-m+fp/softfp/libg.a(lib_a-mprec.o)
                0x0000000008007ae8                __mprec_tens
 .rodata.p05.7478
                0x0000000008007bb0        0xc /Users/dmitry/STM32/gcc-arm-none-eabi-9-2019-q4-major/bin/../lib/gcc/arm-none-eabi/9.2.1/../../../../arm-none-eabi/lib/thumb/v7e-m+fp/softfp/libg.a(lib_a-mprec.o)
 .rodata._setlocale_r.str1.4
                0x0000000008007bbc        0xa /Users/dmitry/STM32/gcc-arm-none-eabi-9-2019-q4-major/bin/../lib/gcc/arm-none-eabi/9.2.1/../../../../arm-none-eabi/lib/thumb/v7e-m+fp/softfp/libg.a(lib_a-locale.o)
                                          0xd (size before relaxing)
 *fill*         0x0000000008007bc6        0x2 
 .rodata.str1.4
                0x0000000008007bc8        0x2 /Users/dmitry/STM32/gcc-arm-none-eabi-9-2019-q4-major/bin/../lib/gcc/arm-none-eabi/9.2.1/../../../../arm-none-eabi/lib/thumb/v7e-m+fp/softfp/libg.a(lib_a-locale.o)
 *fill*         0x0000000008007bca        0x2 
 .rodata._ctype_
                0x0000000008007bcc      0x101 /Users/dmitry/STM32/gcc-arm-none-eabi-9-2019-q4-major/bin/../lib/gcc/arm-none-eabi/9.2.1/../../../../arm-none-eabi/lib/thumb/v7e-m+fp/softfp/libg.a(lib_a-ctype_.o)
                0x0000000008007bcc                _ctype_
 *fill*         0x0000000008007ccd        0x3 
 .rodata.asin.str1.4
                0x0000000008007cd0        0x5 /Users/dmitry/STM32/gcc-arm-none-eabi-9-2019-q4-major/bin/../lib/gcc/arm-none-eabi/9.2.1/../../../../arm-none-eabi/lib/thumb/v7e-m+fp/softfp/libm.a(lib_a-w_asin.o)
                                          0x9 (size before relaxing)
                0x0000000008007cd8                . = ALIGN (0x4)
 *fill*         0x0000000008007cd5        0x3 

.ARM.extab
 *(.ARM.extab* .gnu.linkonce.armextab.*)

.ARM            0x0000000008007cd8        0x8
                0x0000000008007cd8                __exidx_start = .
 *(.ARM.exidx*)
 .ARM.exidx     0x0000000008007cd8        0x8 /Users/dmitry/STM32/gcc-arm-none-eabi-9-2019-q4-major/bin/../lib/gcc/arm-none-eabi/9.2.1/thumb/v7e-m+fp/softfp/libgcc.a(_udivmoddi4.o)
                0x0000000008007ce0                __exidx_end = .

.rel.dyn        0x0000000008007ce0        0x0
 .rel.iplt      0x0000000008007ce0        0x0 /Users/dmitry/STM32/gcc-arm-none-eabi-9-2019-q4-major/bin/../lib/gcc/arm-none-eabi/9.2.1/thumb/v7e-m+fp/softfp/crtfastmath.o

.preinit_array  0x0000000008007ce0        0x0
                0x0000000008007ce0                PROVIDE (__preinit_array_start = .)
 *(.preinit_array*)
                0x0000000008007ce0                PROVIDE (__preinit_array_end = .)

.init_array     0x0000000008007ce0        0xc
                0x0000000008007ce0                PROVIDE (__init_array_start = .)
 *(SORT_BY_NAME(.init_array.*))
 .init_array.00000
                0x0000000008007ce0        0x4 /Users/dmitry/STM32/gcc-arm-none-eabi-9-2019-q4-major/bin/../lib/gcc/arm-none-eabi/9.2.1/../../../../arm-none-eabi/lib/thumb/v7e-m+fp/softfp/libg.a(lib_a-__call_atexit.o)
 *(.init_array*)
 .init_array    0x0000000008007ce4        0x4 /Users/dmitry/STM32/gcc-arm-none-eabi-9-2019-q4-major/bin/../lib/gcc/arm-none-eabi/9.2.1/thumb/v7e-m+fp/softfp/crtfastmath.o
 .init_array    0x0000000008007ce8        0x4 /Users/dmitry/STM32/gcc-arm-none-eabi-9-2019-q4-major/bin/../lib/gcc/arm-none-eabi/9.2.1/thumb/v7e-m+fp/softfp/crtbegin.o
                0x0000000008007cec                PROVIDE (__init_array_end = .)

.fini_array     0x0000000008007cec        0x4
                0x0000000008007cec                PROVIDE (__fini_array_start = .)
 *(SORT_BY_NAME(.fini_array.*))
 *(.fini_array*)
 .fini_array    0x0000000008007cec        0x4 /Users/dmitry/STM32/gcc-arm-none-eabi-9-2019-q4-major/bin/../lib/gcc/arm-none-eabi/9.2.1/thumb/v7e-m+fp/softfp/crtbegin.o
                0x0000000008007cf0                PROVIDE (__fini_array_end = .)
                0x0000000008007cf0                _sidata = LOADADDR (.data)

.data           0x0000000020000000      0x9c4 load address 0x0000000008007cf0
                0x0000000020000000                . = ALIGN (0x4)
                0x0000000020000000                _sdata = .
 *(.data)
 *(.data*)
 .data.MAX_MODE
                0x0000000020000000        0x1 CMakeFiles/anal_mic_rel.dir/Src/main.c.obj
                0x0000000020000000                MAX_MODE
 *fill*         0x0000000020000001        0x3 
 .data.SystemCoreClock
                0x0000000020000004        0x4 CMakeFiles/anal_mic_rel.dir/Users/dmitry/STM32Cube/Repository/STM32Cube_FW_F4_V1.25.0/Drivers/CMSIS/Device/ST/STM32F4xx/Source/Templates/system_stm32f4xx.c.obj
                0x0000000020000004                SystemCoreClock
 .data.uwTickFreq
                0x0000000020000008        0x1 CMakeFiles/anal_mic_rel.dir/Users/dmitry/STM32Cube/Repository/STM32Cube_FW_F4_V1.25.0/Drivers/STM32F4xx_HAL_Driver/Src/stm32f4xx_hal.c.obj
                0x0000000020000008                uwTickFreq
 *fill*         0x0000000020000009        0x3 
 .data.uwTickPrio
                0x000000002000000c        0x4 CMakeFiles/anal_mic_rel.dir/Users/dmitry/STM32Cube/Repository/STM32Cube_FW_F4_V1.25.0/Drivers/STM32F4xx_HAL_Driver/Src/stm32f4xx_hal.c.obj
                0x000000002000000c                uwTickPrio
 .data._impure_ptr
                0x0000000020000010        0x4 /Users/dmitry/STM32/gcc-arm-none-eabi-9-2019-q4-major/bin/../lib/gcc/arm-none-eabi/9.2.1/../../../../arm-none-eabi/lib/thumb/v7e-m+fp/softfp/libg.a(lib_a-impure.o)
                0x0000000020000010                _impure_ptr
 *fill*         0x0000000020000014        0x4 
 .data.impure_data
                0x0000000020000018      0x428 /Users/dmitry/STM32/gcc-arm-none-eabi-9-2019-q4-major/bin/../lib/gcc/arm-none-eabi/9.2.1/../../../../arm-none-eabi/lib/thumb/v7e-m+fp/softfp/libg.a(lib_a-impure.o)
 .data.__atexit_recursive_mutex
                0x0000000020000440        0x4 /Users/dmitry/STM32/gcc-arm-none-eabi-9-2019-q4-major/bin/../lib/gcc/arm-none-eabi/9.2.1/../../../../arm-none-eabi/lib/thumb/v7e-m+fp/softfp/libg.a(lib_a-__call_atexit.o)
                0x0000000020000440                __atexit_recursive_mutex
 .data.__malloc_av_
                0x0000000020000444      0x408 /Users/dmitry/STM32/gcc-arm-none-eabi-9-2019-q4-major/bin/../lib/gcc/arm-none-eabi/9.2.1/../../../../arm-none-eabi/lib/thumb/v7e-m+fp/softfp/libg.a(lib_a-mallocr.o)
                0x0000000020000444                __malloc_av_
 .data.__malloc_sbrk_base
                0x000000002000084c        0x4 /Users/dmitry/STM32/gcc-arm-none-eabi-9-2019-q4-major/bin/../lib/gcc/arm-none-eabi/9.2.1/../../../../arm-none-eabi/lib/thumb/v7e-m+fp/softfp/libg.a(lib_a-mallocr.o)
                0x000000002000084c                __malloc_sbrk_base
 .data.__malloc_trim_threshold
                0x0000000020000850        0x4 /Users/dmitry/STM32/gcc-arm-none-eabi-9-2019-q4-major/bin/../lib/gcc/arm-none-eabi/9.2.1/../../../../arm-none-eabi/lib/thumb/v7e-m+fp/softfp/libg.a(lib_a-mallocr.o)
                0x0000000020000850                __malloc_trim_threshold
 .data.__global_locale
                0x0000000020000854      0x16c /Users/dmitry/STM32/gcc-arm-none-eabi-9-2019-q4-major/bin/../lib/gcc/arm-none-eabi/9.2.1/../../../../arm-none-eabi/lib/thumb/v7e-m+fp/softfp/libg.a(lib_a-locale.o)
                0x0000000020000854                __global_locale
 .data.__fdlib_version
                0x00000000200009c0        0x1 /Users/dmitry/STM32/gcc-arm-none-eabi-9-2019-q4-major/bin/../lib/gcc/arm-none-eabi/9.2.1/../../../../arm-none-eabi/lib/thumb/v7e-m+fp/softfp/libm.a(lib_a-s_lib_ver.o)
                0x00000000200009c0                __fdlib_version
                0x00000000200009c4                . = ALIGN (0x4)
 *fill*         0x00000000200009c1        0x3 
                0x00000000200009c4                _edata = .
                0x00000000080086b4                _siccmram = LOADADDR (.ccmram)

.igot.plt       0x00000000200009c4        0x0 load address 0x00000000080086b4
 .igot.plt      0x00000000200009c4        0x0 /Users/dmitry/STM32/gcc-arm-none-eabi-9-2019-q4-major/bin/../lib/gcc/arm-none-eabi/9.2.1/thumb/v7e-m+fp/softfp/crtfastmath.o

.ccmram         0x0000000010000000        0x0 load address 0x00000000080086b4
                0x0000000010000000                . = ALIGN (0x4)
                0x0000000010000000                _sccmram = .
 *(.ccmram)
 *(.ccmram*)
                0x0000000010000000                . = ALIGN (0x4)
                0x0000000010000000                _eccmram = .
                0x0000000010000000                . = ALIGN (0x4)

.bss            0x00000000200009c4      0x978
                0x00000000200009c4                _sbss = .
                0x00000000200009c4                __bss_start__ = _sbss
 *(.bss)
 .bss           0x00000000200009c4       0x1c /Users/dmitry/STM32/gcc-arm-none-eabi-9-2019-q4-major/bin/../lib/gcc/arm-none-eabi/9.2.1/thumb/v7e-m+fp/softfp/crtbegin.o
 *(.bss*)
 .bss.CURRENT_SAMPLE
                0x00000000200009e0        0x2 CMakeFiles/anal_mic_rel.dir/Src/main.c.obj
                0x00000000200009e0                CURRENT_SAMPLE
 *fill*         0x00000000200009e2        0x2 
 .bss.angle     0x00000000200009e4        0x4 CMakeFiles/anal_mic_rel.dir/Src/main.c.obj
                0x00000000200009e4                angle
 .bss.change_mode
                0x00000000200009e8        0x1 CMakeFiles/anal_mic_rel.dir/Src/main.c.obj
                0x00000000200009e8                change_mode
 .bss.mode      0x00000000200009e9        0x1 CMakeFiles/anal_mic_rel.dir/Src/main.c.obj
                0x00000000200009e9                mode
 .bss.shift     0x00000000200009ea        0x1 CMakeFiles/anal_mic_rel.dir/Src/main.c.obj
                0x00000000200009ea                shift
 *fill*         0x00000000200009eb        0x1 
 .bss.time      0x00000000200009ec        0x4 CMakeFiles/anal_mic_rel.dir/Src/main.c.obj
                0x00000000200009ec                time
 .bss.heap_end.6068
                0x00000000200009f0        0x4 CMakeFiles/anal_mic_rel.dir/Src/sysmem.c.obj
 .bss.__malloc_current_mallinfo
                0x00000000200009f4       0x28 /Users/dmitry/STM32/gcc-arm-none-eabi-9-2019-q4-major/bin/../lib/gcc/arm-none-eabi/9.2.1/../../../../arm-none-eabi/lib/thumb/v7e-m+fp/softfp/libg.a(lib_a-mallocr.o)
                0x00000000200009f4                __malloc_current_mallinfo
 .bss.__malloc_max_sbrked_mem
                0x0000000020000a1c        0x4 /Users/dmitry/STM32/gcc-arm-none-eabi-9-2019-q4-major/bin/../lib/gcc/arm-none-eabi/9.2.1/../../../../arm-none-eabi/lib/thumb/v7e-m+fp/softfp/libg.a(lib_a-mallocr.o)
                0x0000000020000a1c                __malloc_max_sbrked_mem
 .bss.__malloc_max_total_mem
                0x0000000020000a20        0x4 /Users/dmitry/STM32/gcc-arm-none-eabi-9-2019-q4-major/bin/../lib/gcc/arm-none-eabi/9.2.1/../../../../arm-none-eabi/lib/thumb/v7e-m+fp/softfp/libg.a(lib_a-mallocr.o)
                0x0000000020000a20                __malloc_max_total_mem
 .bss.__malloc_top_pad
                0x0000000020000a24        0x4 /Users/dmitry/STM32/gcc-arm-none-eabi-9-2019-q4-major/bin/../lib/gcc/arm-none-eabi/9.2.1/../../../../arm-none-eabi/lib/thumb/v7e-m+fp/softfp/libg.a(lib_a-mallocr.o)
                0x0000000020000a24                __malloc_top_pad
 *(COMMON)
 COMMON         0x0000000020000a28       0x48 CMakeFiles/anal_mic_rel.dir/Src/adc.c.obj
                0x0000000020000a28                hadc1
 COMMON         0x0000000020000a70      0x820 CMakeFiles/anal_mic_rel.dir/Src/main.c.obj
                0x0000000020000a70                MIC_STR
                0x0000000020000a90                MIC_SAMPLES
 COMMON         0x0000000020001290       0x40 CMakeFiles/anal_mic_rel.dir/Src/tim.c.obj
                0x0000000020001290                htim10
 COMMON         0x00000000200012d0       0x40 CMakeFiles/anal_mic_rel.dir/Src/usart.c.obj
                0x00000000200012d0                huart2
 COMMON         0x0000000020001310        0x4 CMakeFiles/anal_mic_rel.dir/Users/dmitry/STM32Cube/Repository/STM32Cube_FW_F4_V1.25.0/Drivers/STM32F4xx_HAL_Driver/Src/stm32f4xx_hal.c.obj
                0x0000000020001310                uwTick
 COMMON         0x0000000020001314       0x21 /Users/dmitry/STM32/gcc-arm-none-eabi-9-2019-q4-major/bin/../lib/gcc/arm-none-eabi/9.2.1/../../../../arm-none-eabi/lib/thumb/v7e-m+fp/softfp/libg.a(lib_a-lock.o)
                0x0000000020001314                __lock___atexit_recursive_mutex
                0x0000000020001318                __lock___arc4random_mutex
                0x000000002000131c                __lock___env_recursive_mutex
                0x0000000020001320                __lock___sinit_recursive_mutex
                0x0000000020001324                __lock___malloc_recursive_mutex
                0x0000000020001328                __lock___at_quick_exit_mutex
                0x000000002000132c                __lock___dd_hash_mutex
                0x0000000020001330                __lock___tz_mutex
                0x0000000020001334                __lock___sfp_recursive_mutex
 *fill*         0x0000000020001335        0x3 
 COMMON         0x0000000020001338        0x4 /Users/dmitry/STM32/gcc-arm-none-eabi-9-2019-q4-major/bin/../lib/gcc/arm-none-eabi/9.2.1/../../../../arm-none-eabi/lib/thumb/v7e-m+fp/softfp/libg.a(lib_a-reent.o)
                0x0000000020001338                errno
                0x000000002000133c                . = ALIGN (0x4)
                0x000000002000133c                _ebss = .
                0x000000002000133c                __bss_end__ = _ebss

._user_heap_stack
                0x000000002000133c      0x200
                0x000000002000133c                . = ALIGN (0x4)
                0x000000002000133c                PROVIDE (end = .)
                [!provide]                        PROVIDE (_end = .)
                0x000000002000133c                . = (. + _Min_Heap_Size)
                0x000000002000153c                . = (. + _Min_Stack_Size)
 *fill*         0x000000002000133c      0x200 
                0x000000002000153c                . = ALIGN (0x4)

/DISCARD/
 libc.a(*)
 libm.a(*)
 libgcc.a(*)

.ARM.attributes
                0x0000000000000000       0x30
 *(.ARM.attributes)
 .ARM.attributes
                0x0000000000000000       0x32 /Users/dmitry/STM32/gcc-arm-none-eabi-9-2019-q4-major/bin/../lib/gcc/arm-none-eabi/9.2.1/thumb/v7e-m+fp/softfp/crtfastmath.o
 .ARM.attributes
                0x0000000000000032       0x1e /Users/dmitry/STM32/gcc-arm-none-eabi-9-2019-q4-major/bin/../lib/gcc/arm-none-eabi/9.2.1/thumb/v7e-m+fp/softfp/crti.o
 .ARM.attributes
                0x0000000000000050       0x32 /Users/dmitry/STM32/gcc-arm-none-eabi-9-2019-q4-major/bin/../lib/gcc/arm-none-eabi/9.2.1/thumb/v7e-m+fp/softfp/crtbegin.o
 .ARM.attributes
                0x0000000000000082       0x2e CMakeFiles/anal_mic_rel.dir/Src/adc.c.obj
 .ARM.attributes
                0x00000000000000b0       0x2e CMakeFiles/anal_mic_rel.dir/Src/gpio.c.obj
 .ARM.attributes
                0x00000000000000de       0x2e CMakeFiles/anal_mic_rel.dir/Src/main.c.obj
 .ARM.attributes
                0x000000000000010c       0x2e CMakeFiles/anal_mic_rel.dir/Src/mic_direction.c.obj
 .ARM.attributes
                0x000000000000013a       0x2e CMakeFiles/anal_mic_rel.dir/Src/stm32f4xx_hal_msp.c.obj
 .ARM.attributes
                0x0000000000000168       0x2e CMakeFiles/anal_mic_rel.dir/Src/stm32f4xx_it.c.obj
 .ARM.attributes
                0x0000000000000196       0x2e CMakeFiles/anal_mic_rel.dir/Src/sysmem.c.obj
 .ARM.attributes
                0x00000000000001c4       0x2e CMakeFiles/anal_mic_rel.dir/Src/tim.c.obj
 .ARM.attributes
                0x00000000000001f2       0x2e CMakeFiles/anal_mic_rel.dir/Src/usart.c.obj
 .ARM.attributes
                0x0000000000000220       0x2e CMakeFiles/anal_mic_rel.dir/Users/dmitry/STM32Cube/Repository/STM32Cube_FW_F4_V1.25.0/Drivers/CMSIS/Device/ST/STM32F4xx/Source/Templates/system_stm32f4xx.c.obj
 .ARM.attributes
                0x000000000000024e       0x21 CMakeFiles/anal_mic_rel.dir/Users/dmitry/STM32Cube/Repository/STM32Cube_FW_F4_V1.25.0/Drivers/CMSIS/Device/ST/STM32F4xx/Source/Templates/gcc/startup_stm32f401xe.s.obj
 .ARM.attributes
                0x000000000000026f       0x2e CMakeFiles/anal_mic_rel.dir/Users/dmitry/STM32Cube/Repository/STM32Cube_FW_F4_V1.25.0/Drivers/STM32F4xx_HAL_Driver/Src/stm32f4xx_hal.c.obj
 .ARM.attributes
                0x000000000000029d       0x2e CMakeFiles/anal_mic_rel.dir/Users/dmitry/STM32Cube/Repository/STM32Cube_FW_F4_V1.25.0/Drivers/STM32F4xx_HAL_Driver/Src/stm32f4xx_hal_adc.c.obj
 .ARM.attributes
                0x00000000000002cb       0x2e CMakeFiles/anal_mic_rel.dir/Users/dmitry/STM32Cube/Repository/STM32Cube_FW_F4_V1.25.0/Drivers/STM32F4xx_HAL_Driver/Src/stm32f4xx_hal_adc_ex.c.obj
 .ARM.attributes
                0x00000000000002f9       0x2e CMakeFiles/anal_mic_rel.dir/Users/dmitry/STM32Cube/Repository/STM32Cube_FW_F4_V1.25.0/Drivers/STM32F4xx_HAL_Driver/Src/stm32f4xx_hal_cortex.c.obj
 .ARM.attributes
                0x0000000000000327       0x2e CMakeFiles/anal_mic_rel.dir/Users/dmitry/STM32Cube/Repository/STM32Cube_FW_F4_V1.25.0/Drivers/STM32F4xx_HAL_Driver/Src/stm32f4xx_hal_gpio.c.obj
 .ARM.attributes
                0x0000000000000355       0x2e CMakeFiles/anal_mic_rel.dir/Users/dmitry/STM32Cube/Repository/STM32Cube_FW_F4_V1.25.0/Drivers/STM32F4xx_HAL_Driver/Src/stm32f4xx_hal_rcc.c.obj
 .ARM.attributes
                0x0000000000000383       0x2e CMakeFiles/anal_mic_rel.dir/Users/dmitry/STM32Cube/Repository/STM32Cube_FW_F4_V1.25.0/Drivers/STM32F4xx_HAL_Driver/Src/stm32f4xx_hal_tim.c.obj
 .ARM.attributes
                0x00000000000003b1       0x2e CMakeFiles/anal_mic_rel.dir/Users/dmitry/STM32Cube/Repository/STM32Cube_FW_F4_V1.25.0/Drivers/STM32F4xx_HAL_Driver/Src/stm32f4xx_hal_tim_ex.c.obj
 .ARM.attributes
                0x00000000000003df       0x2e CMakeFiles/anal_mic_rel.dir/Users/dmitry/STM32Cube/Repository/STM32Cube_FW_F4_V1.25.0/Drivers/STM32F4xx_HAL_Driver/Src/stm32f4xx_hal_uart.c.obj
 .ARM.attributes
                0x000000000000040d       0x1e /Users/dmitry/STM32/gcc-arm-none-eabi-9-2019-q4-major/bin/../lib/gcc/arm-none-eabi/9.2.1/thumb/v7e-m+fp/softfp/libgcc.a(_arm_addsubdf3.o)
 .ARM.attributes
                0x000000000000042b       0x1e /Users/dmitry/STM32/gcc-arm-none-eabi-9-2019-q4-major/bin/../lib/gcc/arm-none-eabi/9.2.1/thumb/v7e-m+fp/softfp/libgcc.a(_arm_truncdfsf2.o)
 .ARM.attributes
                0x0000000000000449       0x1e /Users/dmitry/STM32/gcc-arm-none-eabi-9-2019-q4-major/bin/../lib/gcc/arm-none-eabi/9.2.1/thumb/v7e-m+fp/softfp/libgcc.a(_aeabi_uldivmod.o)
 .ARM.attributes
                0x0000000000000467       0x32 /Users/dmitry/STM32/gcc-arm-none-eabi-9-2019-q4-major/bin/../lib/gcc/arm-none-eabi/9.2.1/thumb/v7e-m+fp/softfp/libgcc.a(_udivmoddi4.o)
 .ARM.attributes
                0x0000000000000499       0x1e /Users/dmitry/STM32/gcc-arm-none-eabi-9-2019-q4-major/bin/../lib/gcc/arm-none-eabi/9.2.1/thumb/v7e-m+fp/softfp/libgcc.a(_dvmd_tls.o)
 .ARM.attributes
                0x00000000000004b7       0x32 /Users/dmitry/STM32/gcc-arm-none-eabi-9-2019-q4-major/bin/../lib/gcc/arm-none-eabi/9.2.1/../../../../arm-none-eabi/lib/thumb/v7e-m+fp/softfp/libg.a(lib_a-errno.o)
 .ARM.attributes
                0x00000000000004e9       0x30 /Users/dmitry/STM32/gcc-arm-none-eabi-9-2019-q4-major/bin/../lib/gcc/arm-none-eabi/9.2.1/../../../../arm-none-eabi/lib/thumb/v7e-m+fp/softfp/libg.a(lib_a-impure.o)
 .ARM.attributes
                0x0000000000000519       0x32 /Users/dmitry/STM32/gcc-arm-none-eabi-9-2019-q4-major/bin/../lib/gcc/arm-none-eabi/9.2.1/../../../../arm-none-eabi/lib/thumb/v7e-m+fp/softfp/libg.a(lib_a-init.o)
 .ARM.attributes
                0x000000000000054b       0x32 /Users/dmitry/STM32/gcc-arm-none-eabi-9-2019-q4-major/bin/../lib/gcc/arm-none-eabi/9.2.1/../../../../arm-none-eabi/lib/thumb/v7e-m+fp/softfp/libg.a(lib_a-memset.o)
 .ARM.attributes
                0x000000000000057d       0x32 /Users/dmitry/STM32/gcc-arm-none-eabi-9-2019-q4-major/bin/../lib/gcc/arm-none-eabi/9.2.1/../../../../arm-none-eabi/lib/thumb/v7e-m+fp/softfp/libg.a(lib_a-sprintf.o)
 .ARM.attributes
                0x00000000000005af       0x1c /Users/dmitry/STM32/gcc-arm-none-eabi-9-2019-q4-major/bin/../lib/gcc/arm-none-eabi/9.2.1/../../../../arm-none-eabi/lib/thumb/v7e-m+fp/softfp/libg.a(lib_a-strlen.o)
 .ARM.attributes
                0x00000000000005cb       0x32 /Users/dmitry/STM32/gcc-arm-none-eabi-9-2019-q4-major/bin/../lib/gcc/arm-none-eabi/9.2.1/../../../../arm-none-eabi/lib/thumb/v7e-m+fp/softfp/libg.a(lib_a-svfprintf.o)
 .ARM.attributes
                0x00000000000005fd       0x32 /Users/dmitry/STM32/gcc-arm-none-eabi-9-2019-q4-major/bin/../lib/gcc/arm-none-eabi/9.2.1/../../../../arm-none-eabi/lib/thumb/v7e-m+fp/softfp/libg.a(lib_a-__call_atexit.o)
 .ARM.attributes
                0x000000000000062f       0x32 /Users/dmitry/STM32/gcc-arm-none-eabi-9-2019-q4-major/bin/../lib/gcc/arm-none-eabi/9.2.1/../../../../arm-none-eabi/lib/thumb/v7e-m+fp/softfp/libg.a(lib_a-atexit.o)
 .ARM.attributes
                0x0000000000000661       0x32 /Users/dmitry/STM32/gcc-arm-none-eabi-9-2019-q4-major/bin/../lib/gcc/arm-none-eabi/9.2.1/../../../../arm-none-eabi/lib/thumb/v7e-m+fp/softfp/libg.a(lib_a-dtoa.o)
 .ARM.attributes
                0x0000000000000693       0x32 /Users/dmitry/STM32/gcc-arm-none-eabi-9-2019-q4-major/bin/../lib/gcc/arm-none-eabi/9.2.1/../../../../arm-none-eabi/lib/thumb/v7e-m+fp/softfp/libg.a(lib_a-fini.o)
 .ARM.attributes
                0x00000000000006c5       0x32 /Users/dmitry/STM32/gcc-arm-none-eabi-9-2019-q4-major/bin/../lib/gcc/arm-none-eabi/9.2.1/../../../../arm-none-eabi/lib/thumb/v7e-m+fp/softfp/libg.a(lib_a-freer.o)
 .ARM.attributes
                0x00000000000006f7       0x32 /Users/dmitry/STM32/gcc-arm-none-eabi-9-2019-q4-major/bin/../lib/gcc/arm-none-eabi/9.2.1/../../../../arm-none-eabi/lib/thumb/v7e-m+fp/softfp/libg.a(lib_a-localeconv.o)
 .ARM.attributes
                0x0000000000000729       0x32 /Users/dmitry/STM32/gcc-arm-none-eabi-9-2019-q4-major/bin/../lib/gcc/arm-none-eabi/9.2.1/../../../../arm-none-eabi/lib/thumb/v7e-m+fp/softfp/libg.a(lib_a-lock.o)
 .ARM.attributes
                0x000000000000075b       0x32 /Users/dmitry/STM32/gcc-arm-none-eabi-9-2019-q4-major/bin/../lib/gcc/arm-none-eabi/9.2.1/../../../../arm-none-eabi/lib/thumb/v7e-m+fp/softfp/libg.a(lib_a-mallocr.o)
 .ARM.attributes
                0x000000000000078d       0x1c /Users/dmitry/STM32/gcc-arm-none-eabi-9-2019-q4-major/bin/../lib/gcc/arm-none-eabi/9.2.1/../../../../arm-none-eabi/lib/thumb/v7e-m+fp/softfp/libg.a(lib_a-memchr.o)
 .ARM.attributes
                0x00000000000007a9       0x1c /Users/dmitry/STM32/gcc-arm-none-eabi-9-2019-q4-major/bin/../lib/gcc/arm-none-eabi/9.2.1/../../../../arm-none-eabi/lib/thumb/v7e-m+fp/softfp/libg.a(lib_a-memcpy.o)
 .ARM.attributes
                0x00000000000007c5       0x32 /Users/dmitry/STM32/gcc-arm-none-eabi-9-2019-q4-major/bin/../lib/gcc/arm-none-eabi/9.2.1/../../../../arm-none-eabi/lib/thumb/v7e-m+fp/softfp/libg.a(lib_a-mlock.o)
 .ARM.attributes
                0x00000000000007f7       0x32 /Users/dmitry/STM32/gcc-arm-none-eabi-9-2019-q4-major/bin/../lib/gcc/arm-none-eabi/9.2.1/../../../../arm-none-eabi/lib/thumb/v7e-m+fp/softfp/libg.a(lib_a-mprec.o)
 .ARM.attributes
                0x0000000000000829       0x32 /Users/dmitry/STM32/gcc-arm-none-eabi-9-2019-q4-major/bin/../lib/gcc/arm-none-eabi/9.2.1/../../../../arm-none-eabi/lib/thumb/v7e-m+fp/softfp/libg.a(lib_a-s_frexp.o)
 .ARM.attributes
                0x000000000000085b       0x32 /Users/dmitry/STM32/gcc-arm-none-eabi-9-2019-q4-major/bin/../lib/gcc/arm-none-eabi/9.2.1/../../../../arm-none-eabi/lib/thumb/v7e-m+fp/softfp/libg.a(lib_a-sbrkr.o)
 .ARM.attributes
                0x000000000000088d       0x32 /Users/dmitry/STM32/gcc-arm-none-eabi-9-2019-q4-major/bin/../lib/gcc/arm-none-eabi/9.2.1/../../../../arm-none-eabi/lib/thumb/v7e-m+fp/softfp/libg.a(lib_a-strncpy.o)
 .ARM.attributes
                0x00000000000008bf       0x32 /Users/dmitry/STM32/gcc-arm-none-eabi-9-2019-q4-major/bin/../lib/gcc/arm-none-eabi/9.2.1/../../../../arm-none-eabi/lib/thumb/v7e-m+fp/softfp/libg.a(lib_a-svfiprintf.o)
 .ARM.attributes
                0x00000000000008f1       0x32 /Users/dmitry/STM32/gcc-arm-none-eabi-9-2019-q4-major/bin/../lib/gcc/arm-none-eabi/9.2.1/../../../../arm-none-eabi/lib/thumb/v7e-m+fp/softfp/libg.a(lib_a-__atexit.o)
 .ARM.attributes
                0x0000000000000923       0x32 /Users/dmitry/STM32/gcc-arm-none-eabi-9-2019-q4-major/bin/../lib/gcc/arm-none-eabi/9.2.1/../../../../arm-none-eabi/lib/thumb/v7e-m+fp/softfp/libg.a(lib_a-callocr.o)
 .ARM.attributes
                0x0000000000000955       0x32 /Users/dmitry/STM32/gcc-arm-none-eabi-9-2019-q4-major/bin/../lib/gcc/arm-none-eabi/9.2.1/../../../../arm-none-eabi/lib/thumb/v7e-m+fp/softfp/libg.a(lib_a-locale.o)
 .ARM.attributes
                0x0000000000000987       0x32 /Users/dmitry/STM32/gcc-arm-none-eabi-9-2019-q4-major/bin/../lib/gcc/arm-none-eabi/9.2.1/../../../../arm-none-eabi/lib/thumb/v7e-m+fp/softfp/libg.a(lib_a-mbtowc_r.o)
 .ARM.attributes
                0x00000000000009b9       0x32 /Users/dmitry/STM32/gcc-arm-none-eabi-9-2019-q4-major/bin/../lib/gcc/arm-none-eabi/9.2.1/../../../../arm-none-eabi/lib/thumb/v7e-m+fp/softfp/libg.a(lib_a-memmove.o)
 .ARM.attributes
                0x00000000000009eb       0x32 /Users/dmitry/STM32/gcc-arm-none-eabi-9-2019-q4-major/bin/../lib/gcc/arm-none-eabi/9.2.1/../../../../arm-none-eabi/lib/thumb/v7e-m+fp/softfp/libg.a(lib_a-reallocr.o)
 .ARM.attributes
                0x0000000000000a1d       0x32 /Users/dmitry/STM32/gcc-arm-none-eabi-9-2019-q4-major/bin/../lib/gcc/arm-none-eabi/9.2.1/../../../../arm-none-eabi/lib/thumb/v7e-m+fp/softfp/libg.a(lib_a-reent.o)
 .ARM.attributes
                0x0000000000000a4f       0x32 /Users/dmitry/STM32/gcc-arm-none-eabi-9-2019-q4-major/bin/../lib/gcc/arm-none-eabi/9.2.1/../../../../arm-none-eabi/lib/thumb/v7e-m+fp/softfp/libg.a(lib_a-wctomb_r.o)
 .ARM.attributes
                0x0000000000000a81       0x30 /Users/dmitry/STM32/gcc-arm-none-eabi-9-2019-q4-major/bin/../lib/gcc/arm-none-eabi/9.2.1/../../../../arm-none-eabi/lib/thumb/v7e-m+fp/softfp/libg.a(lib_a-ctype_.o)
 .ARM.attributes
                0x0000000000000ab1       0x1e /Users/dmitry/STM32/gcc-arm-none-eabi-9-2019-q4-major/bin/../lib/gcc/arm-none-eabi/9.2.1/thumb/v7e-m+fp/softfp/libgcc.a(_arm_muldivdf3.o)
 .ARM.attributes
                0x0000000000000acf       0x1e /Users/dmitry/STM32/gcc-arm-none-eabi-9-2019-q4-major/bin/../lib/gcc/arm-none-eabi/9.2.1/thumb/v7e-m+fp/softfp/libgcc.a(_arm_cmpdf2.o)
 .ARM.attributes
                0x0000000000000aed       0x1e /Users/dmitry/STM32/gcc-arm-none-eabi-9-2019-q4-major/bin/../lib/gcc/arm-none-eabi/9.2.1/thumb/v7e-m+fp/softfp/libgcc.a(_arm_unorddf2.o)
 .ARM.attributes
                0x0000000000000b0b       0x1e /Users/dmitry/STM32/gcc-arm-none-eabi-9-2019-q4-major/bin/../lib/gcc/arm-none-eabi/9.2.1/thumb/v7e-m+fp/softfp/libgcc.a(_arm_fixdfsi.o)
 .ARM.attributes
                0x0000000000000b29       0x1e /Users/dmitry/STM32/gcc-arm-none-eabi-9-2019-q4-major/bin/../lib/gcc/arm-none-eabi/9.2.1/thumb/v7e-m+fp/softfp/crtn.o
OUTPUT(anal_mic_rel elf32-littlearm)

.debug_frame    0x0000000000000000     0x2d7c
 .debug_frame   0x0000000000000000       0x20 /Users/dmitry/STM32/gcc-arm-none-eabi-9-2019-q4-major/bin/../lib/gcc/arm-none-eabi/9.2.1/thumb/v7e-m+fp/softfp/crtfastmath.o
 .debug_frame   0x0000000000000020       0x6c CMakeFiles/anal_mic_rel.dir/Src/adc.c.obj
 .debug_frame   0x000000000000008c       0x30 CMakeFiles/anal_mic_rel.dir/Src/gpio.c.obj
 .debug_frame   0x00000000000000bc       0x8c CMakeFiles/anal_mic_rel.dir/Src/main.c.obj
 .debug_frame   0x0000000000000148       0x58 CMakeFiles/anal_mic_rel.dir/Src/mic_direction.c.obj
 .debug_frame   0x00000000000001a0       0x28 CMakeFiles/anal_mic_rel.dir/Src/stm32f4xx_hal_msp.c.obj
 .debug_frame   0x00000000000001c8       0xe0 CMakeFiles/anal_mic_rel.dir/Src/stm32f4xx_it.c.obj
 .debug_frame   0x00000000000002a8       0x28 CMakeFiles/anal_mic_rel.dir/Src/sysmem.c.obj
 .debug_frame   0x00000000000002d0       0x5c CMakeFiles/anal_mic_rel.dir/Src/tim.c.obj
 .debug_frame   0x000000000000032c       0x60 CMakeFiles/anal_mic_rel.dir/Src/usart.c.obj
 .debug_frame   0x000000000000038c       0x30 CMakeFiles/anal_mic_rel.dir/Users/dmitry/STM32Cube/Repository/STM32Cube_FW_F4_V1.25.0/Drivers/CMSIS/Device/ST/STM32F4xx/Source/Templates/system_stm32f4xx.c.obj
 .debug_frame   0x00000000000003bc      0x1ec CMakeFiles/anal_mic_rel.dir/Users/dmitry/STM32Cube/Repository/STM32Cube_FW_F4_V1.25.0/Drivers/STM32F4xx_HAL_Driver/Src/stm32f4xx_hal.c.obj
 .debug_frame   0x00000000000005a8      0x268 CMakeFiles/anal_mic_rel.dir/Users/dmitry/STM32Cube/Repository/STM32Cube_FW_F4_V1.25.0/Drivers/STM32F4xx_HAL_Driver/Src/stm32f4xx_hal_adc.c.obj
 .debug_frame   0x0000000000000810      0x18c CMakeFiles/anal_mic_rel.dir/Users/dmitry/STM32Cube/Repository/STM32Cube_FW_F4_V1.25.0/Drivers/STM32F4xx_HAL_Driver/Src/stm32f4xx_hal_adc_ex.c.obj
 .debug_frame   0x000000000000099c      0x15c CMakeFiles/anal_mic_rel.dir/Users/dmitry/STM32Cube/Repository/STM32Cube_FW_F4_V1.25.0/Drivers/STM32F4xx_HAL_Driver/Src/stm32f4xx_hal_cortex.c.obj
 .debug_frame   0x0000000000000af8       0xd8 CMakeFiles/anal_mic_rel.dir/Users/dmitry/STM32Cube/Repository/STM32Cube_FW_F4_V1.25.0/Drivers/STM32F4xx_HAL_Driver/Src/stm32f4xx_hal_gpio.c.obj
 .debug_frame   0x0000000000000bd0      0x174 CMakeFiles/anal_mic_rel.dir/Users/dmitry/STM32Cube/Repository/STM32Cube_FW_F4_V1.25.0/Drivers/STM32F4xx_HAL_Driver/Src/stm32f4xx_hal_rcc.c.obj
 .debug_frame   0x0000000000000d44      0xa90 CMakeFiles/anal_mic_rel.dir/Users/dmitry/STM32Cube/Repository/STM32Cube_FW_F4_V1.25.0/Drivers/STM32F4xx_HAL_Driver/Src/stm32f4xx_hal_tim.c.obj
 .debug_frame   0x00000000000017d4      0x3b4 CMakeFiles/anal_mic_rel.dir/Users/dmitry/STM32Cube/Repository/STM32Cube_FW_F4_V1.25.0/Drivers/STM32F4xx_HAL_Driver/Src/stm32f4xx_hal_tim_ex.c.obj
 .debug_frame   0x0000000000001b88      0x4ec CMakeFiles/anal_mic_rel.dir/Users/dmitry/STM32Cube/Repository/STM32Cube_FW_F4_V1.25.0/Drivers/STM32F4xx_HAL_Driver/Src/stm32f4xx_hal_uart.c.obj
 .debug_frame   0x0000000000002074       0xac /Users/dmitry/STM32/gcc-arm-none-eabi-9-2019-q4-major/bin/../lib/gcc/arm-none-eabi/9.2.1/thumb/v7e-m+fp/softfp/libgcc.a(_arm_addsubdf3.o)
 .debug_frame   0x0000000000002120       0x24 /Users/dmitry/STM32/gcc-arm-none-eabi-9-2019-q4-major/bin/../lib/gcc/arm-none-eabi/9.2.1/thumb/v7e-m+fp/softfp/libgcc.a(_arm_truncdfsf2.o)
 .debug_frame   0x0000000000002144       0x2c /Users/dmitry/STM32/gcc-arm-none-eabi-9-2019-q4-major/bin/../lib/gcc/arm-none-eabi/9.2.1/thumb/v7e-m+fp/softfp/libgcc.a(_aeabi_uldivmod.o)
 .debug_frame   0x0000000000002170       0x34 /Users/dmitry/STM32/gcc-arm-none-eabi-9-2019-q4-major/bin/../lib/gcc/arm-none-eabi/9.2.1/thumb/v7e-m+fp/softfp/libgcc.a(_udivmoddi4.o)
 .debug_frame   0x00000000000021a4       0x20 /Users/dmitry/STM32/gcc-arm-none-eabi-9-2019-q4-major/bin/../lib/gcc/arm-none-eabi/9.2.1/../../../../arm-none-eabi/lib/thumb/v7e-m+fp/softfp/libg.a(lib_a-errno.o)
 .debug_frame   0x00000000000021c4       0x2c /Users/dmitry/STM32/gcc-arm-none-eabi-9-2019-q4-major/bin/../lib/gcc/arm-none-eabi/9.2.1/../../../../arm-none-eabi/lib/thumb/v7e-m+fp/softfp/libg.a(lib_a-init.o)
 .debug_frame   0x00000000000021f0       0x38 /Users/dmitry/STM32/gcc-arm-none-eabi-9-2019-q4-major/bin/../lib/gcc/arm-none-eabi/9.2.1/../../../../arm-none-eabi/lib/thumb/v7e-m+fp/softfp/libg.a(lib_a-memset.o)
 .debug_frame   0x0000000000002228       0x7c /Users/dmitry/STM32/gcc-arm-none-eabi-9-2019-q4-major/bin/../lib/gcc/arm-none-eabi/9.2.1/../../../../arm-none-eabi/lib/thumb/v7e-m+fp/softfp/libg.a(lib_a-sprintf.o)
 .debug_frame   0x00000000000022a4       0x68 /Users/dmitry/STM32/gcc-arm-none-eabi-9-2019-q4-major/bin/../lib/gcc/arm-none-eabi/9.2.1/../../../../arm-none-eabi/lib/thumb/v7e-m+fp/softfp/libg.a(lib_a-svfprintf.o)
 .debug_frame   0x000000000000230c       0x68 /Users/dmitry/STM32/gcc-arm-none-eabi-9-2019-q4-major/bin/../lib/gcc/arm-none-eabi/9.2.1/../../../../arm-none-eabi/lib/thumb/v7e-m+fp/softfp/libg.a(lib_a-__call_atexit.o)
 .debug_frame   0x0000000000002374       0x20 /Users/dmitry/STM32/gcc-arm-none-eabi-9-2019-q4-major/bin/../lib/gcc/arm-none-eabi/9.2.1/../../../../arm-none-eabi/lib/thumb/v7e-m+fp/softfp/libg.a(lib_a-atexit.o)
 .debug_frame   0x0000000000002394       0xc4 /Users/dmitry/STM32/gcc-arm-none-eabi-9-2019-q4-major/bin/../lib/gcc/arm-none-eabi/9.2.1/../../../../arm-none-eabi/lib/thumb/v7e-m+fp/softfp/libg.a(lib_a-dtoa.o)
 .debug_frame   0x0000000000002458       0x34 /Users/dmitry/STM32/gcc-arm-none-eabi-9-2019-q4-major/bin/../lib/gcc/arm-none-eabi/9.2.1/../../../../arm-none-eabi/lib/thumb/v7e-m+fp/softfp/libg.a(lib_a-fini.o)
 .debug_frame   0x000000000000248c       0x8c /Users/dmitry/STM32/gcc-arm-none-eabi-9-2019-q4-major/bin/../lib/gcc/arm-none-eabi/9.2.1/../../../../arm-none-eabi/lib/thumb/v7e-m+fp/softfp/libg.a(lib_a-freer.o)
 .debug_frame   0x0000000000002518       0x40 /Users/dmitry/STM32/gcc-arm-none-eabi-9-2019-q4-major/bin/../lib/gcc/arm-none-eabi/9.2.1/../../../../arm-none-eabi/lib/thumb/v7e-m+fp/softfp/libg.a(lib_a-localeconv.o)
 .debug_frame   0x0000000000002558       0xb0 /Users/dmitry/STM32/gcc-arm-none-eabi-9-2019-q4-major/bin/../lib/gcc/arm-none-eabi/9.2.1/../../../../arm-none-eabi/lib/thumb/v7e-m+fp/softfp/libg.a(lib_a-lock.o)
 .debug_frame   0x0000000000002608       0x4c /Users/dmitry/STM32/gcc-arm-none-eabi-9-2019-q4-major/bin/../lib/gcc/arm-none-eabi/9.2.1/../../../../arm-none-eabi/lib/thumb/v7e-m+fp/softfp/libg.a(lib_a-mallocr.o)
 .debug_frame   0x0000000000002654       0x30 /Users/dmitry/STM32/gcc-arm-none-eabi-9-2019-q4-major/bin/../lib/gcc/arm-none-eabi/9.2.1/../../../../arm-none-eabi/lib/thumb/v7e-m+fp/softfp/libg.a(lib_a-mlock.o)
 .debug_frame   0x0000000000002684      0x264 /Users/dmitry/STM32/gcc-arm-none-eabi-9-2019-q4-major/bin/../lib/gcc/arm-none-eabi/9.2.1/../../../../arm-none-eabi/lib/thumb/v7e-m+fp/softfp/libg.a(lib_a-mprec.o)
 .debug_frame   0x00000000000028e8       0x30 /Users/dmitry/STM32/gcc-arm-none-eabi-9-2019-q4-major/bin/../lib/gcc/arm-none-eabi/9.2.1/../../../../arm-none-eabi/lib/thumb/v7e-m+fp/softfp/libg.a(lib_a-s_frexp.o)
 .debug_frame   0x0000000000002918       0x2c /Users/dmitry/STM32/gcc-arm-none-eabi-9-2019-q4-major/bin/../lib/gcc/arm-none-eabi/9.2.1/../../../../arm-none-eabi/lib/thumb/v7e-m+fp/softfp/libg.a(lib_a-sbrkr.o)
 .debug_frame   0x0000000000002944       0x38 /Users/dmitry/STM32/gcc-arm-none-eabi-9-2019-q4-major/bin/../lib/gcc/arm-none-eabi/9.2.1/../../../../arm-none-eabi/lib/thumb/v7e-m+fp/softfp/libg.a(lib_a-strncpy.o)
 .debug_frame   0x000000000000297c       0x88 /Users/dmitry/STM32/gcc-arm-none-eabi-9-2019-q4-major/bin/../lib/gcc/arm-none-eabi/9.2.1/../../../../arm-none-eabi/lib/thumb/v7e-m+fp/softfp/libg.a(lib_a-svfiprintf.o)
 .debug_frame   0x0000000000002a04       0x34 /Users/dmitry/STM32/gcc-arm-none-eabi-9-2019-q4-major/bin/../lib/gcc/arm-none-eabi/9.2.1/../../../../arm-none-eabi/lib/thumb/v7e-m+fp/softfp/libg.a(lib_a-__atexit.o)
 .debug_frame   0x0000000000002a38       0x28 /Users/dmitry/STM32/gcc-arm-none-eabi-9-2019-q4-major/bin/../lib/gcc/arm-none-eabi/9.2.1/../../../../arm-none-eabi/lib/thumb/v7e-m+fp/softfp/libg.a(lib_a-callocr.o)
 .debug_frame   0x0000000000002a60       0x54 /Users/dmitry/STM32/gcc-arm-none-eabi-9-2019-q4-major/bin/../lib/gcc/arm-none-eabi/9.2.1/../../../../arm-none-eabi/lib/thumb/v7e-m+fp/softfp/libg.a(lib_a-locale.o)
 .debug_frame   0x0000000000002ab4       0x4c /Users/dmitry/STM32/gcc-arm-none-eabi-9-2019-q4-major/bin/../lib/gcc/arm-none-eabi/9.2.1/../../../../arm-none-eabi/lib/thumb/v7e-m+fp/softfp/libg.a(lib_a-mbtowc_r.o)
 .debug_frame   0x0000000000002b00       0x40 /Users/dmitry/STM32/gcc-arm-none-eabi-9-2019-q4-major/bin/../lib/gcc/arm-none-eabi/9.2.1/../../../../arm-none-eabi/lib/thumb/v7e-m+fp/softfp/libg.a(lib_a-memmove.o)
 .debug_frame   0x0000000000002b40       0x48 /Users/dmitry/STM32/gcc-arm-none-eabi-9-2019-q4-major/bin/../lib/gcc/arm-none-eabi/9.2.1/../../../../arm-none-eabi/lib/thumb/v7e-m+fp/softfp/libg.a(lib_a-reallocr.o)
 .debug_frame   0x0000000000002b88       0x60 /Users/dmitry/STM32/gcc-arm-none-eabi-9-2019-q4-major/bin/../lib/gcc/arm-none-eabi/9.2.1/../../../../arm-none-eabi/lib/thumb/v7e-m+fp/softfp/libg.a(lib_a-reent.o)
 .debug_frame   0x0000000000002be8       0x3c /Users/dmitry/STM32/gcc-arm-none-eabi-9-2019-q4-major/bin/../lib/gcc/arm-none-eabi/9.2.1/../../../../arm-none-eabi/lib/thumb/v7e-m+fp/softfp/libg.a(lib_a-wctomb_r.o)
 .debug_frame   0x0000000000002c24       0x50 /Users/dmitry/STM32/gcc-arm-none-eabi-9-2019-q4-major/bin/../lib/gcc/arm-none-eabi/9.2.1/thumb/v7e-m+fp/softfp/libgcc.a(_arm_muldivdf3.o)
 .debug_frame   0x0000000000002c74       0xc4 /Users/dmitry/STM32/gcc-arm-none-eabi-9-2019-q4-major/bin/../lib/gcc/arm-none-eabi/9.2.1/thumb/v7e-m+fp/softfp/libgcc.a(_arm_cmpdf2.o)
 .debug_frame   0x0000000000002d38       0x20 /Users/dmitry/STM32/gcc-arm-none-eabi-9-2019-q4-major/bin/../lib/gcc/arm-none-eabi/9.2.1/thumb/v7e-m+fp/softfp/libgcc.a(_arm_unorddf2.o)
 .debug_frame   0x0000000000002d58       0x24 /Users/dmitry/STM32/gcc-arm-none-eabi-9-2019-q4-major/bin/../lib/gcc/arm-none-eabi/9.2.1/thumb/v7e-m+fp/softfp/libgcc.a(_arm_fixdfsi.o)

.debug_info     0x0000000000000000    0x11ae9
 .debug_info    0x0000000000000000      0xc94 CMakeFiles/anal_mic_rel.dir/Src/adc.c.obj
 .debug_info    0x0000000000000c94      0x74f CMakeFiles/anal_mic_rel.dir/Src/gpio.c.obj
 .debug_info    0x00000000000013e3     0x1e19 CMakeFiles/anal_mic_rel.dir/Src/main.c.obj
 .debug_info    0x00000000000031fc      0x1b7 CMakeFiles/anal_mic_rel.dir/Src/mic_direction.c.obj
 .debug_info    0x00000000000033b3      0x3bc CMakeFiles/anal_mic_rel.dir/Src/stm32f4xx_hal_msp.c.obj
 .debug_info    0x000000000000376f      0xae3 CMakeFiles/anal_mic_rel.dir/Src/stm32f4xx_it.c.obj
 .debug_info    0x0000000000004252      0x9d4 CMakeFiles/anal_mic_rel.dir/Src/sysmem.c.obj
 .debug_info    0x0000000000004c26      0xb80 CMakeFiles/anal_mic_rel.dir/Src/tim.c.obj
 .debug_info    0x00000000000057a6      0xa9b CMakeFiles/anal_mic_rel.dir/Src/usart.c.obj
 .debug_info    0x0000000000006241      0x587 CMakeFiles/anal_mic_rel.dir/Users/dmitry/STM32Cube/Repository/STM32Cube_FW_F4_V1.25.0/Drivers/CMSIS/Device/ST/STM32F4xx/Source/Templates/system_stm32f4xx.c.obj